-- The C compiler identification is GNU 11.4.0
-- The CXX compiler identification is GNU 11.4.0
-- Detecting C compiler ABI info
-- Detecting C compiler ABI info - done
-- Check for working C compiler: /usr/bin/cc - skipped
-- Detecting C compile features
-- Detecting C compile features - done
-- Detecting CXX compiler ABI info
-- Detecting CXX compiler ABI info - done
-- Check for working CXX compiler: /usr/bin/c++ - skipped
-- Detecting CXX compile features
-- Detecting CXX compile features - done
-- Found ament_cmake_auto: 1.3.13 (/opt/ros/humble/share/ament_cmake_auto/cmake)
-- Found Python3: /usr/bin/python3 (found version "3.10.12") found components: Interpreter 
-- Override CMake install command with custom implementation using symlinks instead of copying resources
-- Found rosidl_generator_c: 3.1.8 (/opt/ros/humble/share/rosidl_generator_c/cmake)
-- Found rosidl_adapter: 3.1.8 (/opt/ros/humble/share/rosidl_adapter/cmake)
-- Found rosidl_generator_cpp: 3.1.8 (/opt/ros/humble/share/rosidl_generator_cpp/cmake)
-- Using all available rosidl_typesupport_c: rosidl_typesupport_fastrtps_c;rosidl_typesupport_introspection_c
-- Using all available rosidl_typesupport_cpp: rosidl_typesupport_fastrtps_cpp;rosidl_typesupport_introspection_cpp
-- Found rmw_implementation_cmake: 6.1.2 (/opt/ros/humble/share/rmw_implementation_cmake/cmake)
-- Found rmw_fastrtps_cpp: 6.2.10 (/opt/ros/humble/share/rmw_fastrtps_cpp/cmake)
-- Found OpenSSL: /usr/lib/x86_64-linux-gnu/libcrypto.so (found version "3.0.2")  
-- Found FastRTPS: /opt/ros/humble/include  
-- Using RMW implementation 'rmw_fastrtps_cpp' as default
-- Looking for pthread.h
-- Looking for pthread.h - found
-- Performing Test CMAKE_HAVE_LIBC_PTHREAD
-- Performing Test CMAKE_HAVE_LIBC_PTHREAD - Success
-- Found Threads: TRUE  
-- Found parameter_traits: 0.6.0 (/opt/ros/humble/share/parameter_traits/cmake)
-- Found ament_lint_auto: 0.12.15 (/opt/ros/humble/share/ament_lint_auto/cmake)
[0mIn this package, headers install destination is set to `include` by ament_auto_package. It is recommended to install `include/rl_controller` instead and will be the default behavior of ament_auto_package from ROS 2 Kilted Kaiju. On distributions before Kilted, ament_auto_package behaves the same way when you use USE_SCOPED_HEADER_INSTALL_DIR option.[0m
-- Added test 'clang_format' to check C / C++ code style
-- Added test 'copyright' to check source files copyright and LICENSE
-- Added test 'cppcheck' to perform static code analysis on C / C++ code
-- Configured cppcheck include dirs: /home/aiseon/navigation2_all/leg4_MPPI/src/ddt_ros2_control/controller/rl_controller/include
-- Configured cppcheck exclude dirs and/or files: 
-- Added test 'cpplint' to check C / C++ code against the Google style
-- Configured cpplint exclude dirs and/or files: 
-- Added test 'lint_cmake' to check CMake code style
-- Added test 'xmllint' to check XML markup files
-- Configuring done
-- Generating done
-- Build files have been written to: /home/aiseon/navigation2_all/leg4_MPPI/build/rl_controller
[  7%] [34m[1mRunning `/opt/ros/humble/bin/generate_parameter_library_cpp /home/aiseon/navigation2_all/leg4_MPPI/build/rl_controller/include/rl_controller/rl_controller_parameters.hpp /home/aiseon/navigation2_all/leg4_MPPI/src/ddt_ros2_control/controller/rl_controller/src/rl_controller_parameters.yaml `[0m
[ 15%] [34m[1mCreating deprecated header file /home/aiseon/navigation2_all/leg4_MPPI/build/rl_controller/include/rl_controller_parameters.hpp[0m
[ 15%] Built target rl_controller_parameters
[ 23%] [32mBuilding CXX object CMakeFiles/rl_controller.dir/src/fsm/FSM.cpp.o[0m
[ 30%] [32mBuilding CXX object CMakeFiles/rl_controller.dir/src/fsm/FSMState.cpp.o[0m
[ 38%] [32mBuilding CXX object CMakeFiles/rl_controller.dir/src/fsm/FSMState_JointPD.cpp.o[0m
[ 46%] [32mBuilding CXX object CMakeFiles/rl_controller.dir/src/inferrer/onnx_inferrer.cpp.o[0m
[ 53%] [32mBuilding CXX object CMakeFiles/rl_controller.dir/src/fsm/FSMState_Passive.cpp.o[0m
[ 61%] [32mBuilding CXX object CMakeFiles/rl_controller.dir/src/fsm/FSMState_TransformUp.cpp.o[0m
[ 69%] [32mBuilding CXX object CMakeFiles/rl_controller.dir/src/fsm/FSMState_TransformDown.cpp.o[0m
[ 84%] [32mBuilding CXX object CMakeFiles/rl_controller.dir/src/fsm/FSMState_RLPPO.cpp.o[0m
[ 84%] [32mBuilding CXX object CMakeFiles/rl_controller.dir/src/fsm/FSMState_RL.cpp.o[0m
[ 92%] [32mBuilding CXX object CMakeFiles/rl_controller.dir/src/rl_controller_node.cpp.o[0m
In file included from [01m[K/home/aiseon/navigation2_all/leg4_MPPI/src/ddt_ros2_control/controller/rl_controller/include/rl_controller/rl_controller_node.hpp:32[m[K,
                 from [01m[K/home/aiseon/navigation2_all/leg4_MPPI/src/ddt_ros2_control/controller/rl_controller/src/rl_controller_node.cpp:15[m[K:
[01m[K/home/aiseon/navigation2_all/leg4_MPPI/build/rl_controller/include/rl_controller_parameters.hpp:1:142:[m[K [01;36m[Knote: [m[K‘[01m[K#pragma message: #include "rl_controller_parameters.hpp" is deprecated. Use #include <rl_controller/rl_controller_parameters.hpp> instead.[m[K’
    1 | #pragma message("#include \"rl_controller_parameters.hpp\" is deprecated. Use #include <rl_controller/rl_controller_parameters.hpp> instead."[01;36m[K)[m[K
      |                                                                                                                                              [01;36m[K^[m[K
[100%] [32m[1mLinking CXX shared library librl_controller.so[0m
[100%] Built target rl_controller
-- Install configuration: "Release"
-- Execute custom install script
-- Symlinking: /home/aiseon/navigation2_all/leg4_MPPI/install/rl_controller/include/rl_controller/rl_controller_parameters.hpp
-- Symlinking: /home/aiseon/navigation2_all/leg4_MPPI/install/rl_controller/share/rl_controller//rl_controller_plugin.xml
-- Symlinking: /home/aiseon/navigation2_all/leg4_MPPI/install/rl_controller/share/rl_controller/config/d1/controllers.yaml
-- Symlinking: /home/aiseon/navigation2_all/leg4_MPPI/install/rl_controller/share/rl_controller/config/d1/flat.onnx
-- Symlinking: /home/aiseon/navigation2_all/leg4_MPPI/install/rl_controller/share/rl_controller/config/d1h/controllers.yaml
-- Symlinking: /home/aiseon/navigation2_all/leg4_MPPI/install/rl_controller/share/rl_controller/config/d1h/flat.onnx
-- Symlinking: /home/aiseon/navigation2_all/leg4_MPPI/install/rl_controller/share/rl_controller/config/d1h/squatdown.onnx
-- Symlinking: /home/aiseon/navigation2_all/leg4_MPPI/install/rl_controller/share/rl_controller/config/tita/controllers.yaml
-- Symlinking: /home/aiseon/navigation2_all/leg4_MPPI/install/rl_controller/share/rl_controller/config/tita/flat.onnx
-- Symlinking: /home/aiseon/navigation2_all/leg4_MPPI/install/rl_controller/share/rl_controller/config/titatit/controllers.yaml
-- Symlinking: /home/aiseon/navigation2_all/leg4_MPPI/install/rl_controller/share/rl_controller/config/titatit/test_cylinder_1027_open_source.onnx
-- Symlinking: /home/aiseon/navigation2_all/leg4_MPPI/install/rl_controller/share/rl_controller/launch/hw.launch.py
-- Symlinking: /home/aiseon/navigation2_all/leg4_MPPI/install/rl_controller/share/rl_controller/launch/sim_gazebo.launch.py
-- Symlinking: /home/aiseon/navigation2_all/leg4_MPPI/install/rl_controller/share/rl_controller/launch/sim_mujoco.launch.py
-- Symlinking: /home/aiseon/navigation2_all/leg4_MPPI/install/rl_controller/share/rl_controller/launch/sim_webots.launch.py
-- Symlinking: /home/aiseon/navigation2_all/leg4_MPPI/install/rl_controller/include/rl_controller/common/Math/MathUtilities.h
-- Symlinking: /home/aiseon/navigation2_all/leg4_MPPI/install/rl_controller/include/rl_controller/common/Math/orientation_tools.h
-- Symlinking: /home/aiseon/navigation2_all/leg4_MPPI/install/rl_controller/include/rl_controller/common/RobotParameters.h
-- Symlinking: /home/aiseon/navigation2_all/leg4_MPPI/install/rl_controller/include/rl_controller/common/cppTypes.h
-- Symlinking: /home/aiseon/navigation2_all/leg4_MPPI/install/rl_controller/include/rl_controller/common/enumClass.h
-- Symlinking: /home/aiseon/navigation2_all/leg4_MPPI/install/rl_controller/include/rl_controller/common/timeMarker.h
-- Symlinking: /home/aiseon/navigation2_all/leg4_MPPI/install/rl_controller/include/rl_controller/fsm/ControlFSMData.h
-- Symlinking: /home/aiseon/navigation2_all/leg4_MPPI/install/rl_controller/include/rl_controller/fsm/FSM.h
-- Symlinking: /home/aiseon/navigation2_all/leg4_MPPI/install/rl_controller/include/rl_controller/fsm/FSMState.h
-- Symlinking: /home/aiseon/navigation2_all/leg4_MPPI/install/rl_controller/include/rl_controller/fsm/FSMState_JointPD.h
-- Symlinking: /home/aiseon/navigation2_all/leg4_MPPI/install/rl_controller/include/rl_controller/fsm/FSMState_Passive.h
-- Symlinking: /home/aiseon/navigation2_all/leg4_MPPI/install/rl_controller/include/rl_controller/fsm/FSMState_RL.h
-- Symlinking: /home/aiseon/navigation2_all/leg4_MPPI/install/rl_controller/include/rl_controller/fsm/FSMState_RLPPO.h
-- Symlinking: /home/aiseon/navigation2_all/leg4_MPPI/install/rl_controller/include/rl_controller/fsm/FSMState_TransformDown.h
-- Symlinking: /home/aiseon/navigation2_all/leg4_MPPI/install/rl_controller/include/rl_controller/fsm/FSMState_TransformUp.h
-- Symlinking: /home/aiseon/navigation2_all/leg4_MPPI/install/rl_controller/include/rl_controller/inferrer/engine_inferrer.hpp
-- Symlinking: /home/aiseon/navigation2_all/leg4_MPPI/install/rl_controller/include/rl_controller/inferrer/inferrer_base.hpp
-- Symlinking: /home/aiseon/navigation2_all/leg4_MPPI/install/rl_controller/include/rl_controller/inferrer/onnx_inferrer.hpp
-- Symlinking: /home/aiseon/navigation2_all/leg4_MPPI/install/rl_controller/include/rl_controller/rl_controller_node.hpp
-- Symlinking: /home/aiseon/navigation2_all/leg4_MPPI/install/rl_controller/share/rl_controller/environment/library_path.sh
-- Symlinking: /home/aiseon/navigation2_all/leg4_MPPI/install/rl_controller/share/rl_controller/environment/library_path.dsv
-- Symlinking: /home/aiseon/navigation2_all/leg4_MPPI/install/rl_controller/lib/librl_controller.so
-- Symlinking: /home/aiseon/navigation2_all/leg4_MPPI/install/rl_controller/share/ament_index/resource_index/package_run_dependencies/rl_controller
-- Symlinking: /home/aiseon/navigation2_all/leg4_MPPI/install/rl_controller/share/ament_index/resource_index/parent_prefix_path/rl_controller
-- Symlinking: /home/aiseon/navigation2_all/leg4_MPPI/install/rl_controller/share/rl_controller/environment/ament_prefix_path.sh
-- Symlinking: /home/aiseon/navigation2_all/leg4_MPPI/install/rl_controller/share/rl_controller/environment/ament_prefix_path.dsv
-- Symlinking: /home/aiseon/navigation2_all/leg4_MPPI/install/rl_controller/share/rl_controller/environment/path.sh
-- Symlinking: /home/aiseon/navigation2_all/leg4_MPPI/install/rl_controller/share/rl_controller/environment/path.dsv
-- Symlinking: /home/aiseon/navigation2_all/leg4_MPPI/install/rl_controller/share/rl_controller/local_setup.bash
-- Symlinking: /home/aiseon/navigation2_all/leg4_MPPI/install/rl_controller/share/rl_controller/local_setup.sh
-- Symlinking: /home/aiseon/navigation2_all/leg4_MPPI/install/rl_controller/share/rl_controller/local_setup.zsh
-- Symlinking: /home/aiseon/navigation2_all/leg4_MPPI/install/rl_controller/share/rl_controller/local_setup.dsv
-- Symlinking: /home/aiseon/navigation2_all/leg4_MPPI/install/rl_controller/share/rl_controller/package.dsv
-- Symlinking: /home/aiseon/navigation2_all/leg4_MPPI/install/rl_controller/share/ament_index/resource_index/packages/rl_controller
-- Symlinking: /home/aiseon/navigation2_all/leg4_MPPI/install/rl_controller/share/ament_index/resource_index/controller_interface__pluginlib__plugin/rl_controller
-- Symlinking: /home/aiseon/navigation2_all/leg4_MPPI/install/rl_controller/share/rl_controller/cmake/ament_cmake_export_dependencies-extras.cmake
-- Symlinking: /home/aiseon/navigation2_all/leg4_MPPI/install/rl_controller/share/rl_controller/cmake/ament_cmake_export_include_directories-extras.cmake
-- Symlinking: /home/aiseon/navigation2_all/leg4_MPPI/install/rl_controller/share/rl_controller/cmake/ament_cmake_export_libraries-extras.cmake
-- Symlinking: /home/aiseon/navigation2_all/leg4_MPPI/install/rl_controller/share/rl_controller/cmake/rl_controllerConfig.cmake
-- Symlinking: /home/aiseon/navigation2_all/leg4_MPPI/install/rl_controller/share/rl_controller/cmake/rl_controllerConfig-version.cmake
-- Symlinking: /home/aiseon/navigation2_all/leg4_MPPI/install/rl_controller/share/rl_controller/package.xml
