[0.022s] Invoking command in '/home/aiseon/navigation2_all/leg4_MPPI/build/rl_controller': AMENT_PREFIX_PATH=/home/aiseon/navigation2_all/leg4_MPPI/install/ros_utils:${AMENT_PREFIX_PATH} CMAKE_PREFIX_PATH=/home/aiseon/navigation2_all/leg4_MPPI/install/ros_utils:/opt/ros/humble /usr/bin/cmake /home/aiseon/navigation2_all/leg4_MPPI/src/ddt_ros2_control/controller/rl_controller -DCMAKE_BUILD_TYPE=Release -DAMENT_CMAKE_SYMLINK_INSTALL=1 -DCMAKE_INSTALL_PREFIX=/home/aiseon/navigation2_all/leg4_MPPI/install/rl_controller
[0.114s] -- The C compiler identification is GNU 11.4.0
[0.196s] -- The CXX compiler identification is GNU 11.4.0
[0.206s] -- Detecting C compiler ABI info
[0.332s] -- Detecting C compiler ABI info - done
[0.340s] -- Check for working C compiler: /usr/bin/cc - skipped
[0.340s] -- Detecting C compile features
[0.341s] -- Detecting C compile features - done
[0.344s] -- Detecting CXX compiler ABI info
[0.486s] -- Detecting CXX compiler ABI info - done
[0.493s] -- Check for working CXX compiler: /usr/bin/c++ - skipped
[0.494s] -- Detecting CXX compile features
[0.494s] -- Detecting CXX compile features - done
[0.496s] -- Found ament_cmake_auto: 1.3.13 (/opt/ros/humble/share/ament_cmake_auto/cmake)
[0.690s] -- Found Python3: /usr/bin/python3 (found version "3.10.12") found components: Interpreter 
[0.761s] -- Override CMake install command with custom implementation using symlinks instead of copying resources
[0.913s] -- Found rosidl_generator_c: 3.1.8 (/opt/ros/humble/share/rosidl_generator_c/cmake)
[0.918s] -- Found rosidl_adapter: 3.1.8 (/opt/ros/humble/share/rosidl_adapter/cmake)
[0.927s] -- Found rosidl_generator_cpp: 3.1.8 (/opt/ros/humble/share/rosidl_generator_cpp/cmake)
[0.939s] -- Using all available rosidl_typesupport_c: rosidl_typesupport_fastrtps_c;rosidl_typesupport_introspection_c
[0.956s] -- Using all available rosidl_typesupport_cpp: rosidl_typesupport_fastrtps_cpp;rosidl_typesupport_introspection_cpp
[1.001s] -- Found rmw_implementation_cmake: 6.1.2 (/opt/ros/humble/share/rmw_implementation_cmake/cmake)
[1.004s] -- Found rmw_fastrtps_cpp: 6.2.10 (/opt/ros/humble/share/rmw_fastrtps_cpp/cmake)
[1.191s] -- Found OpenSSL: /usr/lib/x86_64-linux-gnu/libcrypto.so (found version "3.0.2")  
[1.228s] -- Found FastRTPS: /opt/ros/humble/include  
[1.294s] -- Using RMW implementation 'rmw_fastrtps_cpp' as default
[1.307s] -- Looking for pthread.h
[1.440s] -- Looking for pthread.h - found
[1.441s] -- Performing Test CMAKE_HAVE_LIBC_PTHREAD
[1.574s] -- Performing Test CMAKE_HAVE_LIBC_PTHREAD - Success
[1.575s] -- Found Threads: TRUE  
[1.864s] -- Found parameter_traits: 0.6.0 (/opt/ros/humble/share/parameter_traits/cmake)
[1.892s] -- Found ament_lint_auto: 0.12.15 (/opt/ros/humble/share/ament_lint_auto/cmake)
[1.904s] [0mIn this package, headers install destination is set to `include` by ament_auto_package. It is recommended to install `include/rl_controller` instead and will be the default behavior of ament_auto_package from ROS 2 Kilted Kaiju. On distributions before Kilted, ament_auto_package behaves the same way when you use USE_SCOPED_HEADER_INSTALL_DIR option.[0m
[1.912s] -- Added test 'clang_format' to check C / C++ code style
[1.912s] -- Added test 'copyright' to check source files copyright and LICENSE
[1.916s] -- Added test 'cppcheck' to perform static code analysis on C / C++ code
[1.916s] -- Configured cppcheck include dirs: /home/aiseon/navigation2_all/leg4_MPPI/src/ddt_ros2_control/controller/rl_controller/include
[1.916s] -- Configured cppcheck exclude dirs and/or files: 
[1.919s] -- Added test 'cpplint' to check C / C++ code against the Google style
[1.920s] -- Configured cpplint exclude dirs and/or files: 
[1.921s] -- Added test 'lint_cmake' to check CMake code style
[1.921s] -- Added test 'xmllint' to check XML markup files
[1.924s] -- Configuring done
[1.939s] -- Generating done
[1.945s] -- Build files have been written to: /home/aiseon/navigation2_all/leg4_MPPI/build/rl_controller
[1.966s] Invoked command in '/home/aiseon/navigation2_all/leg4_MPPI/build/rl_controller' returned '0': AMENT_PREFIX_PATH=/home/aiseon/navigation2_all/leg4_MPPI/install/ros_utils:${AMENT_PREFIX_PATH} CMAKE_PREFIX_PATH=/home/aiseon/navigation2_all/leg4_MPPI/install/ros_utils:/opt/ros/humble /usr/bin/cmake /home/aiseon/navigation2_all/leg4_MPPI/src/ddt_ros2_control/controller/rl_controller -DCMAKE_BUILD_TYPE=Release -DAMENT_CMAKE_SYMLINK_INSTALL=1 -DCMAKE_INSTALL_PREFIX=/home/aiseon/navigation2_all/leg4_MPPI/install/rl_controller
[1.970s] Invoking command in '/home/aiseon/navigation2_all/leg4_MPPI/build/rl_controller': AMENT_PREFIX_PATH=/home/aiseon/navigation2_all/leg4_MPPI/install/ros_utils:${AMENT_PREFIX_PATH} CMAKE_PREFIX_PATH=/home/aiseon/navigation2_all/leg4_MPPI/install/ros_utils:/opt/ros/humble /usr/bin/cmake --build /home/aiseon/navigation2_all/leg4_MPPI/build/rl_controller -- -j192 -l192
[2.069s] [  7%] [34m[1mRunning `/opt/ros/humble/bin/generate_parameter_library_cpp /home/aiseon/navigation2_all/leg4_MPPI/build/rl_controller/include/rl_controller/rl_controller_parameters.hpp /home/aiseon/navigation2_all/leg4_MPPI/src/ddt_ros2_control/controller/rl_controller/src/rl_controller_parameters.yaml `[0m
[2.248s] [ 15%] [34m[1mCreating deprecated header file /home/aiseon/navigation2_all/leg4_MPPI/build/rl_controller/include/rl_controller_parameters.hpp[0m
[2.285s] [ 15%] Built target rl_controller_parameters
[2.331s] [ 23%] [32mBuilding CXX object CMakeFiles/rl_controller.dir/src/fsm/FSM.cpp.o[0m
[2.332s] [ 30%] [32mBuilding CXX object CMakeFiles/rl_controller.dir/src/fsm/FSMState.cpp.o[0m
[2.333s] [ 38%] [32mBuilding CXX object CMakeFiles/rl_controller.dir/src/fsm/FSMState_JointPD.cpp.o[0m
[2.334s] [ 46%] [32mBuilding CXX object CMakeFiles/rl_controller.dir/src/inferrer/onnx_inferrer.cpp.o[0m
[2.334s] [ 53%] [32mBuilding CXX object CMakeFiles/rl_controller.dir/src/fsm/FSMState_Passive.cpp.o[0m
[2.335s] [ 61%] [32mBuilding CXX object CMakeFiles/rl_controller.dir/src/fsm/FSMState_TransformUp.cpp.o[0m
[2.335s] [ 69%] [32mBuilding CXX object CMakeFiles/rl_controller.dir/src/fsm/FSMState_TransformDown.cpp.o[0m
[2.336s] [ 84%] [32mBuilding CXX object CMakeFiles/rl_controller.dir/src/fsm/FSMState_RLPPO.cpp.o[0m
[2.336s] [ 84%] [32mBuilding CXX object CMakeFiles/rl_controller.dir/src/fsm/FSMState_RL.cpp.o[0m
[2.336s] [ 92%] [32mBuilding CXX object CMakeFiles/rl_controller.dir/src/rl_controller_node.cpp.o[0m
[5.760s] In file included from [01m[K/home/aiseon/navigation2_all/leg4_MPPI/src/ddt_ros2_control/controller/rl_controller/include/rl_controller/rl_controller_node.hpp:32[m[K,
[5.761s]                  from [01m[K/home/aiseon/navigation2_all/leg4_MPPI/src/ddt_ros2_control/controller/rl_controller/src/rl_controller_node.cpp:15[m[K:
[5.761s] [01m[K/home/aiseon/navigation2_all/leg4_MPPI/build/rl_controller/include/rl_controller_parameters.hpp:1:142:[m[K [01;36m[Knote: [m[K‘[01m[K#pragma message: #include "rl_controller_parameters.hpp" is deprecated. Use #include <rl_controller/rl_controller_parameters.hpp> instead.[m[K’
[5.761s]     1 | #pragma message("#include \"rl_controller_parameters.hpp\" is deprecated. Use #include <rl_controller/rl_controller_parameters.hpp> instead."[01;36m[K)[m[K
[5.761s]       |                                                                                                                                              [01;36m[K^[m[K
[18.956s] [100%] [32m[1mLinking CXX shared library librl_controller.so[0m
[19.206s] [100%] Built target rl_controller
[19.225s] Invoked command in '/home/aiseon/navigation2_all/leg4_MPPI/build/rl_controller' returned '0': AMENT_PREFIX_PATH=/home/aiseon/navigation2_all/leg4_MPPI/install/ros_utils:${AMENT_PREFIX_PATH} CMAKE_PREFIX_PATH=/home/aiseon/navigation2_all/leg4_MPPI/install/ros_utils:/opt/ros/humble /usr/bin/cmake --build /home/aiseon/navigation2_all/leg4_MPPI/build/rl_controller -- -j192 -l192
[19.228s] Invoking command in '/home/aiseon/navigation2_all/leg4_MPPI/build/rl_controller': AMENT_PREFIX_PATH=/home/aiseon/navigation2_all/leg4_MPPI/install/ros_utils:${AMENT_PREFIX_PATH} CMAKE_PREFIX_PATH=/home/aiseon/navigation2_all/leg4_MPPI/install/ros_utils:/opt/ros/humble /usr/bin/cmake --install /home/aiseon/navigation2_all/leg4_MPPI/build/rl_controller
[19.238s] -- Install configuration: "Release"
[19.239s] -- Execute custom install script
[19.239s] -- Symlinking: /home/aiseon/navigation2_all/leg4_MPPI/install/rl_controller/include/rl_controller/rl_controller_parameters.hpp
[19.249s] -- Symlinking: /home/aiseon/navigation2_all/leg4_MPPI/install/rl_controller/share/rl_controller//rl_controller_plugin.xml
[19.262s] -- Symlinking: /home/aiseon/navigation2_all/leg4_MPPI/install/rl_controller/share/rl_controller/config/d1/controllers.yaml
[19.274s] -- Symlinking: /home/aiseon/navigation2_all/leg4_MPPI/install/rl_controller/share/rl_controller/config/d1/flat.onnx
[19.286s] -- Symlinking: /home/aiseon/navigation2_all/leg4_MPPI/install/rl_controller/share/rl_controller/config/d1h/controllers.yaml
[19.299s] -- Symlinking: /home/aiseon/navigation2_all/leg4_MPPI/install/rl_controller/share/rl_controller/config/d1h/flat.onnx
[19.311s] -- Symlinking: /home/aiseon/navigation2_all/leg4_MPPI/install/rl_controller/share/rl_controller/config/d1h/squatdown.onnx
[19.320s] -- Symlinking: /home/aiseon/navigation2_all/leg4_MPPI/install/rl_controller/share/rl_controller/config/tita/controllers.yaml
[19.332s] -- Symlinking: /home/aiseon/navigation2_all/leg4_MPPI/install/rl_controller/share/rl_controller/config/tita/flat.onnx
[19.343s] -- Symlinking: /home/aiseon/navigation2_all/leg4_MPPI/install/rl_controller/share/rl_controller/config/titatit/controllers.yaml
[19.354s] -- Symlinking: /home/aiseon/navigation2_all/leg4_MPPI/install/rl_controller/share/rl_controller/config/titatit/test_cylinder_1027_open_source.onnx
[19.366s] -- Symlinking: /home/aiseon/navigation2_all/leg4_MPPI/install/rl_controller/share/rl_controller/launch/hw.launch.py
[19.375s] -- Symlinking: /home/aiseon/navigation2_all/leg4_MPPI/install/rl_controller/share/rl_controller/launch/sim_gazebo.launch.py
[19.386s] -- Symlinking: /home/aiseon/navigation2_all/leg4_MPPI/install/rl_controller/share/rl_controller/launch/sim_mujoco.launch.py
[19.399s] -- Symlinking: /home/aiseon/navigation2_all/leg4_MPPI/install/rl_controller/share/rl_controller/launch/sim_webots.launch.py
[19.412s] -- Symlinking: /home/aiseon/navigation2_all/leg4_MPPI/install/rl_controller/include/rl_controller/common/Math/MathUtilities.h
[19.422s] -- Symlinking: /home/aiseon/navigation2_all/leg4_MPPI/install/rl_controller/include/rl_controller/common/Math/orientation_tools.h
[19.433s] -- Symlinking: /home/aiseon/navigation2_all/leg4_MPPI/install/rl_controller/include/rl_controller/common/RobotParameters.h
[19.444s] -- Symlinking: /home/aiseon/navigation2_all/leg4_MPPI/install/rl_controller/include/rl_controller/common/cppTypes.h
[19.456s] -- Symlinking: /home/aiseon/navigation2_all/leg4_MPPI/install/rl_controller/include/rl_controller/common/enumClass.h
[19.468s] -- Symlinking: /home/aiseon/navigation2_all/leg4_MPPI/install/rl_controller/include/rl_controller/common/timeMarker.h
[19.478s] -- Symlinking: /home/aiseon/navigation2_all/leg4_MPPI/install/rl_controller/include/rl_controller/fsm/ControlFSMData.h
[19.490s] -- Symlinking: /home/aiseon/navigation2_all/leg4_MPPI/install/rl_controller/include/rl_controller/fsm/FSM.h
[19.501s] -- Symlinking: /home/aiseon/navigation2_all/leg4_MPPI/install/rl_controller/include/rl_controller/fsm/FSMState.h
[19.513s] -- Symlinking: /home/aiseon/navigation2_all/leg4_MPPI/install/rl_controller/include/rl_controller/fsm/FSMState_JointPD.h
[19.524s] -- Symlinking: /home/aiseon/navigation2_all/leg4_MPPI/install/rl_controller/include/rl_controller/fsm/FSMState_Passive.h
[19.533s] -- Symlinking: /home/aiseon/navigation2_all/leg4_MPPI/install/rl_controller/include/rl_controller/fsm/FSMState_RL.h
[19.545s] -- Symlinking: /home/aiseon/navigation2_all/leg4_MPPI/install/rl_controller/include/rl_controller/fsm/FSMState_RLPPO.h
[19.557s] -- Symlinking: /home/aiseon/navigation2_all/leg4_MPPI/install/rl_controller/include/rl_controller/fsm/FSMState_TransformDown.h
[19.570s] -- Symlinking: /home/aiseon/navigation2_all/leg4_MPPI/install/rl_controller/include/rl_controller/fsm/FSMState_TransformUp.h
[19.582s] -- Symlinking: /home/aiseon/navigation2_all/leg4_MPPI/install/rl_controller/include/rl_controller/inferrer/engine_inferrer.hpp
[19.593s] -- Symlinking: /home/aiseon/navigation2_all/leg4_MPPI/install/rl_controller/include/rl_controller/inferrer/inferrer_base.hpp
[19.601s] -- Symlinking: /home/aiseon/navigation2_all/leg4_MPPI/install/rl_controller/include/rl_controller/inferrer/onnx_inferrer.hpp
[19.612s] -- Symlinking: /home/aiseon/navigation2_all/leg4_MPPI/install/rl_controller/include/rl_controller/rl_controller_node.hpp
[19.622s] -- Symlinking: /home/aiseon/navigation2_all/leg4_MPPI/install/rl_controller/share/rl_controller/environment/library_path.sh
[19.634s] -- Symlinking: /home/aiseon/navigation2_all/leg4_MPPI/install/rl_controller/share/rl_controller/environment/library_path.dsv
[19.645s] -- Symlinking: /home/aiseon/navigation2_all/leg4_MPPI/install/rl_controller/lib/librl_controller.so
[19.658s] -- Symlinking: /home/aiseon/navigation2_all/leg4_MPPI/install/rl_controller/share/ament_index/resource_index/package_run_dependencies/rl_controller
[19.670s] -- Symlinking: /home/aiseon/navigation2_all/leg4_MPPI/install/rl_controller/share/ament_index/resource_index/parent_prefix_path/rl_controller
[19.680s] -- Symlinking: /home/aiseon/navigation2_all/leg4_MPPI/install/rl_controller/share/rl_controller/environment/ament_prefix_path.sh
[19.689s] -- Symlinking: /home/aiseon/navigation2_all/leg4_MPPI/install/rl_controller/share/rl_controller/environment/ament_prefix_path.dsv
[19.701s] -- Symlinking: /home/aiseon/navigation2_all/leg4_MPPI/install/rl_controller/share/rl_controller/environment/path.sh
[19.712s] -- Symlinking: /home/aiseon/navigation2_all/leg4_MPPI/install/rl_controller/share/rl_controller/environment/path.dsv
[19.724s] -- Symlinking: /home/aiseon/navigation2_all/leg4_MPPI/install/rl_controller/share/rl_controller/local_setup.bash
[19.734s] -- Symlinking: /home/aiseon/navigation2_all/leg4_MPPI/install/rl_controller/share/rl_controller/local_setup.sh
[19.745s] -- Symlinking: /home/aiseon/navigation2_all/leg4_MPPI/install/rl_controller/share/rl_controller/local_setup.zsh
[19.756s] -- Symlinking: /home/aiseon/navigation2_all/leg4_MPPI/install/rl_controller/share/rl_controller/local_setup.dsv
[19.767s] -- Symlinking: /home/aiseon/navigation2_all/leg4_MPPI/install/rl_controller/share/rl_controller/package.dsv
[19.777s] -- Symlinking: /home/aiseon/navigation2_all/leg4_MPPI/install/rl_controller/share/ament_index/resource_index/packages/rl_controller
[19.789s] -- Symlinking: /home/aiseon/navigation2_all/leg4_MPPI/install/rl_controller/share/ament_index/resource_index/controller_interface__pluginlib__plugin/rl_controller
[19.801s] -- Symlinking: /home/aiseon/navigation2_all/leg4_MPPI/install/rl_controller/share/rl_controller/cmake/ament_cmake_export_dependencies-extras.cmake
[19.810s] -- Symlinking: /home/aiseon/navigation2_all/leg4_MPPI/install/rl_controller/share/rl_controller/cmake/ament_cmake_export_include_directories-extras.cmake
[19.821s] -- Symlinking: /home/aiseon/navigation2_all/leg4_MPPI/install/rl_controller/share/rl_controller/cmake/ament_cmake_export_libraries-extras.cmake
[19.832s] -- Symlinking: /home/aiseon/navigation2_all/leg4_MPPI/install/rl_controller/share/rl_controller/cmake/rl_controllerConfig.cmake
[19.842s] -- Symlinking: /home/aiseon/navigation2_all/leg4_MPPI/install/rl_controller/share/rl_controller/cmake/rl_controllerConfig-version.cmake
[19.854s] -- Symlinking: /home/aiseon/navigation2_all/leg4_MPPI/install/rl_controller/share/rl_controller/package.xml
[19.870s] Invoked command in '/home/aiseon/navigation2_all/leg4_MPPI/build/rl_controller' returned '0': AMENT_PREFIX_PATH=/home/aiseon/navigation2_all/leg4_MPPI/install/ros_utils:${AMENT_PREFIX_PATH} CMAKE_PREFIX_PATH=/home/aiseon/navigation2_all/leg4_MPPI/install/ros_utils:/opt/ros/humble /usr/bin/cmake --install /home/aiseon/navigation2_all/leg4_MPPI/build/rl_controller
