[0.022s] Invoking command in '/home/aiseon/navigation2_all/leg4_MPPI/build/d1_description': CMAKE_PREFIX_PATH=${CMAKE_PREFIX_PATH}:/opt/ros/humble /usr/bin/cmake /home/aiseon/navigation2_all/leg4_MPPI/src/ddt_ros2_control/urdfs/d1_description -DCMAKE_BUILD_TYPE=Release -DAMENT_CMAKE_SYMLINK_INSTALL=1 -DCMAKE_INSTALL_PREFIX=/home/aiseon/navigation2_all/leg4_MPPI/install/d1_description
[0.133s] -- The C compiler identification is GNU 11.4.0
[0.220s] -- The CXX compiler identification is GNU 11.4.0
[0.231s] -- Detecting C compiler ABI info
[0.364s] -- Detecting C compiler ABI info - done
[0.371s] -- Check for working C compiler: /usr/bin/cc - skipped
[0.371s] -- Detecting C compile features
[0.372s] -- Detecting C compile features - done
[0.374s] -- Detecting CXX compiler ABI info
[0.513s] -- Detecting CXX compiler ABI info - done
[0.521s] -- Check for working CXX compiler: /usr/bin/c++ - skipped
[0.522s] -- Detecting CXX compile features
[0.522s] -- Detecting CXX compile features - done
[0.525s] -- Found ament_cmake: 1.3.13 (/opt/ros/humble/share/ament_cmake/cmake)
[0.716s] -- Found Python3: /usr/bin/python3 (found version "3.10.12") found components: Interpreter 
[0.786s] -- Override CMake install command with custom implementation using symlinks instead of copying resources
[0.905s] -- Configuring done
[0.908s] -- Generating done
[0.911s] -- Build files have been written to: /home/aiseon/navigation2_all/leg4_MPPI/build/d1_description
[0.917s] Invoked command in '/home/aiseon/navigation2_all/leg4_MPPI/build/d1_description' returned '0': CMAKE_PREFIX_PATH=${CMAKE_PREFIX_PATH}:/opt/ros/humble /usr/bin/cmake /home/aiseon/navigation2_all/leg4_MPPI/src/ddt_ros2_control/urdfs/d1_description -DCMAKE_BUILD_TYPE=Release -DAMENT_CMAKE_SYMLINK_INSTALL=1 -DCMAKE_INSTALL_PREFIX=/home/aiseon/navigation2_all/leg4_MPPI/install/d1_description
[0.919s] Invoking command in '/home/aiseon/navigation2_all/leg4_MPPI/build/d1_description': CMAKE_PREFIX_PATH=${CMAKE_PREFIX_PATH}:/opt/ros/humble /usr/bin/cmake --build /home/aiseon/navigation2_all/leg4_MPPI/build/d1_description -- -j192 -l192
[0.982s] Invoked command in '/home/aiseon/navigation2_all/leg4_MPPI/build/d1_description' returned '0': CMAKE_PREFIX_PATH=${CMAKE_PREFIX_PATH}:/opt/ros/humble /usr/bin/cmake --build /home/aiseon/navigation2_all/leg4_MPPI/build/d1_description -- -j192 -l192
[0.999s] Invoking command in '/home/aiseon/navigation2_all/leg4_MPPI/build/d1_description': CMAKE_PREFIX_PATH=${CMAKE_PREFIX_PATH}:/opt/ros/humble /usr/bin/cmake --install /home/aiseon/navigation2_all/leg4_MPPI/build/d1_description
[1.008s] -- Install configuration: "Release"
[1.009s] -- Execute custom install script
[1.009s] -- Symlinking: /home/aiseon/navigation2_all/leg4_MPPI/install/d1_description/share/d1_description/mujoco/robot.xml
[1.025s] -- Symlinking: /home/aiseon/navigation2_all/leg4_MPPI/install/d1_description/share/d1_description/mujoco/scene.xml
[1.041s] -- Symlinking: /home/aiseon/navigation2_all/leg4_MPPI/install/d1_description/share/d1_description/urdf/robot.urdf
[1.058s] -- Symlinking: /home/aiseon/navigation2_all/leg4_MPPI/install/d1_description/share/d1_description/xacro/robot.xacro
[1.072s] -- Symlinking: /home/aiseon/navigation2_all/leg4_MPPI/install/d1_description/share/d1_description/xacro/ros2control.xacro
[1.087s] -- Symlinking: /home/aiseon/navigation2_all/leg4_MPPI/install/d1_description/share/ament_index/resource_index/package_run_dependencies/d1_description
[1.100s] -- Symlinking: /home/aiseon/navigation2_all/leg4_MPPI/install/d1_description/share/ament_index/resource_index/parent_prefix_path/d1_description
[1.115s] -- Symlinking: /home/aiseon/navigation2_all/leg4_MPPI/install/d1_description/share/d1_description/environment/ament_prefix_path.sh
[1.131s] -- Symlinking: /home/aiseon/navigation2_all/leg4_MPPI/install/d1_description/share/d1_description/environment/ament_prefix_path.dsv
[1.144s] -- Symlinking: /home/aiseon/navigation2_all/leg4_MPPI/install/d1_description/share/d1_description/environment/path.sh
[1.160s] -- Symlinking: /home/aiseon/navigation2_all/leg4_MPPI/install/d1_description/share/d1_description/environment/path.dsv
[1.177s] -- Symlinking: /home/aiseon/navigation2_all/leg4_MPPI/install/d1_description/share/d1_description/local_setup.bash
[1.193s] -- Symlinking: /home/aiseon/navigation2_all/leg4_MPPI/install/d1_description/share/d1_description/local_setup.sh
[1.209s] -- Symlinking: /home/aiseon/navigation2_all/leg4_MPPI/install/d1_description/share/d1_description/local_setup.zsh
[1.225s] -- Symlinking: /home/aiseon/navigation2_all/leg4_MPPI/install/d1_description/share/d1_description/local_setup.dsv
[1.241s] -- Symlinking: /home/aiseon/navigation2_all/leg4_MPPI/install/d1_description/share/d1_description/package.dsv
[1.258s] -- Symlinking: /home/aiseon/navigation2_all/leg4_MPPI/install/d1_description/share/ament_index/resource_index/packages/d1_description
[1.273s] -- Symlinking: /home/aiseon/navigation2_all/leg4_MPPI/install/d1_description/share/d1_description/cmake/d1_descriptionConfig.cmake
[1.291s] -- Symlinking: /home/aiseon/navigation2_all/leg4_MPPI/install/d1_description/share/d1_description/cmake/d1_descriptionConfig-version.cmake
[1.305s] -- Symlinking: /home/aiseon/navigation2_all/leg4_MPPI/install/d1_description/share/d1_description/package.xml
[1.335s] Invoked command in '/home/aiseon/navigation2_all/leg4_MPPI/build/d1_description' returned '0': CMAKE_PREFIX_PATH=${CMAKE_PREFIX_PATH}:/opt/ros/humble /usr/bin/cmake --install /home/aiseon/navigation2_all/leg4_MPPI/build/d1_description
