[0.274s] DEBUG:colcon:Command line arguments: ['/usr/bin/colcon', 'build', '--symlink-install', '--cmake-args', '-DCMAKE_BUILD_TYPE=Release', '--packages-select', 'titatit_description']
[0.274s] DEBUG:colcon:Parsed command line arguments: Namespace(log_base=None, log_level=None, verb_name='build', build_base='build', install_base='install', merge_install=False, symlink_install=True, test_result_base=None, continue_on_error=False, executor='parallel', parallel_workers=192, event_handlers=None, ignore_user_meta=False, metas=['./colcon.meta'], base_paths=['.'], packages_ignore=None, packages_ignore_regex=None, paths=None, packages_up_to=None, packages_up_to_regex=None, packages_above=None, packages_above_and_dependencies=None, packages_above_depth=None, packages_select_by_dep=None, packages_skip_by_dep=None, packages_skip_up_to=None, packages_select_build_failed=False, packages_skip_build_finished=False, packages_select_test_failures=False, packages_skip_test_passed=False, packages_select=['titatit_description'], packages_skip=None, packages_select_regex=None, packages_skip_regex=None, packages_start=None, packages_end=None, allow_overriding=[], cmake_args=['-DCMAKE_BUILD_TYPE=Release'], cmake_target=None, cmake_target_skip_unavailable=False, cmake_clean_cache=False, cmake_clean_first=False, cmake_force_configure=False, ament_cmake_args=None, catkin_cmake_args=None, catkin_skip_building_tests=False, verb_parser=<colcon_defaults.argument_parser.defaults.DefaultArgumentsDecorator object at 0x716a97d7a1a0>, verb_extension=<colcon_core.verb.build.BuildVerb object at 0x716a97d79c90>, main=<bound method BuildVerb.main of <colcon_core.verb.build.BuildVerb object at 0x716a97d79c90>>)
[0.730s] Level 1:colcon.colcon_core.package_discovery:discover_packages(colcon_meta) check parameters
[0.730s] Level 1:colcon.colcon_core.package_discovery:discover_packages(recursive) check parameters
[0.730s] Level 1:colcon.colcon_core.package_discovery:discover_packages(ignore) check parameters
[0.730s] Level 1:colcon.colcon_core.package_discovery:discover_packages(path) check parameters
[0.730s] Level 1:colcon.colcon_core.package_discovery:discover_packages(colcon_meta) discover
[0.730s] Level 1:colcon.colcon_core.package_discovery:discover_packages(recursive) discover
[0.730s] INFO:colcon.colcon_core.package_discovery:Crawling recursively for packages in '/home/aiseon/navigation2_all/leg4_MPPI'
[0.730s] Level 1:colcon.colcon_core.package_identification:_identify(.) by extensions ['ignore', 'ignore_ament_install']
[0.730s] Level 1:colcon.colcon_core.package_identification:_identify(.) by extension 'ignore'
[0.731s] Level 1:colcon.colcon_core.package_identification:_identify(.) by extension 'ignore_ament_install'
[0.731s] Level 1:colcon.colcon_core.package_identification:_identify(.) by extensions ['colcon_pkg']
[0.731s] Level 1:colcon.colcon_core.package_identification:_identify(.) by extension 'colcon_pkg'
[0.731s] Level 1:colcon.colcon_core.package_identification:_identify(.) by extensions ['colcon_meta']
[0.731s] Level 1:colcon.colcon_core.package_identification:_identify(.) by extension 'colcon_meta'
[0.731s] Level 1:colcon.colcon_core.package_identification:_identify(.) by extensions ['ros']
[0.731s] Level 1:colcon.colcon_core.package_identification:_identify(.) by extension 'ros'
[0.761s] Level 1:colcon.colcon_core.package_identification:_identify(.) by extensions ['cmake', 'python']
[0.761s] Level 1:colcon.colcon_core.package_identification:_identify(.) by extension 'cmake'
[0.761s] Level 1:colcon.colcon_core.package_identification:_identify(.) by extension 'python'
[0.761s] Level 1:colcon.colcon_core.package_identification:_identify(.) by extensions ['python_setup_py']
[0.761s] Level 1:colcon.colcon_core.package_identification:_identify(.) by extension 'python_setup_py'
[0.761s] Level 1:colcon.colcon_core.package_identification:_identify(build) by extensions ['ignore', 'ignore_ament_install']
[0.761s] Level 1:colcon.colcon_core.package_identification:_identify(build) by extension 'ignore'
[0.761s] Level 1:colcon.colcon_core.package_identification:_identify(build) ignored
[0.762s] Level 1:colcon.colcon_core.package_identification:_identify(install) by extensions ['ignore', 'ignore_ament_install']
[0.762s] Level 1:colcon.colcon_core.package_identification:_identify(install) by extension 'ignore'
[0.762s] Level 1:colcon.colcon_core.package_identification:_identify(install) ignored
[0.762s] Level 1:colcon.colcon_core.package_identification:_identify(log) by extensions ['ignore', 'ignore_ament_install']
[0.762s] Level 1:colcon.colcon_core.package_identification:_identify(log) by extension 'ignore'
[0.762s] Level 1:colcon.colcon_core.package_identification:_identify(log) ignored
[0.762s] Level 1:colcon.colcon_core.package_identification:_identify(src) by extensions ['ignore', 'ignore_ament_install']
[0.762s] Level 1:colcon.colcon_core.package_identification:_identify(src) by extension 'ignore'
[0.762s] Level 1:colcon.colcon_core.package_identification:_identify(src) by extension 'ignore_ament_install'
[0.762s] Level 1:colcon.colcon_core.package_identification:_identify(src) by extensions ['colcon_pkg']
[0.762s] Level 1:colcon.colcon_core.package_identification:_identify(src) by extension 'colcon_pkg'
[0.762s] Level 1:colcon.colcon_core.package_identification:_identify(src) by extensions ['colcon_meta']
[0.762s] Level 1:colcon.colcon_core.package_identification:_identify(src) by extension 'colcon_meta'
[0.762s] Level 1:colcon.colcon_core.package_identification:_identify(src) by extensions ['ros']
[0.762s] Level 1:colcon.colcon_core.package_identification:_identify(src) by extension 'ros'
[0.763s] Level 1:colcon.colcon_core.package_identification:_identify(src) by extensions ['cmake', 'python']
[0.763s] Level 1:colcon.colcon_core.package_identification:_identify(src) by extension 'cmake'
[0.763s] Level 1:colcon.colcon_core.package_identification:_identify(src) by extension 'python'
[0.763s] Level 1:colcon.colcon_core.package_identification:_identify(src) by extensions ['python_setup_py']
[0.763s] Level 1:colcon.colcon_core.package_identification:_identify(src) by extension 'python_setup_py'
[0.763s] Level 1:colcon.colcon_core.package_identification:_identify(src/ddt_ros2_control) by extensions ['ignore', 'ignore_ament_install']
[0.763s] Level 1:colcon.colcon_core.package_identification:_identify(src/ddt_ros2_control) by extension 'ignore'
[0.763s] Level 1:colcon.colcon_core.package_identification:_identify(src/ddt_ros2_control) by extension 'ignore_ament_install'
[0.763s] Level 1:colcon.colcon_core.package_identification:_identify(src/ddt_ros2_control) by extensions ['colcon_pkg']
[0.763s] Level 1:colcon.colcon_core.package_identification:_identify(src/ddt_ros2_control) by extension 'colcon_pkg'
[0.763s] Level 1:colcon.colcon_core.package_identification:_identify(src/ddt_ros2_control) by extensions ['colcon_meta']
[0.763s] Level 1:colcon.colcon_core.package_identification:_identify(src/ddt_ros2_control) by extension 'colcon_meta'
[0.763s] Level 1:colcon.colcon_core.package_identification:_identify(src/ddt_ros2_control) by extensions ['ros']
[0.763s] Level 1:colcon.colcon_core.package_identification:_identify(src/ddt_ros2_control) by extension 'ros'
[0.763s] Level 1:colcon.colcon_core.package_identification:_identify(src/ddt_ros2_control) by extensions ['cmake', 'python']
[0.763s] Level 1:colcon.colcon_core.package_identification:_identify(src/ddt_ros2_control) by extension 'cmake'
[0.763s] Level 1:colcon.colcon_core.package_identification:_identify(src/ddt_ros2_control) by extension 'python'
[0.767s] Level 1:colcon.colcon_core.package_identification:_identify(src/ddt_ros2_control) by extensions ['python_setup_py']
[0.767s] Level 1:colcon.colcon_core.package_identification:_identify(src/ddt_ros2_control) by extension 'python_setup_py'
[0.767s] Level 1:colcon.colcon_core.package_identification:_identify(src/ddt_ros2_control/controller) by extensions ['ignore', 'ignore_ament_install']
[0.767s] Level 1:colcon.colcon_core.package_identification:_identify(src/ddt_ros2_control/controller) by extension 'ignore'
[0.767s] Level 1:colcon.colcon_core.package_identification:_identify(src/ddt_ros2_control/controller) by extension 'ignore_ament_install'
[0.768s] Level 1:colcon.colcon_core.package_identification:_identify(src/ddt_ros2_control/controller) by extensions ['colcon_pkg']
[0.768s] Level 1:colcon.colcon_core.package_identification:_identify(src/ddt_ros2_control/controller) by extension 'colcon_pkg'
[0.768s] Level 1:colcon.colcon_core.package_identification:_identify(src/ddt_ros2_control/controller) by extensions ['colcon_meta']
[0.768s] Level 1:colcon.colcon_core.package_identification:_identify(src/ddt_ros2_control/controller) by extension 'colcon_meta'
[0.768s] Level 1:colcon.colcon_core.package_identification:_identify(src/ddt_ros2_control/controller) by extensions ['ros']
[0.768s] Level 1:colcon.colcon_core.package_identification:_identify(src/ddt_ros2_control/controller) by extension 'ros'
[0.768s] Level 1:colcon.colcon_core.package_identification:_identify(src/ddt_ros2_control/controller) by extensions ['cmake', 'python']
[0.768s] Level 1:colcon.colcon_core.package_identification:_identify(src/ddt_ros2_control/controller) by extension 'cmake'
[0.768s] Level 1:colcon.colcon_core.package_identification:_identify(src/ddt_ros2_control/controller) by extension 'python'
[0.768s] Level 1:colcon.colcon_core.package_identification:_identify(src/ddt_ros2_control/controller) by extensions ['python_setup_py']
[0.768s] Level 1:colcon.colcon_core.package_identification:_identify(src/ddt_ros2_control/controller) by extension 'python_setup_py'
[0.768s] Level 1:colcon.colcon_core.package_identification:_identify(src/ddt_ros2_control/controller/rl_controller) by extensions ['ignore', 'ignore_ament_install']
[0.768s] Level 1:colcon.colcon_core.package_identification:_identify(src/ddt_ros2_control/controller/rl_controller) by extension 'ignore'
[0.768s] Level 1:colcon.colcon_core.package_identification:_identify(src/ddt_ros2_control/controller/rl_controller) by extension 'ignore_ament_install'
[0.768s] Level 1:colcon.colcon_core.package_identification:_identify(src/ddt_ros2_control/controller/rl_controller) by extensions ['colcon_pkg']
[0.768s] Level 1:colcon.colcon_core.package_identification:_identify(src/ddt_ros2_control/controller/rl_controller) by extension 'colcon_pkg'
[0.768s] Level 1:colcon.colcon_core.package_identification:_identify(src/ddt_ros2_control/controller/rl_controller) by extensions ['colcon_meta']
[0.768s] Level 1:colcon.colcon_core.package_identification:_identify(src/ddt_ros2_control/controller/rl_controller) by extension 'colcon_meta'
[0.768s] Level 1:colcon.colcon_core.package_identification:_identify(src/ddt_ros2_control/controller/rl_controller) by extensions ['ros']
[0.768s] Level 1:colcon.colcon_core.package_identification:_identify(src/ddt_ros2_control/controller/rl_controller) by extension 'ros'
[0.777s] DEBUG:colcon.colcon_core.package_identification:Package 'src/ddt_ros2_control/controller/rl_controller' with type 'ros.ament_cmake' and name 'rl_controller'
[0.777s] Level 1:colcon.colcon_core.package_identification:_identify(src/ddt_ros2_control/docker) by extensions ['ignore', 'ignore_ament_install']
[0.777s] Level 1:colcon.colcon_core.package_identification:_identify(src/ddt_ros2_control/docker) by extension 'ignore'
[0.777s] Level 1:colcon.colcon_core.package_identification:_identify(src/ddt_ros2_control/docker) by extension 'ignore_ament_install'
[0.777s] Level 1:colcon.colcon_core.package_identification:_identify(src/ddt_ros2_control/docker) by extensions ['colcon_pkg']
[0.777s] Level 1:colcon.colcon_core.package_identification:_identify(src/ddt_ros2_control/docker) by extension 'colcon_pkg'
[0.777s] Level 1:colcon.colcon_core.package_identification:_identify(src/ddt_ros2_control/docker) by extensions ['colcon_meta']
[0.777s] Level 1:colcon.colcon_core.package_identification:_identify(src/ddt_ros2_control/docker) by extension 'colcon_meta'
[0.777s] Level 1:colcon.colcon_core.package_identification:_identify(src/ddt_ros2_control/docker) by extensions ['ros']
[0.777s] Level 1:colcon.colcon_core.package_identification:_identify(src/ddt_ros2_control/docker) by extension 'ros'
[0.781s] Level 1:colcon.colcon_core.package_identification:_identify(src/ddt_ros2_control/docker) by extensions ['cmake', 'python']
[0.781s] Level 1:colcon.colcon_core.package_identification:_identify(src/ddt_ros2_control/docker) by extension 'cmake'
[0.781s] Level 1:colcon.colcon_core.package_identification:_identify(src/ddt_ros2_control/docker) by extension 'python'
[0.781s] Level 1:colcon.colcon_core.package_identification:_identify(src/ddt_ros2_control/docker) by extensions ['python_setup_py']
[0.781s] Level 1:colcon.colcon_core.package_identification:_identify(src/ddt_ros2_control/docker) by extension 'python_setup_py'
[0.782s] Level 1:colcon.colcon_core.package_identification:_identify(src/ddt_ros2_control/hardware) by extensions ['ignore', 'ignore_ament_install']
[0.782s] Level 1:colcon.colcon_core.package_identification:_identify(src/ddt_ros2_control/hardware) by extension 'ignore'
[0.782s] Level 1:colcon.colcon_core.package_identification:_identify(src/ddt_ros2_control/hardware) by extension 'ignore_ament_install'
[0.782s] Level 1:colcon.colcon_core.package_identification:_identify(src/ddt_ros2_control/hardware) by extensions ['colcon_pkg']
[0.782s] Level 1:colcon.colcon_core.package_identification:_identify(src/ddt_ros2_control/hardware) by extension 'colcon_pkg'
[0.782s] Level 1:colcon.colcon_core.package_identification:_identify(src/ddt_ros2_control/hardware) by extensions ['colcon_meta']
[0.782s] Level 1:colcon.colcon_core.package_identification:_identify(src/ddt_ros2_control/hardware) by extension 'colcon_meta'
[0.782s] Level 1:colcon.colcon_core.package_identification:_identify(src/ddt_ros2_control/hardware) by extensions ['ros']
[0.782s] Level 1:colcon.colcon_core.package_identification:_identify(src/ddt_ros2_control/hardware) by extension 'ros'
[0.782s] Level 1:colcon.colcon_core.package_identification:_identify(src/ddt_ros2_control/hardware) by extensions ['cmake', 'python']
[0.782s] Level 1:colcon.colcon_core.package_identification:_identify(src/ddt_ros2_control/hardware) by extension 'cmake'
[0.782s] Level 1:colcon.colcon_core.package_identification:_identify(src/ddt_ros2_control/hardware) by extension 'python'
[0.782s] Level 1:colcon.colcon_core.package_identification:_identify(src/ddt_ros2_control/hardware) by extensions ['python_setup_py']
[0.782s] Level 1:colcon.colcon_core.package_identification:_identify(src/ddt_ros2_control/hardware) by extension 'python_setup_py'
[0.782s] Level 1:colcon.colcon_core.package_identification:_identify(src/ddt_ros2_control/hardware/hardware_bridge) by extensions ['ignore', 'ignore_ament_install']
[0.782s] Level 1:colcon.colcon_core.package_identification:_identify(src/ddt_ros2_control/hardware/hardware_bridge) by extension 'ignore'
[0.782s] Level 1:colcon.colcon_core.package_identification:_identify(src/ddt_ros2_control/hardware/hardware_bridge) by extension 'ignore_ament_install'
[0.782s] Level 1:colcon.colcon_core.package_identification:_identify(src/ddt_ros2_control/hardware/hardware_bridge) by extensions ['colcon_pkg']
[0.783s] Level 1:colcon.colcon_core.package_identification:_identify(src/ddt_ros2_control/hardware/hardware_bridge) by extension 'colcon_pkg'
[0.783s] Level 1:colcon.colcon_core.package_identification:_identify(src/ddt_ros2_control/hardware/hardware_bridge) by extensions ['colcon_meta']
[0.783s] Level 1:colcon.colcon_core.package_identification:_identify(src/ddt_ros2_control/hardware/hardware_bridge) by extension 'colcon_meta'
[0.783s] Level 1:colcon.colcon_core.package_identification:_identify(src/ddt_ros2_control/hardware/hardware_bridge) by extensions ['ros']
[0.783s] Level 1:colcon.colcon_core.package_identification:_identify(src/ddt_ros2_control/hardware/hardware_bridge) by extension 'ros'
[0.788s] DEBUG:colcon.colcon_core.package_identification:Package 'src/ddt_ros2_control/hardware/hardware_bridge' with type 'ros.ament_cmake' and name 'hardware_bridge'
[0.788s] Level 1:colcon.colcon_core.package_identification:_identify(src/ddt_ros2_control/hardware/tita_robot) by extensions ['ignore', 'ignore_ament_install']
[0.788s] Level 1:colcon.colcon_core.package_identification:_identify(src/ddt_ros2_control/hardware/tita_robot) by extension 'ignore'
[0.788s] Level 1:colcon.colcon_core.package_identification:_identify(src/ddt_ros2_control/hardware/tita_robot) by extension 'ignore_ament_install'
[0.788s] Level 1:colcon.colcon_core.package_identification:_identify(src/ddt_ros2_control/hardware/tita_robot) by extensions ['colcon_pkg']
[0.789s] Level 1:colcon.colcon_core.package_identification:_identify(src/ddt_ros2_control/hardware/tita_robot) by extension 'colcon_pkg'
[0.789s] Level 1:colcon.colcon_core.package_identification:_identify(src/ddt_ros2_control/hardware/tita_robot) by extensions ['colcon_meta']
[0.789s] Level 1:colcon.colcon_core.package_identification:_identify(src/ddt_ros2_control/hardware/tita_robot) by extension 'colcon_meta'
[0.789s] Level 1:colcon.colcon_core.package_identification:_identify(src/ddt_ros2_control/hardware/tita_robot) by extensions ['ros']
[0.789s] Level 1:colcon.colcon_core.package_identification:_identify(src/ddt_ros2_control/hardware/tita_robot) by extension 'ros'
[0.791s] DEBUG:colcon.colcon_core.package_identification:Package 'src/ddt_ros2_control/hardware/tita_robot' with type 'ros.ament_cmake' and name 'tita_robot'
[0.791s] Level 1:colcon.colcon_core.package_identification:_identify(src/ddt_ros2_control/interaction) by extensions ['ignore', 'ignore_ament_install']
[0.791s] Level 1:colcon.colcon_core.package_identification:_identify(src/ddt_ros2_control/interaction) by extension 'ignore'
[0.791s] Level 1:colcon.colcon_core.package_identification:_identify(src/ddt_ros2_control/interaction) by extension 'ignore_ament_install'
[0.795s] Level 1:colcon.colcon_core.package_identification:_identify(src/ddt_ros2_control/interaction) by extensions ['colcon_pkg']
[0.795s] Level 1:colcon.colcon_core.package_identification:_identify(src/ddt_ros2_control/interaction) by extension 'colcon_pkg'
[0.795s] Level 1:colcon.colcon_core.package_identification:_identify(src/ddt_ros2_control/interaction) by extensions ['colcon_meta']
[0.795s] Level 1:colcon.colcon_core.package_identification:_identify(src/ddt_ros2_control/interaction) by extension 'colcon_meta'
[0.795s] Level 1:colcon.colcon_core.package_identification:_identify(src/ddt_ros2_control/interaction) by extensions ['ros']
[0.795s] Level 1:colcon.colcon_core.package_identification:_identify(src/ddt_ros2_control/interaction) by extension 'ros'
[0.795s] Level 1:colcon.colcon_core.package_identification:_identify(src/ddt_ros2_control/interaction) by extensions ['cmake', 'python']
[0.795s] Level 1:colcon.colcon_core.package_identification:_identify(src/ddt_ros2_control/interaction) by extension 'cmake'
[0.796s] Level 1:colcon.colcon_core.package_identification:_identify(src/ddt_ros2_control/interaction) by extension 'python'
[0.796s] Level 1:colcon.colcon_core.package_identification:_identify(src/ddt_ros2_control/interaction) by extensions ['python_setup_py']
[0.796s] Level 1:colcon.colcon_core.package_identification:_identify(src/ddt_ros2_control/interaction) by extension 'python_setup_py'
[0.796s] Level 1:colcon.colcon_core.package_identification:_identify(src/ddt_ros2_control/interaction/keyboard_controller) by extensions ['ignore', 'ignore_ament_install']
[0.796s] Level 1:colcon.colcon_core.package_identification:_identify(src/ddt_ros2_control/interaction/keyboard_controller) by extension 'ignore'
[0.796s] Level 1:colcon.colcon_core.package_identification:_identify(src/ddt_ros2_control/interaction/keyboard_controller) by extension 'ignore_ament_install'
[0.796s] Level 1:colcon.colcon_core.package_identification:_identify(src/ddt_ros2_control/interaction/keyboard_controller) by extensions ['colcon_pkg']
[0.796s] Level 1:colcon.colcon_core.package_identification:_identify(src/ddt_ros2_control/interaction/keyboard_controller) by extension 'colcon_pkg'
[0.796s] Level 1:colcon.colcon_core.package_identification:_identify(src/ddt_ros2_control/interaction/keyboard_controller) by extensions ['colcon_meta']
[0.796s] Level 1:colcon.colcon_core.package_identification:_identify(src/ddt_ros2_control/interaction/keyboard_controller) by extension 'colcon_meta'
[0.796s] Level 1:colcon.colcon_core.package_identification:_identify(src/ddt_ros2_control/interaction/keyboard_controller) by extensions ['ros']
[0.796s] Level 1:colcon.colcon_core.package_identification:_identify(src/ddt_ros2_control/interaction/keyboard_controller) by extension 'ros'
[0.797s] DEBUG:colcon.colcon_core.package_identification:Package 'src/ddt_ros2_control/interaction/keyboard_controller' with type 'ros.ament_cmake' and name 'keyboard_controller'
[0.798s] Level 1:colcon.colcon_core.package_identification:_identify(src/ddt_ros2_control/interaction/teleop_command) by extensions ['ignore', 'ignore_ament_install']
[0.798s] Level 1:colcon.colcon_core.package_identification:_identify(src/ddt_ros2_control/interaction/teleop_command) by extension 'ignore'
[0.798s] Level 1:colcon.colcon_core.package_identification:_identify(src/ddt_ros2_control/interaction/teleop_command) by extension 'ignore_ament_install'
[0.798s] Level 1:colcon.colcon_core.package_identification:_identify(src/ddt_ros2_control/interaction/teleop_command) by extensions ['colcon_pkg']
[0.798s] Level 1:colcon.colcon_core.package_identification:_identify(src/ddt_ros2_control/interaction/teleop_command) by extension 'colcon_pkg'
[0.798s] Level 1:colcon.colcon_core.package_identification:_identify(src/ddt_ros2_control/interaction/teleop_command) by extensions ['colcon_meta']
[0.798s] Level 1:colcon.colcon_core.package_identification:_identify(src/ddt_ros2_control/interaction/teleop_command) by extension 'colcon_meta'
[0.798s] Level 1:colcon.colcon_core.package_identification:_identify(src/ddt_ros2_control/interaction/teleop_command) by extensions ['ros']
[0.798s] Level 1:colcon.colcon_core.package_identification:_identify(src/ddt_ros2_control/interaction/teleop_command) by extension 'ros'
[0.800s] DEBUG:colcon.colcon_core.package_identification:Package 'src/ddt_ros2_control/interaction/teleop_command' with type 'ros.ament_cmake' and name 'teleop_command'
[0.800s] Level 1:colcon.colcon_core.package_identification:_identify(src/ddt_ros2_control/ros_utils) by extensions ['ignore', 'ignore_ament_install']
[0.800s] Level 1:colcon.colcon_core.package_identification:_identify(src/ddt_ros2_control/ros_utils) by extension 'ignore'
[0.800s] Level 1:colcon.colcon_core.package_identification:_identify(src/ddt_ros2_control/ros_utils) by extension 'ignore_ament_install'
[0.800s] Level 1:colcon.colcon_core.package_identification:_identify(src/ddt_ros2_control/ros_utils) by extensions ['colcon_pkg']
[0.800s] Level 1:colcon.colcon_core.package_identification:_identify(src/ddt_ros2_control/ros_utils) by extension 'colcon_pkg'
[0.800s] Level 1:colcon.colcon_core.package_identification:_identify(src/ddt_ros2_control/ros_utils) by extensions ['colcon_meta']
[0.800s] Level 1:colcon.colcon_core.package_identification:_identify(src/ddt_ros2_control/ros_utils) by extension 'colcon_meta'
[0.800s] Level 1:colcon.colcon_core.package_identification:_identify(src/ddt_ros2_control/ros_utils) by extensions ['ros']
[0.800s] Level 1:colcon.colcon_core.package_identification:_identify(src/ddt_ros2_control/ros_utils) by extension 'ros'
[0.801s] DEBUG:colcon.colcon_core.package_identification:Package 'src/ddt_ros2_control/ros_utils' with type 'ros.ament_cmake' and name 'ros_utils'
[0.801s] Level 1:colcon.colcon_core.package_identification:_identify(src/ddt_ros2_control/simulation) by extensions ['ignore', 'ignore_ament_install']
[0.801s] Level 1:colcon.colcon_core.package_identification:_identify(src/ddt_ros2_control/simulation) by extension 'ignore'
[0.801s] Level 1:colcon.colcon_core.package_identification:_identify(src/ddt_ros2_control/simulation) by extension 'ignore_ament_install'
[0.805s] Level 1:colcon.colcon_core.package_identification:_identify(src/ddt_ros2_control/simulation) by extensions ['colcon_pkg']
[0.805s] Level 1:colcon.colcon_core.package_identification:_identify(src/ddt_ros2_control/simulation) by extension 'colcon_pkg'
[0.805s] Level 1:colcon.colcon_core.package_identification:_identify(src/ddt_ros2_control/simulation) by extensions ['colcon_meta']
[0.805s] Level 1:colcon.colcon_core.package_identification:_identify(src/ddt_ros2_control/simulation) by extension 'colcon_meta'
[0.805s] Level 1:colcon.colcon_core.package_identification:_identify(src/ddt_ros2_control/simulation) by extensions ['ros']
[0.805s] Level 1:colcon.colcon_core.package_identification:_identify(src/ddt_ros2_control/simulation) by extension 'ros'
[0.806s] Level 1:colcon.colcon_core.package_identification:_identify(src/ddt_ros2_control/simulation) by extensions ['cmake', 'python']
[0.806s] Level 1:colcon.colcon_core.package_identification:_identify(src/ddt_ros2_control/simulation) by extension 'cmake'
[0.806s] Level 1:colcon.colcon_core.package_identification:_identify(src/ddt_ros2_control/simulation) by extension 'python'
[0.806s] Level 1:colcon.colcon_core.package_identification:_identify(src/ddt_ros2_control/simulation) by extensions ['python_setup_py']
[0.806s] Level 1:colcon.colcon_core.package_identification:_identify(src/ddt_ros2_control/simulation) by extension 'python_setup_py'
[0.806s] Level 1:colcon.colcon_core.package_identification:_identify(src/ddt_ros2_control/simulation/gazebo_bridge) by extensions ['ignore', 'ignore_ament_install']
[0.806s] Level 1:colcon.colcon_core.package_identification:_identify(src/ddt_ros2_control/simulation/gazebo_bridge) by extension 'ignore'
[0.806s] Level 1:colcon.colcon_core.package_identification:_identify(src/ddt_ros2_control/simulation/gazebo_bridge) by extension 'ignore_ament_install'
[0.806s] Level 1:colcon.colcon_core.package_identification:_identify(src/ddt_ros2_control/simulation/gazebo_bridge) by extensions ['colcon_pkg']
[0.806s] Level 1:colcon.colcon_core.package_identification:_identify(src/ddt_ros2_control/simulation/gazebo_bridge) by extension 'colcon_pkg'
[0.806s] Level 1:colcon.colcon_core.package_identification:_identify(src/ddt_ros2_control/simulation/gazebo_bridge) by extensions ['colcon_meta']
[0.806s] Level 1:colcon.colcon_core.package_identification:_identify(src/ddt_ros2_control/simulation/gazebo_bridge) by extension 'colcon_meta'
[0.806s] Level 1:colcon.colcon_core.package_identification:_identify(src/ddt_ros2_control/simulation/gazebo_bridge) by extensions ['ros']
[0.806s] Level 1:colcon.colcon_core.package_identification:_identify(src/ddt_ros2_control/simulation/gazebo_bridge) by extension 'ros'
[0.837s] DEBUG:colcon.colcon_core.package_identification:Package 'src/ddt_ros2_control/simulation/gazebo_bridge' with type 'ros.ament_cmake' and name 'gazebo_bridge'
[0.837s] Level 1:colcon.colcon_core.package_identification:_identify(src/ddt_ros2_control/simulation/mujoco_bridge) by extensions ['ignore', 'ignore_ament_install']
[0.837s] Level 1:colcon.colcon_core.package_identification:_identify(src/ddt_ros2_control/simulation/mujoco_bridge) by extension 'ignore'
[0.837s] Level 1:colcon.colcon_core.package_identification:_identify(src/ddt_ros2_control/simulation/mujoco_bridge) by extension 'ignore_ament_install'
[0.838s] Level 1:colcon.colcon_core.package_identification:_identify(src/ddt_ros2_control/simulation/mujoco_bridge) by extensions ['colcon_pkg']
[0.838s] Level 1:colcon.colcon_core.package_identification:_identify(src/ddt_ros2_control/simulation/mujoco_bridge) by extension 'colcon_pkg'
[0.838s] Level 1:colcon.colcon_core.package_identification:_identify(src/ddt_ros2_control/simulation/mujoco_bridge) by extensions ['colcon_meta']
[0.838s] Level 1:colcon.colcon_core.package_identification:_identify(src/ddt_ros2_control/simulation/mujoco_bridge) by extension 'colcon_meta'
[0.838s] Level 1:colcon.colcon_core.package_identification:_identify(src/ddt_ros2_control/simulation/mujoco_bridge) by extensions ['ros']
[0.838s] Level 1:colcon.colcon_core.package_identification:_identify(src/ddt_ros2_control/simulation/mujoco_bridge) by extension 'ros'
[0.838s] Level 1:colcon.colcon_core.package_identification:_identify(src/ddt_ros2_control/simulation/mujoco_bridge) by extensions ['cmake', 'python']
[0.838s] Level 1:colcon.colcon_core.package_identification:_identify(src/ddt_ros2_control/simulation/mujoco_bridge) by extension 'cmake'
[0.838s] Level 1:colcon.colcon_core.package_identification:_identify(src/ddt_ros2_control/simulation/mujoco_bridge) by extension 'python'
[0.838s] Level 1:colcon.colcon_core.package_identification:_identify(src/ddt_ros2_control/simulation/mujoco_bridge) by extensions ['python_setup_py']
[0.838s] Level 1:colcon.colcon_core.package_identification:_identify(src/ddt_ros2_control/simulation/mujoco_bridge) by extension 'python_setup_py'
[0.838s] Level 1:colcon.colcon_core.package_identification:_identify(src/ddt_ros2_control/simulation/mujoco_bridge/mujoco_bridge) by extensions ['ignore', 'ignore_ament_install']
[0.838s] Level 1:colcon.colcon_core.package_identification:_identify(src/ddt_ros2_control/simulation/mujoco_bridge/mujoco_bridge) by extension 'ignore'
[0.838s] Level 1:colcon.colcon_core.package_identification:_identify(src/ddt_ros2_control/simulation/mujoco_bridge/mujoco_bridge) by extension 'ignore_ament_install'
[0.838s] Level 1:colcon.colcon_core.package_identification:_identify(src/ddt_ros2_control/simulation/mujoco_bridge/mujoco_bridge) by extensions ['colcon_pkg']
[0.838s] Level 1:colcon.colcon_core.package_identification:_identify(src/ddt_ros2_control/simulation/mujoco_bridge/mujoco_bridge) by extension 'colcon_pkg'
[0.838s] Level 1:colcon.colcon_core.package_identification:_identify(src/ddt_ros2_control/simulation/mujoco_bridge/mujoco_bridge) by extensions ['colcon_meta']
[0.838s] Level 1:colcon.colcon_core.package_identification:_identify(src/ddt_ros2_control/simulation/mujoco_bridge/mujoco_bridge) by extension 'colcon_meta'
[0.838s] Level 1:colcon.colcon_core.package_identification:_identify(src/ddt_ros2_control/simulation/mujoco_bridge/mujoco_bridge) by extensions ['ros']
[0.838s] Level 1:colcon.colcon_core.package_identification:_identify(src/ddt_ros2_control/simulation/mujoco_bridge/mujoco_bridge) by extension 'ros'
[0.839s] DEBUG:colcon.colcon_core.package_identification:Package 'src/ddt_ros2_control/simulation/mujoco_bridge/mujoco_bridge' with type 'ros.ament_cmake' and name 'mujoco_bridge'
[0.843s] Level 1:colcon.colcon_core.package_identification:_identify(src/ddt_ros2_control/simulation/mujoco_bridge/mujoco_ros2_control) by extensions ['ignore', 'ignore_ament_install']
[0.843s] Level 1:colcon.colcon_core.package_identification:_identify(src/ddt_ros2_control/simulation/mujoco_bridge/mujoco_ros2_control) by extension 'ignore'
[0.843s] Level 1:colcon.colcon_core.package_identification:_identify(src/ddt_ros2_control/simulation/mujoco_bridge/mujoco_ros2_control) by extension 'ignore_ament_install'
[0.843s] Level 1:colcon.colcon_core.package_identification:_identify(src/ddt_ros2_control/simulation/mujoco_bridge/mujoco_ros2_control) by extensions ['colcon_pkg']
[0.844s] Level 1:colcon.colcon_core.package_identification:_identify(src/ddt_ros2_control/simulation/mujoco_bridge/mujoco_ros2_control) by extension 'colcon_pkg'
[0.844s] Level 1:colcon.colcon_core.package_identification:_identify(src/ddt_ros2_control/simulation/mujoco_bridge/mujoco_ros2_control) by extensions ['colcon_meta']
[0.844s] Level 1:colcon.colcon_core.package_identification:_identify(src/ddt_ros2_control/simulation/mujoco_bridge/mujoco_ros2_control) by extension 'colcon_meta'
[0.844s] Level 1:colcon.colcon_core.package_identification:_identify(src/ddt_ros2_control/simulation/mujoco_bridge/mujoco_ros2_control) by extensions ['ros']
[0.844s] Level 1:colcon.colcon_core.package_identification:_identify(src/ddt_ros2_control/simulation/mujoco_bridge/mujoco_ros2_control) by extension 'ros'
[0.845s] DEBUG:colcon.colcon_core.package_identification:Package 'src/ddt_ros2_control/simulation/mujoco_bridge/mujoco_ros2_control' with type 'ros.ament_cmake' and name 'mujoco_ros2_control'
[0.845s] Level 1:colcon.colcon_core.package_identification:_identify(src/ddt_ros2_control/simulation/mujoco_bridge/mujoco_sim_ros2) by extensions ['ignore', 'ignore_ament_install']
[0.846s] Level 1:colcon.colcon_core.package_identification:_identify(src/ddt_ros2_control/simulation/mujoco_bridge/mujoco_sim_ros2) by extension 'ignore'
[0.846s] Level 1:colcon.colcon_core.package_identification:_identify(src/ddt_ros2_control/simulation/mujoco_bridge/mujoco_sim_ros2) by extension 'ignore_ament_install'
[0.846s] Level 1:colcon.colcon_core.package_identification:_identify(src/ddt_ros2_control/simulation/mujoco_bridge/mujoco_sim_ros2) by extensions ['colcon_pkg']
[0.846s] Level 1:colcon.colcon_core.package_identification:_identify(src/ddt_ros2_control/simulation/mujoco_bridge/mujoco_sim_ros2) by extension 'colcon_pkg'
[0.846s] Level 1:colcon.colcon_core.package_identification:_identify(src/ddt_ros2_control/simulation/mujoco_bridge/mujoco_sim_ros2) by extensions ['colcon_meta']
[0.846s] Level 1:colcon.colcon_core.package_identification:_identify(src/ddt_ros2_control/simulation/mujoco_bridge/mujoco_sim_ros2) by extension 'colcon_meta'
[0.846s] Level 1:colcon.colcon_core.package_identification:_identify(src/ddt_ros2_control/simulation/mujoco_bridge/mujoco_sim_ros2) by extensions ['ros']
[0.846s] Level 1:colcon.colcon_core.package_identification:_identify(src/ddt_ros2_control/simulation/mujoco_bridge/mujoco_sim_ros2) by extension 'ros'
[0.851s] DEBUG:colcon.colcon_core.package_identification:Package 'src/ddt_ros2_control/simulation/mujoco_bridge/mujoco_sim_ros2' with type 'ros.ament_cmake' and name 'mujoco_sim_ros2'
[0.851s] Level 1:colcon.colcon_core.package_identification:_identify(src/ddt_ros2_control/simulation/webots_bridge) by extensions ['ignore', 'ignore_ament_install']
[0.851s] Level 1:colcon.colcon_core.package_identification:_identify(src/ddt_ros2_control/simulation/webots_bridge) by extension 'ignore'
[0.851s] Level 1:colcon.colcon_core.package_identification:_identify(src/ddt_ros2_control/simulation/webots_bridge) by extension 'ignore_ament_install'
[0.851s] Level 1:colcon.colcon_core.package_identification:_identify(src/ddt_ros2_control/simulation/webots_bridge) by extensions ['colcon_pkg']
[0.851s] Level 1:colcon.colcon_core.package_identification:_identify(src/ddt_ros2_control/simulation/webots_bridge) by extension 'colcon_pkg'
[0.851s] Level 1:colcon.colcon_core.package_identification:_identify(src/ddt_ros2_control/simulation/webots_bridge) by extensions ['colcon_meta']
[0.851s] Level 1:colcon.colcon_core.package_identification:_identify(src/ddt_ros2_control/simulation/webots_bridge) by extension 'colcon_meta'
[0.851s] Level 1:colcon.colcon_core.package_identification:_identify(src/ddt_ros2_control/simulation/webots_bridge) by extensions ['ros']
[0.851s] Level 1:colcon.colcon_core.package_identification:_identify(src/ddt_ros2_control/simulation/webots_bridge) by extension 'ros'
[0.853s] DEBUG:colcon.colcon_core.package_identification:Package 'src/ddt_ros2_control/simulation/webots_bridge' with type 'ros.ament_cmake' and name 'webots_bridge'
[0.853s] Level 1:colcon.colcon_core.package_identification:_identify(src/ddt_ros2_control/urdfs) by extensions ['ignore', 'ignore_ament_install']
[0.853s] Level 1:colcon.colcon_core.package_identification:_identify(src/ddt_ros2_control/urdfs) by extension 'ignore'
[0.853s] Level 1:colcon.colcon_core.package_identification:_identify(src/ddt_ros2_control/urdfs) by extension 'ignore_ament_install'
[0.857s] Level 1:colcon.colcon_core.package_identification:_identify(src/ddt_ros2_control/urdfs) by extensions ['colcon_pkg']
[0.857s] Level 1:colcon.colcon_core.package_identification:_identify(src/ddt_ros2_control/urdfs) by extension 'colcon_pkg'
[0.857s] Level 1:colcon.colcon_core.package_identification:_identify(src/ddt_ros2_control/urdfs) by extensions ['colcon_meta']
[0.857s] Level 1:colcon.colcon_core.package_identification:_identify(src/ddt_ros2_control/urdfs) by extension 'colcon_meta'
[0.857s] Level 1:colcon.colcon_core.package_identification:_identify(src/ddt_ros2_control/urdfs) by extensions ['ros']
[0.857s] Level 1:colcon.colcon_core.package_identification:_identify(src/ddt_ros2_control/urdfs) by extension 'ros'
[0.858s] Level 1:colcon.colcon_core.package_identification:_identify(src/ddt_ros2_control/urdfs) by extensions ['cmake', 'python']
[0.858s] Level 1:colcon.colcon_core.package_identification:_identify(src/ddt_ros2_control/urdfs) by extension 'cmake'
[0.858s] Level 1:colcon.colcon_core.package_identification:_identify(src/ddt_ros2_control/urdfs) by extension 'python'
[0.858s] Level 1:colcon.colcon_core.package_identification:_identify(src/ddt_ros2_control/urdfs) by extensions ['python_setup_py']
[0.858s] Level 1:colcon.colcon_core.package_identification:_identify(src/ddt_ros2_control/urdfs) by extension 'python_setup_py'
[0.858s] Level 1:colcon.colcon_core.package_identification:_identify(src/ddt_ros2_control/urdfs/d1_description) by extensions ['ignore', 'ignore_ament_install']
[0.858s] Level 1:colcon.colcon_core.package_identification:_identify(src/ddt_ros2_control/urdfs/d1_description) by extension 'ignore'
[0.858s] Level 1:colcon.colcon_core.package_identification:_identify(src/ddt_ros2_control/urdfs/d1_description) by extension 'ignore_ament_install'
[0.858s] Level 1:colcon.colcon_core.package_identification:_identify(src/ddt_ros2_control/urdfs/d1_description) by extensions ['colcon_pkg']
[0.858s] Level 1:colcon.colcon_core.package_identification:_identify(src/ddt_ros2_control/urdfs/d1_description) by extension 'colcon_pkg'
[0.858s] Level 1:colcon.colcon_core.package_identification:_identify(src/ddt_ros2_control/urdfs/d1_description) by extensions ['colcon_meta']
[0.858s] Level 1:colcon.colcon_core.package_identification:_identify(src/ddt_ros2_control/urdfs/d1_description) by extension 'colcon_meta'
[0.858s] Level 1:colcon.colcon_core.package_identification:_identify(src/ddt_ros2_control/urdfs/d1_description) by extensions ['ros']
[0.858s] Level 1:colcon.colcon_core.package_identification:_identify(src/ddt_ros2_control/urdfs/d1_description) by extension 'ros'
[0.869s] DEBUG:colcon.colcon_core.package_identification:Package 'src/ddt_ros2_control/urdfs/d1_description' with type 'ros.ament_cmake' and name 'd1_description'
[0.869s] Level 1:colcon.colcon_core.package_identification:_identify(src/ddt_ros2_control/urdfs/d1h_description) by extensions ['ignore', 'ignore_ament_install']
[0.869s] Level 1:colcon.colcon_core.package_identification:_identify(src/ddt_ros2_control/urdfs/d1h_description) by extension 'ignore'
[0.869s] Level 1:colcon.colcon_core.package_identification:_identify(src/ddt_ros2_control/urdfs/d1h_description) by extension 'ignore_ament_install'
[0.869s] Level 1:colcon.colcon_core.package_identification:_identify(src/ddt_ros2_control/urdfs/d1h_description) by extensions ['colcon_pkg']
[0.869s] Level 1:colcon.colcon_core.package_identification:_identify(src/ddt_ros2_control/urdfs/d1h_description) by extension 'colcon_pkg'
[0.869s] Level 1:colcon.colcon_core.package_identification:_identify(src/ddt_ros2_control/urdfs/d1h_description) by extensions ['colcon_meta']
[0.869s] Level 1:colcon.colcon_core.package_identification:_identify(src/ddt_ros2_control/urdfs/d1h_description) by extension 'colcon_meta'
[0.869s] Level 1:colcon.colcon_core.package_identification:_identify(src/ddt_ros2_control/urdfs/d1h_description) by extensions ['ros']
[0.869s] Level 1:colcon.colcon_core.package_identification:_identify(src/ddt_ros2_control/urdfs/d1h_description) by extension 'ros'
[0.877s] DEBUG:colcon.colcon_core.package_identification:Package 'src/ddt_ros2_control/urdfs/d1h_description' with type 'ros.ament_cmake' and name 'd1h_description'
[0.878s] Level 1:colcon.colcon_core.package_identification:_identify(src/ddt_ros2_control/urdfs/tita_description) by extensions ['ignore', 'ignore_ament_install']
[0.878s] Level 1:colcon.colcon_core.package_identification:_identify(src/ddt_ros2_control/urdfs/tita_description) by extension 'ignore'
[0.878s] Level 1:colcon.colcon_core.package_identification:_identify(src/ddt_ros2_control/urdfs/tita_description) by extension 'ignore_ament_install'
[0.878s] Level 1:colcon.colcon_core.package_identification:_identify(src/ddt_ros2_control/urdfs/tita_description) by extensions ['colcon_pkg']
[0.878s] Level 1:colcon.colcon_core.package_identification:_identify(src/ddt_ros2_control/urdfs/tita_description) by extension 'colcon_pkg'
[0.878s] Level 1:colcon.colcon_core.package_identification:_identify(src/ddt_ros2_control/urdfs/tita_description) by extensions ['colcon_meta']
[0.878s] Level 1:colcon.colcon_core.package_identification:_identify(src/ddt_ros2_control/urdfs/tita_description) by extension 'colcon_meta'
[0.878s] Level 1:colcon.colcon_core.package_identification:_identify(src/ddt_ros2_control/urdfs/tita_description) by extensions ['ros']
[0.878s] Level 1:colcon.colcon_core.package_identification:_identify(src/ddt_ros2_control/urdfs/tita_description) by extension 'ros'
[0.886s] DEBUG:colcon.colcon_core.package_identification:Package 'src/ddt_ros2_control/urdfs/tita_description' with type 'ros.ament_cmake' and name 'tita_description'
[0.886s] Level 1:colcon.colcon_core.package_identification:_identify(src/ddt_ros2_control/urdfs/titatit_description) by extensions ['ignore', 'ignore_ament_install']
[0.886s] Level 1:colcon.colcon_core.package_identification:_identify(src/ddt_ros2_control/urdfs/titatit_description) by extension 'ignore'
[0.886s] Level 1:colcon.colcon_core.package_identification:_identify(src/ddt_ros2_control/urdfs/titatit_description) by extension 'ignore_ament_install'
[0.886s] Level 1:colcon.colcon_core.package_identification:_identify(src/ddt_ros2_control/urdfs/titatit_description) by extensions ['colcon_pkg']
[0.886s] Level 1:colcon.colcon_core.package_identification:_identify(src/ddt_ros2_control/urdfs/titatit_description) by extension 'colcon_pkg'
[0.886s] Level 1:colcon.colcon_core.package_identification:_identify(src/ddt_ros2_control/urdfs/titatit_description) by extensions ['colcon_meta']
[0.886s] Level 1:colcon.colcon_core.package_identification:_identify(src/ddt_ros2_control/urdfs/titatit_description) by extension 'colcon_meta'
[0.890s] Level 1:colcon.colcon_core.package_identification:_identify(src/ddt_ros2_control/urdfs/titatit_description) by extensions ['ros']
[0.890s] Level 1:colcon.colcon_core.package_identification:_identify(src/ddt_ros2_control/urdfs/titatit_description) by extension 'ros'
[0.898s] DEBUG:colcon.colcon_core.package_identification:Package 'src/ddt_ros2_control/urdfs/titatit_description' with type 'ros.ament_cmake' and name 'titatit_description'
[0.898s] Level 1:colcon.colcon_core.package_identification:_identify(src/fishbot_navigation2) by extensions ['ignore', 'ignore_ament_install']
[0.898s] Level 1:colcon.colcon_core.package_identification:_identify(src/fishbot_navigation2) by extension 'ignore'
[0.898s] Level 1:colcon.colcon_core.package_identification:_identify(src/fishbot_navigation2) by extension 'ignore_ament_install'
[0.898s] Level 1:colcon.colcon_core.package_identification:_identify(src/fishbot_navigation2) by extensions ['colcon_pkg']
[0.898s] Level 1:colcon.colcon_core.package_identification:_identify(src/fishbot_navigation2) by extension 'colcon_pkg'
[0.898s] Level 1:colcon.colcon_core.package_identification:_identify(src/fishbot_navigation2) by extensions ['colcon_meta']
[0.898s] Level 1:colcon.colcon_core.package_identification:_identify(src/fishbot_navigation2) by extension 'colcon_meta'
[0.898s] Level 1:colcon.colcon_core.package_identification:_identify(src/fishbot_navigation2) by extensions ['ros']
[0.898s] Level 1:colcon.colcon_core.package_identification:_identify(src/fishbot_navigation2) by extension 'ros'
[0.899s] DEBUG:colcon.colcon_core.package_identification:Package 'src/fishbot_navigation2' with type 'ros.ament_cmake' and name 'fishbot_navigation2'
[0.899s] Level 1:colcon.colcon_core.package_discovery:discover_packages(recursive) using defaults
[0.899s] Level 1:colcon.colcon_core.package_discovery:discover_packages(ignore) discover
[0.899s] Level 1:colcon.colcon_core.package_discovery:discover_packages(ignore) using defaults
[0.899s] Level 1:colcon.colcon_core.package_discovery:discover_packages(path) discover
[0.899s] Level 1:colcon.colcon_core.package_discovery:discover_packages(path) using defaults
[0.957s] INFO:colcon.colcon_core.package_selection:Skipping not selected package 'd1_description' in 'src/ddt_ros2_control/urdfs/d1_description'
[0.957s] INFO:colcon.colcon_core.package_selection:Skipping not selected package 'd1h_description' in 'src/ddt_ros2_control/urdfs/d1h_description'
[0.961s] INFO:colcon.colcon_core.package_selection:Skipping not selected package 'fishbot_navigation2' in 'src/fishbot_navigation2'
[0.961s] INFO:colcon.colcon_core.package_selection:Skipping not selected package 'mujoco_sim_ros2' in 'src/ddt_ros2_control/simulation/mujoco_bridge/mujoco_sim_ros2'
[0.961s] INFO:colcon.colcon_core.package_selection:Skipping not selected package 'ros_utils' in 'src/ddt_ros2_control/ros_utils'
[0.961s] INFO:colcon.colcon_core.package_selection:Skipping not selected package 'tita_description' in 'src/ddt_ros2_control/urdfs/tita_description'
[0.961s] INFO:colcon.colcon_core.package_selection:Skipping not selected package 'tita_robot' in 'src/ddt_ros2_control/hardware/tita_robot'
[0.961s] INFO:colcon.colcon_core.package_selection:Skipping not selected package 'webots_bridge' in 'src/ddt_ros2_control/simulation/webots_bridge'
[0.961s] INFO:colcon.colcon_core.package_selection:Skipping not selected package 'gazebo_bridge' in 'src/ddt_ros2_control/simulation/gazebo_bridge'
[0.961s] INFO:colcon.colcon_core.package_selection:Skipping not selected package 'hardware_bridge' in 'src/ddt_ros2_control/hardware/hardware_bridge'
[0.961s] INFO:colcon.colcon_core.package_selection:Skipping not selected package 'keyboard_controller' in 'src/ddt_ros2_control/interaction/keyboard_controller'
[0.962s] INFO:colcon.colcon_core.package_selection:Skipping not selected package 'mujoco_ros2_control' in 'src/ddt_ros2_control/simulation/mujoco_bridge/mujoco_ros2_control'
[0.962s] INFO:colcon.colcon_core.package_selection:Skipping not selected package 'rl_controller' in 'src/ddt_ros2_control/controller/rl_controller'
[0.962s] INFO:colcon.colcon_core.package_selection:Skipping not selected package 'teleop_command' in 'src/ddt_ros2_control/interaction/teleop_command'
[0.962s] INFO:colcon.colcon_core.package_selection:Skipping not selected package 'mujoco_bridge' in 'src/ddt_ros2_control/simulation/mujoco_bridge/mujoco_bridge'
[0.962s] Level 1:colcon.colcon_core.package_discovery:discover_packages(prefix_path) check parameters
[0.962s] Level 1:colcon.colcon_core.package_discovery:discover_packages(prefix_path) discover
[0.969s] DEBUG:colcon.colcon_installed_package_information.package_discovery:Found 9 installed packages in /home/aiseon/navigation2_all/leg4_MPPI/install
[0.971s] DEBUG:colcon.colcon_installed_package_information.package_discovery:Found 440 installed packages in /opt/ros/humble
[0.974s] Level 1:colcon.colcon_core.package_discovery:discover_packages(prefix_path) using defaults
[1.125s] Level 5:colcon.colcon_core.verb:set package 'titatit_description' build argument 'cmake_args' from command line to '['-DCMAKE_BUILD_TYPE=Release']'
[1.125s] Level 5:colcon.colcon_core.verb:set package 'titatit_description' build argument 'cmake_target' from command line to 'None'
[1.132s] Level 5:colcon.colcon_core.verb:set package 'titatit_description' build argument 'cmake_target_skip_unavailable' from command line to 'False'
[1.132s] Level 5:colcon.colcon_core.verb:set package 'titatit_description' build argument 'cmake_clean_cache' from command line to 'False'
[1.132s] Level 5:colcon.colcon_core.verb:set package 'titatit_description' build argument 'cmake_clean_first' from command line to 'False'
[1.133s] Level 5:colcon.colcon_core.verb:set package 'titatit_description' build argument 'cmake_force_configure' from command line to 'False'
[1.133s] Level 5:colcon.colcon_core.verb:set package 'titatit_description' build argument 'ament_cmake_args' from command line to 'None'
[1.133s] Level 5:colcon.colcon_core.verb:set package 'titatit_description' build argument 'catkin_cmake_args' from command line to 'None'
[1.133s] Level 5:colcon.colcon_core.verb:set package 'titatit_description' build argument 'catkin_skip_building_tests' from command line to 'False'
[1.133s] DEBUG:colcon.colcon_core.verb:Building package 'titatit_description' with the following arguments: {'ament_cmake_args': None, 'build_base': '/home/aiseon/navigation2_all/leg4_MPPI/build/titatit_description', 'catkin_cmake_args': None, 'catkin_skip_building_tests': False, 'cmake_args': ['-DCMAKE_BUILD_TYPE=Release'], 'cmake_clean_cache': False, 'cmake_clean_first': False, 'cmake_force_configure': False, 'cmake_target': None, 'cmake_target_skip_unavailable': False, 'install_base': '/home/aiseon/navigation2_all/leg4_MPPI/install/titatit_description', 'merge_install': False, 'path': '/home/aiseon/navigation2_all/leg4_MPPI/src/ddt_ros2_control/urdfs/titatit_description', 'symlink_install': True, 'test_result_base': None}
[1.133s] INFO:colcon.colcon_core.executor:Executing jobs using 'parallel' executor
[1.139s] DEBUG:colcon.colcon_parallel_executor.executor.parallel:run_until_complete
[1.140s] INFO:colcon.colcon_ros.task.ament_cmake.build:Building ROS package in '/home/aiseon/navigation2_all/leg4_MPPI/src/ddt_ros2_control/urdfs/titatit_description' with build type 'ament_cmake'
[1.140s] INFO:colcon.colcon_cmake.task.cmake.build:Building CMake package in '/home/aiseon/navigation2_all/leg4_MPPI/src/ddt_ros2_control/urdfs/titatit_description'
[1.145s] INFO:colcon.colcon_core.plugin_system:Skipping extension 'colcon_core.shell.bat': Not used on non-Windows systems
[1.146s] INFO:colcon.colcon_core.shell:Skip shell extension 'powershell' for command environment: Not usable outside of PowerShell
[1.146s] DEBUG:colcon.colcon_core.shell:Skip shell extension 'dsv' for command environment
[1.180s] DEBUG:colcon.colcon_core.event_handler.log_command:Invoking command in '/home/aiseon/navigation2_all/leg4_MPPI/build/titatit_description': CMAKE_PREFIX_PATH=${CMAKE_PREFIX_PATH}:/opt/ros/humble /usr/bin/cmake /home/aiseon/navigation2_all/leg4_MPPI/src/ddt_ros2_control/urdfs/titatit_description -DCMAKE_BUILD_TYPE=Release -DAMENT_CMAKE_SYMLINK_INSTALL=1 -DCMAKE_INSTALL_PREFIX=/home/aiseon/navigation2_all/leg4_MPPI/install/titatit_description
[1.852s] DEBUG:colcon.colcon_core.event_handler.log_command:Invoked command in '/home/aiseon/navigation2_all/leg4_MPPI/build/titatit_description' returned '0': CMAKE_PREFIX_PATH=${CMAKE_PREFIX_PATH}:/opt/ros/humble /usr/bin/cmake /home/aiseon/navigation2_all/leg4_MPPI/src/ddt_ros2_control/urdfs/titatit_description -DCMAKE_BUILD_TYPE=Release -DAMENT_CMAKE_SYMLINK_INSTALL=1 -DCMAKE_INSTALL_PREFIX=/home/aiseon/navigation2_all/leg4_MPPI/install/titatit_description
[1.853s] DEBUG:colcon.colcon_core.event_handler.log_command:Invoking command in '/home/aiseon/navigation2_all/leg4_MPPI/build/titatit_description': CMAKE_PREFIX_PATH=${CMAKE_PREFIX_PATH}:/opt/ros/humble /usr/bin/cmake --build /home/aiseon/navigation2_all/leg4_MPPI/build/titatit_description -- -j192 -l192
[2.001s] DEBUG:colcon.colcon_core.event_handler.log_command:Invoked command in '/home/aiseon/navigation2_all/leg4_MPPI/build/titatit_description' returned '0': CMAKE_PREFIX_PATH=${CMAKE_PREFIX_PATH}:/opt/ros/humble /usr/bin/cmake --build /home/aiseon/navigation2_all/leg4_MPPI/build/titatit_description -- -j192 -l192
[2.037s] DEBUG:colcon.colcon_core.event_handler.log_command:Invoking command in '/home/aiseon/navigation2_all/leg4_MPPI/build/titatit_description': CMAKE_PREFIX_PATH=${CMAKE_PREFIX_PATH}:/opt/ros/humble /usr/bin/cmake --install /home/aiseon/navigation2_all/leg4_MPPI/build/titatit_description
[2.112s] Level 1:colcon.colcon_core.environment:create_environment_scripts_only(titatit_description)
[2.113s] DEBUG:colcon.colcon_core.event_handler.log_command:Invoked command in '/home/aiseon/navigation2_all/leg4_MPPI/build/titatit_description' returned '0': CMAKE_PREFIX_PATH=${CMAKE_PREFIX_PATH}:/opt/ros/humble /usr/bin/cmake --install /home/aiseon/navigation2_all/leg4_MPPI/build/titatit_description
[2.116s] Level 1:colcon.colcon_core.environment:checking '/home/aiseon/navigation2_all/leg4_MPPI/install/titatit_description' for CMake module files
[2.119s] Level 1:colcon.colcon_core.environment:checking '/home/aiseon/navigation2_all/leg4_MPPI/install/titatit_description' for CMake config files
[2.120s] Level 1:colcon.colcon_core.shell:create_environment_hook('titatit_description', 'cmake_prefix_path')
[2.120s] INFO:colcon.colcon_core.shell:Creating environment hook '/home/aiseon/navigation2_all/leg4_MPPI/install/titatit_description/share/titatit_description/hook/cmake_prefix_path.ps1'
[2.121s] INFO:colcon.colcon_core.shell:Creating environment descriptor '/home/aiseon/navigation2_all/leg4_MPPI/install/titatit_description/share/titatit_description/hook/cmake_prefix_path.dsv'
[2.122s] INFO:colcon.colcon_core.shell:Creating environment hook '/home/aiseon/navigation2_all/leg4_MPPI/install/titatit_description/share/titatit_description/hook/cmake_prefix_path.sh'
[2.127s] Level 1:colcon.colcon_core.environment:checking '/home/aiseon/navigation2_all/leg4_MPPI/install/titatit_description/bin'
[2.127s] Level 1:colcon.colcon_core.environment:checking '/home/aiseon/navigation2_all/leg4_MPPI/install/titatit_description/lib/pkgconfig/titatit_description.pc'
[2.127s] Level 1:colcon.colcon_core.environment:checking '/home/aiseon/navigation2_all/leg4_MPPI/install/titatit_description/lib/python3.10/site-packages'
[2.128s] Level 1:colcon.colcon_core.environment:checking '/home/aiseon/navigation2_all/leg4_MPPI/install/titatit_description/bin'
[2.128s] INFO:colcon.colcon_core.shell:Creating package script '/home/aiseon/navigation2_all/leg4_MPPI/install/titatit_description/share/titatit_description/package.ps1'
[2.129s] INFO:colcon.colcon_core.shell:Creating package descriptor '/home/aiseon/navigation2_all/leg4_MPPI/install/titatit_description/share/titatit_description/package.dsv'
[2.134s] INFO:colcon.colcon_core.shell:Creating package script '/home/aiseon/navigation2_all/leg4_MPPI/install/titatit_description/share/titatit_description/package.sh'
[2.135s] INFO:colcon.colcon_core.shell:Creating package script '/home/aiseon/navigation2_all/leg4_MPPI/install/titatit_description/share/titatit_description/package.bash'
[2.136s] INFO:colcon.colcon_core.shell:Creating package script '/home/aiseon/navigation2_all/leg4_MPPI/install/titatit_description/share/titatit_description/package.zsh'
[2.137s] Level 1:colcon.colcon_core.environment:create_file_with_runtime_dependencies(/home/aiseon/navigation2_all/leg4_MPPI/install/titatit_description/share/colcon-core/packages/titatit_description)
[2.142s] Level 1:colcon.colcon_core.environment:create_environment_scripts_only(titatit_description)
[2.142s] Level 1:colcon.colcon_core.environment:checking '/home/aiseon/navigation2_all/leg4_MPPI/install/titatit_description' for CMake module files
[2.143s] Level 1:colcon.colcon_core.environment:checking '/home/aiseon/navigation2_all/leg4_MPPI/install/titatit_description' for CMake config files
[2.143s] Level 1:colcon.colcon_core.shell:create_environment_hook('titatit_description', 'cmake_prefix_path')
[2.143s] INFO:colcon.colcon_core.shell:Creating environment hook '/home/aiseon/navigation2_all/leg4_MPPI/install/titatit_description/share/titatit_description/hook/cmake_prefix_path.ps1'
[2.144s] INFO:colcon.colcon_core.shell:Creating environment descriptor '/home/aiseon/navigation2_all/leg4_MPPI/install/titatit_description/share/titatit_description/hook/cmake_prefix_path.dsv'
[2.144s] INFO:colcon.colcon_core.shell:Creating environment hook '/home/aiseon/navigation2_all/leg4_MPPI/install/titatit_description/share/titatit_description/hook/cmake_prefix_path.sh'
[2.145s] Level 1:colcon.colcon_core.environment:checking '/home/aiseon/navigation2_all/leg4_MPPI/install/titatit_description/bin'
[2.145s] Level 1:colcon.colcon_core.environment:checking '/home/aiseon/navigation2_all/leg4_MPPI/install/titatit_description/lib/pkgconfig/titatit_description.pc'
[2.145s] Level 1:colcon.colcon_core.environment:checking '/home/aiseon/navigation2_all/leg4_MPPI/install/titatit_description/lib/python3.10/site-packages'
[2.146s] Level 1:colcon.colcon_core.environment:checking '/home/aiseon/navigation2_all/leg4_MPPI/install/titatit_description/bin'
[2.146s] INFO:colcon.colcon_core.shell:Creating package script '/home/aiseon/navigation2_all/leg4_MPPI/install/titatit_description/share/titatit_description/package.ps1'
[2.147s] INFO:colcon.colcon_core.shell:Creating package descriptor '/home/aiseon/navigation2_all/leg4_MPPI/install/titatit_description/share/titatit_description/package.dsv'
[2.151s] INFO:colcon.colcon_core.shell:Creating package script '/home/aiseon/navigation2_all/leg4_MPPI/install/titatit_description/share/titatit_description/package.sh'
[2.152s] INFO:colcon.colcon_core.shell:Creating package script '/home/aiseon/navigation2_all/leg4_MPPI/install/titatit_description/share/titatit_description/package.bash'
[2.152s] INFO:colcon.colcon_core.shell:Creating package script '/home/aiseon/navigation2_all/leg4_MPPI/install/titatit_description/share/titatit_description/package.zsh'
[2.153s] Level 1:colcon.colcon_core.environment:create_file_with_runtime_dependencies(/home/aiseon/navigation2_all/leg4_MPPI/install/titatit_description/share/colcon-core/packages/titatit_description)
[2.153s] DEBUG:colcon.colcon_parallel_executor.executor.parallel:closing loop
[2.156s] DEBUG:colcon.colcon_parallel_executor.executor.parallel:loop closed
[2.157s] DEBUG:colcon.colcon_parallel_executor.executor.parallel:run_until_complete finished with '0'
[2.157s] DEBUG:colcon.colcon_core.event_reactor:joining thread
[2.171s] INFO:colcon.colcon_core.plugin_system:Skipping extension 'colcon_notification.desktop_notification.terminal_notifier': Not used on non-Darwin systems
[2.171s] INFO:colcon.colcon_core.plugin_system:Skipping extension 'colcon_notification.desktop_notification.win32': Not used on non-Windows systems
[2.171s] INFO:colcon.colcon_notification.desktop_notification:Sending desktop notification using 'notify2'
[2.188s] DEBUG:colcon.colcon_core.event_reactor:joined thread
[2.189s] INFO:colcon.colcon_core.shell:Creating prefix script '/home/aiseon/navigation2_all/leg4_MPPI/install/local_setup.ps1'
[2.190s] INFO:colcon.colcon_core.shell:Creating prefix util module '/home/aiseon/navigation2_all/leg4_MPPI/install/_local_setup_util_ps1.py'
[2.195s] INFO:colcon.colcon_core.shell:Creating prefix chain script '/home/aiseon/navigation2_all/leg4_MPPI/install/setup.ps1'
[2.197s] INFO:colcon.colcon_core.shell:Creating prefix script '/home/aiseon/navigation2_all/leg4_MPPI/install/local_setup.sh'
[2.198s] INFO:colcon.colcon_core.shell:Creating prefix util module '/home/aiseon/navigation2_all/leg4_MPPI/install/_local_setup_util_sh.py'
[2.202s] INFO:colcon.colcon_core.shell:Creating prefix chain script '/home/aiseon/navigation2_all/leg4_MPPI/install/setup.sh'
[2.204s] INFO:colcon.colcon_core.shell:Creating prefix script '/home/aiseon/navigation2_all/leg4_MPPI/install/local_setup.bash'
[2.204s] INFO:colcon.colcon_core.shell:Creating prefix chain script '/home/aiseon/navigation2_all/leg4_MPPI/install/setup.bash'
[2.210s] INFO:colcon.colcon_core.shell:Creating prefix script '/home/aiseon/navigation2_all/leg4_MPPI/install/local_setup.zsh'
[2.210s] INFO:colcon.colcon_core.shell:Creating prefix chain script '/home/aiseon/navigation2_all/leg4_MPPI/install/setup.zsh'
