[0.018s] Invoking command in '/home/aiseon/navigation2_all/leg4_MPPI/build/fishbot_navigation2': CMAKE_PREFIX_PATH=/opt/ros/humble /usr/bin/cmake /home/aiseon/navigation2_all/leg4_MPPI/src/fishbot_navigation2 -DCMAKE_BUILD_TYPE=Release -DAMENT_CMAKE_SYMLINK_INSTALL=1 -DCMAKE_INSTALL_PREFIX=/home/aiseon/navigation2_all/leg4_MPPI/install/fishbot_navigation2
[0.119s] -- The C compiler identification is GNU 11.4.0
[0.201s] -- The CXX compiler identification is GNU 11.4.0
[0.212s] -- Detecting C compiler ABI info
[0.342s] -- Detecting C compiler ABI info - done
[0.350s] -- Check for working C compiler: /usr/bin/cc - skipped
[0.350s] -- Detecting C compile features
[0.350s] -- Detecting C compile features - done
[0.353s] -- Detecting CXX compiler ABI info
[0.490s] -- Detecting CXX compiler ABI info - done
[0.498s] -- Check for working CXX compiler: /usr/bin/c++ - skipped
[0.498s] -- Detecting CXX compile features
[0.499s] -- Detecting CXX compile features - done
[0.501s] -- Found ament_cmake: 1.3.13 (/opt/ros/humble/share/ament_cmake/cmake)
[0.692s] -- Found Python3: /usr/bin/python3 (found version "3.10.12") found components: Interpreter 
[0.768s] -- Override CMake install command with custom implementation using symlinks instead of copying resources
[0.801s] -- Found ament_lint_auto: 0.12.15 (/opt/ros/humble/share/ament_lint_auto/cmake)
[0.894s] -- Added test 'flake8' to check Python code syntax and style conventions
[0.895s] -- Added test 'lint_cmake' to check CMake code style
[0.895s] -- Added test 'pep257' to check Python code against some of the docstring style conventions in PEP 257
[0.896s] -- Added test 'xmllint' to check XML markup files
[0.898s] -- Configuring done
[0.901s] -- Generating done
[0.903s] -- Build files have been written to: /home/aiseon/navigation2_all/leg4_MPPI/build/fishbot_navigation2
[0.912s] Invoked command in '/home/aiseon/navigation2_all/leg4_MPPI/build/fishbot_navigation2' returned '0': CMAKE_PREFIX_PATH=/opt/ros/humble /usr/bin/cmake /home/aiseon/navigation2_all/leg4_MPPI/src/fishbot_navigation2 -DCMAKE_BUILD_TYPE=Release -DAMENT_CMAKE_SYMLINK_INSTALL=1 -DCMAKE_INSTALL_PREFIX=/home/aiseon/navigation2_all/leg4_MPPI/install/fishbot_navigation2
[0.916s] Invoking command in '/home/aiseon/navigation2_all/leg4_MPPI/build/fishbot_navigation2': CMAKE_PREFIX_PATH=/opt/ros/humble /usr/bin/cmake --build /home/aiseon/navigation2_all/leg4_MPPI/build/fishbot_navigation2 -- -j192 -l192
[0.977s] Invoked command in '/home/aiseon/navigation2_all/leg4_MPPI/build/fishbot_navigation2' returned '0': CMAKE_PREFIX_PATH=/opt/ros/humble /usr/bin/cmake --build /home/aiseon/navigation2_all/leg4_MPPI/build/fishbot_navigation2 -- -j192 -l192
[0.979s] Invoking command in '/home/aiseon/navigation2_all/leg4_MPPI/build/fishbot_navigation2': CMAKE_PREFIX_PATH=/opt/ros/humble /usr/bin/cmake --install /home/aiseon/navigation2_all/leg4_MPPI/build/fishbot_navigation2
[0.989s] -- Install configuration: "Release"
[0.990s] -- Execute custom install script
[0.990s] -- Symlinking: /home/aiseon/navigation2_all/leg4_MPPI/install/fishbot_navigation2/share/fishbot_navigation2/launch/navigation2.launch.py
[1.004s] -- Symlinking: /home/aiseon/navigation2_all/leg4_MPPI/install/fishbot_navigation2/share/fishbot_navigation2/maps/labotory.pgm
[1.018s] -- Symlinking: /home/aiseon/navigation2_all/leg4_MPPI/install/fishbot_navigation2/share/fishbot_navigation2/maps/labotory.yaml
[1.032s] -- Symlinking: /home/aiseon/navigation2_all/leg4_MPPI/install/fishbot_navigation2/share/fishbot_navigation2/maps/room.pgm
[1.048s] -- Symlinking: /home/aiseon/navigation2_all/leg4_MPPI/install/fishbot_navigation2/share/fishbot_navigation2/maps/room.yaml
[1.063s] -- Symlinking: /home/aiseon/navigation2_all/leg4_MPPI/install/fishbot_navigation2/share/fishbot_navigation2/config/nav2_params.yaml
[1.075s] -- Symlinking: /home/aiseon/navigation2_all/leg4_MPPI/install/fishbot_navigation2/share/ament_index/resource_index/package_run_dependencies/fishbot_navigation2
[1.088s] -- Symlinking: /home/aiseon/navigation2_all/leg4_MPPI/install/fishbot_navigation2/share/ament_index/resource_index/parent_prefix_path/fishbot_navigation2
[1.102s] -- Symlinking: /home/aiseon/navigation2_all/leg4_MPPI/install/fishbot_navigation2/share/fishbot_navigation2/environment/ament_prefix_path.sh
[1.118s] -- Symlinking: /home/aiseon/navigation2_all/leg4_MPPI/install/fishbot_navigation2/share/fishbot_navigation2/environment/ament_prefix_path.dsv
[1.131s] -- Symlinking: /home/aiseon/navigation2_all/leg4_MPPI/install/fishbot_navigation2/share/fishbot_navigation2/environment/path.sh
[1.146s] -- Symlinking: /home/aiseon/navigation2_all/leg4_MPPI/install/fishbot_navigation2/share/fishbot_navigation2/environment/path.dsv
[1.161s] -- Symlinking: /home/aiseon/navigation2_all/leg4_MPPI/install/fishbot_navigation2/share/fishbot_navigation2/local_setup.bash
[1.176s] -- Symlinking: /home/aiseon/navigation2_all/leg4_MPPI/install/fishbot_navigation2/share/fishbot_navigation2/local_setup.sh
[1.189s] -- Symlinking: /home/aiseon/navigation2_all/leg4_MPPI/install/fishbot_navigation2/share/fishbot_navigation2/local_setup.zsh
[1.206s] -- Symlinking: /home/aiseon/navigation2_all/leg4_MPPI/install/fishbot_navigation2/share/fishbot_navigation2/local_setup.dsv
[1.220s] -- Symlinking: /home/aiseon/navigation2_all/leg4_MPPI/install/fishbot_navigation2/share/fishbot_navigation2/package.dsv
[1.237s] -- Symlinking: /home/aiseon/navigation2_all/leg4_MPPI/install/fishbot_navigation2/share/ament_index/resource_index/packages/fishbot_navigation2
[1.250s] -- Symlinking: /home/aiseon/navigation2_all/leg4_MPPI/install/fishbot_navigation2/share/fishbot_navigation2/cmake/fishbot_navigation2Config.cmake
[1.264s] -- Symlinking: /home/aiseon/navigation2_all/leg4_MPPI/install/fishbot_navigation2/share/fishbot_navigation2/cmake/fishbot_navigation2Config-version.cmake
[1.279s] -- Symlinking: /home/aiseon/navigation2_all/leg4_MPPI/install/fishbot_navigation2/share/fishbot_navigation2/package.xml
[1.297s] Invoked command in '/home/aiseon/navigation2_all/leg4_MPPI/build/fishbot_navigation2' returned '0': CMAKE_PREFIX_PATH=/opt/ros/humble /usr/bin/cmake --install /home/aiseon/navigation2_all/leg4_MPPI/build/fishbot_navigation2
