[0.020s] Invoking command in '/home/aiseon/navigation2_all/leg4_MPPI/build/d1h_description': CMAKE_PREFIX_PATH=${CMAKE_PREFIX_PATH}:/opt/ros/humble /usr/bin/cmake /home/aiseon/navigation2_all/leg4_MPPI/src/ddt_ros2_control/urdfs/d1h_description -DCMAKE_BUILD_TYPE=Release -DAMENT_CMAKE_SYMLINK_INSTALL=1 -DCMAKE_INSTALL_PREFIX=/home/aiseon/navigation2_all/leg4_MPPI/install/d1h_description
[0.120s] -- The C compiler identification is GNU 11.4.0
[0.210s] -- The CXX compiler identification is GNU 11.4.0
[0.222s] -- Detecting C compiler ABI info
[0.351s] -- Detecting C compiler ABI info - done
[0.360s] -- Check for working C compiler: /usr/bin/cc - skipped
[0.360s] -- Detecting C compile features
[0.360s] -- Detecting C compile features - done
[0.363s] -- Detecting CXX compiler ABI info
[0.498s] -- Detecting CXX compiler ABI info - done
[0.506s] -- Check for working CXX compiler: /usr/bin/c++ - skipped
[0.506s] -- Detecting CXX compile features
[0.507s] -- Detecting CXX compile features - done
[0.510s] -- Found ament_cmake: 1.3.13 (/opt/ros/humble/share/ament_cmake/cmake)
[0.702s] -- Found Python3: /usr/bin/python3 (found version "3.10.12") found components: Interpreter 
[0.773s] -- Override CMake install command with custom implementation using symlinks instead of copying resources
[0.892s] -- Configuring done
[0.894s] -- Generating done
[0.895s] -- Build files have been written to: /home/aiseon/navigation2_all/leg4_MPPI/build/d1h_description
[0.903s] Invoked command in '/home/aiseon/navigation2_all/leg4_MPPI/build/d1h_description' returned '0': CMAKE_PREFIX_PATH=${CMAKE_PREFIX_PATH}:/opt/ros/humble /usr/bin/cmake /home/aiseon/navigation2_all/leg4_MPPI/src/ddt_ros2_control/urdfs/d1h_description -DCMAKE_BUILD_TYPE=Release -DAMENT_CMAKE_SYMLINK_INSTALL=1 -DCMAKE_INSTALL_PREFIX=/home/aiseon/navigation2_all/leg4_MPPI/install/d1h_description
[0.907s] Invoking command in '/home/aiseon/navigation2_all/leg4_MPPI/build/d1h_description': CMAKE_PREFIX_PATH=${CMAKE_PREFIX_PATH}:/opt/ros/humble /usr/bin/cmake --build /home/aiseon/navigation2_all/leg4_MPPI/build/d1h_description -- -j192 -l192
[0.995s] Invoked command in '/home/aiseon/navigation2_all/leg4_MPPI/build/d1h_description' returned '0': CMAKE_PREFIX_PATH=${CMAKE_PREFIX_PATH}:/opt/ros/humble /usr/bin/cmake --build /home/aiseon/navigation2_all/leg4_MPPI/build/d1h_description -- -j192 -l192
[0.998s] Invoking command in '/home/aiseon/navigation2_all/leg4_MPPI/build/d1h_description': CMAKE_PREFIX_PATH=${CMAKE_PREFIX_PATH}:/opt/ros/humble /usr/bin/cmake --install /home/aiseon/navigation2_all/leg4_MPPI/build/d1h_description
[1.009s] -- Install configuration: "Release"
[1.010s] -- Execute custom install script
[1.010s] -- Symlinking: /home/aiseon/navigation2_all/leg4_MPPI/install/d1h_description/share/d1h_description/meshes/L_calf.STL
[1.026s] -- Symlinking: /home/aiseon/navigation2_all/leg4_MPPI/install/d1h_description/share/d1h_description/meshes/L_foot.STL
[1.042s] -- Symlinking: /home/aiseon/navigation2_all/leg4_MPPI/install/d1h_description/share/d1h_description/meshes/L_hip.STL
[1.057s] -- Symlinking: /home/aiseon/navigation2_all/leg4_MPPI/install/d1h_description/share/d1h_description/meshes/L_thigh.STL
[1.071s] -- Symlinking: /home/aiseon/navigation2_all/leg4_MPPI/install/d1h_description/share/d1h_description/meshes/R_calf.STL
[1.086s] -- Symlinking: /home/aiseon/navigation2_all/leg4_MPPI/install/d1h_description/share/d1h_description/meshes/R_foot.STL
[1.099s] -- Symlinking: /home/aiseon/navigation2_all/leg4_MPPI/install/d1h_description/share/d1h_description/meshes/R_hip.STL
[1.113s] -- Symlinking: /home/aiseon/navigation2_all/leg4_MPPI/install/d1h_description/share/d1h_description/meshes/R_thigh.STL
[1.129s] -- Symlinking: /home/aiseon/navigation2_all/leg4_MPPI/install/d1h_description/share/d1h_description/meshes/base_link.STL
[1.144s] -- Symlinking: /home/aiseon/navigation2_all/leg4_MPPI/install/d1h_description/share/d1h_description/meshes/docking_Link.STL
[1.160s] -- Symlinking: /home/aiseon/navigation2_all/leg4_MPPI/install/d1h_description/share/d1h_description/meshes/funtion_Link.STL
[1.175s] -- Symlinking: /home/aiseon/navigation2_all/leg4_MPPI/install/d1h_description/share/d1h_description/mujoco/robot.xml
[1.190s] -- Symlinking: /home/aiseon/navigation2_all/leg4_MPPI/install/d1h_description/share/d1h_description/mujoco/scene.xml
[1.206s] -- Symlinking: /home/aiseon/navigation2_all/leg4_MPPI/install/d1h_description/share/d1h_description/urdf/robot.urdf
[1.222s] -- Symlinking: /home/aiseon/navigation2_all/leg4_MPPI/install/d1h_description/share/d1h_description/xacro/materials.xacro
[1.239s] -- Symlinking: /home/aiseon/navigation2_all/leg4_MPPI/install/d1h_description/share/d1h_description/xacro/robot.xacro
[1.253s] -- Symlinking: /home/aiseon/navigation2_all/leg4_MPPI/install/d1h_description/share/d1h_description/xacro/ros2control.xacro
[1.267s] -- Symlinking: /home/aiseon/navigation2_all/leg4_MPPI/install/d1h_description/share/d1h_description/xacro/single_robot.xacro
[1.283s] -- Symlinking: /home/aiseon/navigation2_all/leg4_MPPI/install/d1h_description/share/ament_index/resource_index/package_run_dependencies/d1h_description
[1.297s] -- Symlinking: /home/aiseon/navigation2_all/leg4_MPPI/install/d1h_description/share/ament_index/resource_index/parent_prefix_path/d1h_description
[1.313s] -- Symlinking: /home/aiseon/navigation2_all/leg4_MPPI/install/d1h_description/share/d1h_description/environment/ament_prefix_path.sh
[1.329s] -- Symlinking: /home/aiseon/navigation2_all/leg4_MPPI/install/d1h_description/share/d1h_description/environment/ament_prefix_path.dsv
[1.342s] -- Symlinking: /home/aiseon/navigation2_all/leg4_MPPI/install/d1h_description/share/d1h_description/environment/path.sh
[1.356s] -- Symlinking: /home/aiseon/navigation2_all/leg4_MPPI/install/d1h_description/share/d1h_description/environment/path.dsv
[1.370s] -- Symlinking: /home/aiseon/navigation2_all/leg4_MPPI/install/d1h_description/share/d1h_description/local_setup.bash
[1.381s] -- Symlinking: /home/aiseon/navigation2_all/leg4_MPPI/install/d1h_description/share/d1h_description/local_setup.sh
[1.395s] -- Symlinking: /home/aiseon/navigation2_all/leg4_MPPI/install/d1h_description/share/d1h_description/local_setup.zsh
[1.409s] -- Symlinking: /home/aiseon/navigation2_all/leg4_MPPI/install/d1h_description/share/d1h_description/local_setup.dsv
[1.422s] -- Symlinking: /home/aiseon/navigation2_all/leg4_MPPI/install/d1h_description/share/d1h_description/package.dsv
[1.435s] -- Symlinking: /home/aiseon/navigation2_all/leg4_MPPI/install/d1h_description/share/ament_index/resource_index/packages/d1h_description
[1.448s] -- Symlinking: /home/aiseon/navigation2_all/leg4_MPPI/install/d1h_description/share/d1h_description/cmake/d1h_descriptionConfig.cmake
[1.461s] -- Symlinking: /home/aiseon/navigation2_all/leg4_MPPI/install/d1h_description/share/d1h_description/cmake/d1h_descriptionConfig-version.cmake
[1.474s] -- Symlinking: /home/aiseon/navigation2_all/leg4_MPPI/install/d1h_description/share/d1h_description/package.xml
[1.493s] Invoked command in '/home/aiseon/navigation2_all/leg4_MPPI/build/d1h_description' returned '0': CMAKE_PREFIX_PATH=${CMAKE_PREFIX_PATH}:/opt/ros/humble /usr/bin/cmake --install /home/aiseon/navigation2_all/leg4_MPPI/build/d1h_description
