[0.054s] Invoking command in '/home/aiseon/navigation2_all/leg4_MPPI/build/gazebo_bridge': CMAKE_PREFIX_PATH=/home/aiseon/navigation2_all/leg4_MPPI/install/tita_description:/home/aiseon/navigation2_all/leg4_MPPI/install/titatit_description:/home/aiseon/navigation2_all/leg4_MPPI/install/d1h_description:/home/aiseon/navigation2_all/leg4_MPPI/install/d1_description:/home/aiseon/navigation2_all/leg4_MPPI/install/gazebo_bridge:/home/aiseon/navigation2_all/leg4_MPPI/install/rl_controller:/home/aiseon/navigation2_all/leg4_MPPI/install/keyboard_controller:/home/aiseon/navigation2_all/leg4_MPPI/install/ros_utils:/home/aiseon/navigation2_all/leg4_MPPI/install/fishbot_navigation2:/opt/ros/humble /usr/bin/cmake --build /home/aiseon/navigation2_all/leg4_MPPI/build/gazebo_bridge -- -j192 -l192
[0.249s] [35m[1mConsolidate compiler generated dependencies of target gazebo_bridge[0m
[0.370s] [100%] Built target gazebo_bridge
[0.423s] Invoked command in '/home/aiseon/navigation2_all/leg4_MPPI/build/gazebo_bridge' returned '0': CMAKE_PREFIX_PATH=/home/aiseon/navigation2_all/leg4_MPPI/install/tita_description:/home/aiseon/navigation2_all/leg4_MPPI/install/titatit_description:/home/aiseon/navigation2_all/leg4_MPPI/install/d1h_description:/home/aiseon/navigation2_all/leg4_MPPI/install/d1_description:/home/aiseon/navigation2_all/leg4_MPPI/install/gazebo_bridge:/home/aiseon/navigation2_all/leg4_MPPI/install/rl_controller:/home/aiseon/navigation2_all/leg4_MPPI/install/keyboard_controller:/home/aiseon/navigation2_all/leg4_MPPI/install/ros_utils:/home/aiseon/navigation2_all/leg4_MPPI/install/fishbot_navigation2:/opt/ros/humble /usr/bin/cmake --build /home/aiseon/navigation2_all/leg4_MPPI/build/gazebo_bridge -- -j192 -l192
[0.459s] Invoking command in '/home/aiseon/navigation2_all/leg4_MPPI/build/gazebo_bridge': CMAKE_PREFIX_PATH=/home/aiseon/navigation2_all/leg4_MPPI/install/tita_description:/home/aiseon/navigation2_all/leg4_MPPI/install/titatit_description:/home/aiseon/navigation2_all/leg4_MPPI/install/d1h_description:/home/aiseon/navigation2_all/leg4_MPPI/install/d1_description:/home/aiseon/navigation2_all/leg4_MPPI/install/gazebo_bridge:/home/aiseon/navigation2_all/leg4_MPPI/install/rl_controller:/home/aiseon/navigation2_all/leg4_MPPI/install/keyboard_controller:/home/aiseon/navigation2_all/leg4_MPPI/install/ros_utils:/home/aiseon/navigation2_all/leg4_MPPI/install/fishbot_navigation2:/opt/ros/humble /usr/bin/cmake --install /home/aiseon/navigation2_all/leg4_MPPI/build/gazebo_bridge
[0.484s] -- Install configuration: "Release"
[0.484s] -- Execute custom install script
[0.484s] -- Up-to-date symlink: /home/aiseon/navigation2_all/leg4_MPPI/install/gazebo_bridge/share/gazebo_bridge//gazebo_bridge_plugin.xml
[0.484s] -- Up-to-date symlink: /home/aiseon/navigation2_all/leg4_MPPI/install/gazebo_bridge/share/gazebo_bridge/config/controllers.yaml
[0.484s] -- Up-to-date symlink: /home/aiseon/navigation2_all/leg4_MPPI/install/gazebo_bridge/share/gazebo_bridge/launch/gazebo_bridge.launch.py
[0.484s] -- Symlinking: /home/aiseon/navigation2_all/leg4_MPPI/install/gazebo_bridge/share/gazebo_bridge/worlds/custom_room.world
[0.524s] -- Up-to-date symlink: /home/aiseon/navigation2_all/leg4_MPPI/install/gazebo_bridge/share/gazebo_bridge/worlds/empty_world.world
[0.524s] -- Up-to-date symlink: /home/aiseon/navigation2_all/leg4_MPPI/install/gazebo_bridge/include/gazebo_bridge/gazebo_bridge.h
[0.524s] -- Up-to-date symlink: /home/aiseon/navigation2_all/leg4_MPPI/install/gazebo_bridge/share/gazebo_bridge/environment/library_path.sh
[0.524s] -- Up-to-date symlink: /home/aiseon/navigation2_all/leg4_MPPI/install/gazebo_bridge/share/gazebo_bridge/environment/library_path.dsv
[0.524s] -- Up-to-date symlink: /home/aiseon/navigation2_all/leg4_MPPI/install/gazebo_bridge/lib/libgazebo_bridge.so
[0.524s] -- Up-to-date symlink: /home/aiseon/navigation2_all/leg4_MPPI/install/gazebo_bridge/share/ament_index/resource_index/package_run_dependencies/gazebo_bridge
[0.524s] -- Up-to-date symlink: /home/aiseon/navigation2_all/leg4_MPPI/install/gazebo_bridge/share/ament_index/resource_index/parent_prefix_path/gazebo_bridge
[0.524s] -- Up-to-date symlink: /home/aiseon/navigation2_all/leg4_MPPI/install/gazebo_bridge/share/gazebo_bridge/environment/ament_prefix_path.sh
[0.524s] -- Up-to-date symlink: /home/aiseon/navigation2_all/leg4_MPPI/install/gazebo_bridge/share/gazebo_bridge/environment/ament_prefix_path.dsv
[0.524s] -- Up-to-date symlink: /home/aiseon/navigation2_all/leg4_MPPI/install/gazebo_bridge/share/gazebo_bridge/environment/path.sh
[0.528s] -- Up-to-date symlink: /home/aiseon/navigation2_all/leg4_MPPI/install/gazebo_bridge/share/gazebo_bridge/environment/path.dsv
[0.528s] -- Up-to-date symlink: /home/aiseon/navigation2_all/leg4_MPPI/install/gazebo_bridge/share/gazebo_bridge/local_setup.bash
[0.528s] -- Up-to-date symlink: /home/aiseon/navigation2_all/leg4_MPPI/install/gazebo_bridge/share/gazebo_bridge/local_setup.sh
[0.528s] -- Up-to-date symlink: /home/aiseon/navigation2_all/leg4_MPPI/install/gazebo_bridge/share/gazebo_bridge/local_setup.zsh
[0.528s] -- Up-to-date symlink: /home/aiseon/navigation2_all/leg4_MPPI/install/gazebo_bridge/share/gazebo_bridge/local_setup.dsv
[0.528s] -- Symlinking: /home/aiseon/navigation2_all/leg4_MPPI/install/gazebo_bridge/share/gazebo_bridge/package.dsv
[0.566s] -- Up-to-date symlink: /home/aiseon/navigation2_all/leg4_MPPI/install/gazebo_bridge/share/ament_index/resource_index/packages/gazebo_bridge
[0.566s] -- Up-to-date symlink: /home/aiseon/navigation2_all/leg4_MPPI/install/gazebo_bridge/share/ament_index/resource_index/gazebo_ros2_control__pluginlib__plugin/gazebo_bridge
[0.566s] -- Up-to-date symlink: /home/aiseon/navigation2_all/leg4_MPPI/install/gazebo_bridge/share/gazebo_bridge/cmake/ament_cmake_export_dependencies-extras.cmake
[0.566s] -- Up-to-date symlink: /home/aiseon/navigation2_all/leg4_MPPI/install/gazebo_bridge/share/gazebo_bridge/cmake/ament_cmake_export_include_directories-extras.cmake
[0.566s] -- Up-to-date symlink: /home/aiseon/navigation2_all/leg4_MPPI/install/gazebo_bridge/share/gazebo_bridge/cmake/ament_cmake_export_libraries-extras.cmake
[0.568s] -- Up-to-date symlink: /home/aiseon/navigation2_all/leg4_MPPI/install/gazebo_bridge/share/gazebo_bridge/cmake/gazebo_bridgeConfig.cmake
[0.568s] -- Up-to-date symlink: /home/aiseon/navigation2_all/leg4_MPPI/install/gazebo_bridge/share/gazebo_bridge/cmake/gazebo_bridgeConfig-version.cmake
[0.568s] -- Up-to-date symlink: /home/aiseon/navigation2_all/leg4_MPPI/install/gazebo_bridge/share/gazebo_bridge/package.xml
[0.574s] Invoked command in '/home/aiseon/navigation2_all/leg4_MPPI/build/gazebo_bridge' returned '0': CMAKE_PREFIX_PATH=/home/aiseon/navigation2_all/leg4_MPPI/install/tita_description:/home/aiseon/navigation2_all/leg4_MPPI/install/titatit_description:/home/aiseon/navigation2_all/leg4_MPPI/install/d1h_description:/home/aiseon/navigation2_all/leg4_MPPI/install/d1_description:/home/aiseon/navigation2_all/leg4_MPPI/install/gazebo_bridge:/home/aiseon/navigation2_all/leg4_MPPI/install/rl_controller:/home/aiseon/navigation2_all/leg4_MPPI/install/keyboard_controller:/home/aiseon/navigation2_all/leg4_MPPI/install/ros_utils:/home/aiseon/navigation2_all/leg4_MPPI/install/fishbot_navigation2:/opt/ros/humble /usr/bin/cmake --install /home/aiseon/navigation2_all/leg4_MPPI/build/gazebo_bridge
