[0.297s] DEBUG:colcon:Command line arguments: ['/usr/bin/colcon', 'build', '--packages-select', 'tita_description', 'titatit_description']
[0.297s] DEBUG:colcon:Parsed command line arguments: Namespace(log_base=None, log_level=None, verb_name='build', build_base='build', install_base='install', merge_install=False, symlink_install=False, test_result_base=None, continue_on_error=False, executor='parallel', parallel_workers=192, event_handlers=None, ignore_user_meta=False, metas=['./colcon.meta'], base_paths=['.'], packages_ignore=None, packages_ignore_regex=None, paths=None, packages_up_to=None, packages_up_to_regex=None, packages_above=None, packages_above_and_dependencies=None, packages_above_depth=None, packages_select_by_dep=None, packages_skip_by_dep=None, packages_skip_up_to=None, packages_select_build_failed=False, packages_skip_build_finished=False, packages_select_test_failures=False, packages_skip_test_passed=False, packages_select=['tita_description', 'titatit_description'], packages_skip=None, packages_select_regex=None, packages_skip_regex=None, packages_start=None, packages_end=None, allow_overriding=[], cmake_args=None, cmake_target=None, cmake_target_skip_unavailable=False, cmake_clean_cache=False, cmake_clean_first=False, cmake_force_configure=False, ament_cmake_args=None, catkin_cmake_args=None, catkin_skip_building_tests=False, verb_parser=<colcon_defaults.argument_parser.defaults.DefaultArgumentsDecorator object at 0x74cbacf06200>, verb_extension=<colcon_core.verb.build.BuildVerb object at 0x74cbacf05cf0>, main=<bound method BuildVerb.main of <colcon_core.verb.build.BuildVerb object at 0x74cbacf05cf0>>)
[0.770s] Level 1:colcon.colcon_core.package_discovery:discover_packages(colcon_meta) check parameters
[0.771s] Level 1:colcon.colcon_core.package_discovery:discover_packages(recursive) check parameters
[0.771s] Level 1:colcon.colcon_core.package_discovery:discover_packages(ignore) check parameters
[0.771s] Level 1:colcon.colcon_core.package_discovery:discover_packages(path) check parameters
[0.771s] Level 1:colcon.colcon_core.package_discovery:discover_packages(colcon_meta) discover
[0.771s] Level 1:colcon.colcon_core.package_discovery:discover_packages(recursive) discover
[0.771s] INFO:colcon.colcon_core.package_discovery:Crawling recursively for packages in '/home/aiseon/navigation2_all/leg4_MPPI'
[0.771s] Level 1:colcon.colcon_core.package_identification:_identify(.) by extensions ['ignore', 'ignore_ament_install']
[0.771s] Level 1:colcon.colcon_core.package_identification:_identify(.) by extension 'ignore'
[0.771s] Level 1:colcon.colcon_core.package_identification:_identify(.) by extension 'ignore_ament_install'
[0.771s] Level 1:colcon.colcon_core.package_identification:_identify(.) by extensions ['colcon_pkg']
[0.771s] Level 1:colcon.colcon_core.package_identification:_identify(.) by extension 'colcon_pkg'
[0.771s] Level 1:colcon.colcon_core.package_identification:_identify(.) by extensions ['colcon_meta']
[0.775s] Level 1:colcon.colcon_core.package_identification:_identify(.) by extension 'colcon_meta'
[0.775s] Level 1:colcon.colcon_core.package_identification:_identify(.) by extensions ['ros']
[0.776s] Level 1:colcon.colcon_core.package_identification:_identify(.) by extension 'ros'
[0.808s] Level 1:colcon.colcon_core.package_identification:_identify(.) by extensions ['cmake', 'python']
[0.808s] Level 1:colcon.colcon_core.package_identification:_identify(.) by extension 'cmake'
[0.808s] Level 1:colcon.colcon_core.package_identification:_identify(.) by extension 'python'
[0.808s] Level 1:colcon.colcon_core.package_identification:_identify(.) by extensions ['python_setup_py']
[0.808s] Level 1:colcon.colcon_core.package_identification:_identify(.) by extension 'python_setup_py'
[0.808s] Level 1:colcon.colcon_core.package_identification:_identify(build) by extensions ['ignore', 'ignore_ament_install']
[0.808s] Level 1:colcon.colcon_core.package_identification:_identify(build) by extension 'ignore'
[0.808s] Level 1:colcon.colcon_core.package_identification:_identify(build) ignored
[0.809s] Level 1:colcon.colcon_core.package_identification:_identify(install) by extensions ['ignore', 'ignore_ament_install']
[0.809s] Level 1:colcon.colcon_core.package_identification:_identify(install) by extension 'ignore'
[0.809s] Level 1:colcon.colcon_core.package_identification:_identify(install) ignored
[0.809s] Level 1:colcon.colcon_core.package_identification:_identify(log) by extensions ['ignore', 'ignore_ament_install']
[0.809s] Level 1:colcon.colcon_core.package_identification:_identify(log) by extension 'ignore'
[0.809s] Level 1:colcon.colcon_core.package_identification:_identify(log) ignored
[0.809s] Level 1:colcon.colcon_core.package_identification:_identify(src) by extensions ['ignore', 'ignore_ament_install']
[0.809s] Level 1:colcon.colcon_core.package_identification:_identify(src) by extension 'ignore'
[0.809s] Level 1:colcon.colcon_core.package_identification:_identify(src) by extension 'ignore_ament_install'
[0.809s] Level 1:colcon.colcon_core.package_identification:_identify(src) by extensions ['colcon_pkg']
[0.809s] Level 1:colcon.colcon_core.package_identification:_identify(src) by extension 'colcon_pkg'
[0.809s] Level 1:colcon.colcon_core.package_identification:_identify(src) by extensions ['colcon_meta']
[0.809s] Level 1:colcon.colcon_core.package_identification:_identify(src) by extension 'colcon_meta'
[0.809s] Level 1:colcon.colcon_core.package_identification:_identify(src) by extensions ['ros']
[0.809s] Level 1:colcon.colcon_core.package_identification:_identify(src) by extension 'ros'
[0.810s] Level 1:colcon.colcon_core.package_identification:_identify(src) by extensions ['cmake', 'python']
[0.810s] Level 1:colcon.colcon_core.package_identification:_identify(src) by extension 'cmake'
[0.810s] Level 1:colcon.colcon_core.package_identification:_identify(src) by extension 'python'
[0.810s] Level 1:colcon.colcon_core.package_identification:_identify(src) by extensions ['python_setup_py']
[0.810s] Level 1:colcon.colcon_core.package_identification:_identify(src) by extension 'python_setup_py'
[0.810s] Level 1:colcon.colcon_core.package_identification:_identify(src/ddt_ros2_control) by extensions ['ignore', 'ignore_ament_install']
[0.810s] Level 1:colcon.colcon_core.package_identification:_identify(src/ddt_ros2_control) by extension 'ignore'
[0.810s] Level 1:colcon.colcon_core.package_identification:_identify(src/ddt_ros2_control) by extension 'ignore_ament_install'
[0.810s] Level 1:colcon.colcon_core.package_identification:_identify(src/ddt_ros2_control) by extensions ['colcon_pkg']
[0.810s] Level 1:colcon.colcon_core.package_identification:_identify(src/ddt_ros2_control) by extension 'colcon_pkg'
[0.810s] Level 1:colcon.colcon_core.package_identification:_identify(src/ddt_ros2_control) by extensions ['colcon_meta']
[0.810s] Level 1:colcon.colcon_core.package_identification:_identify(src/ddt_ros2_control) by extension 'colcon_meta'
[0.810s] Level 1:colcon.colcon_core.package_identification:_identify(src/ddt_ros2_control) by extensions ['ros']
[0.810s] Level 1:colcon.colcon_core.package_identification:_identify(src/ddt_ros2_control) by extension 'ros'
[0.810s] Level 1:colcon.colcon_core.package_identification:_identify(src/ddt_ros2_control) by extensions ['cmake', 'python']
[0.810s] Level 1:colcon.colcon_core.package_identification:_identify(src/ddt_ros2_control) by extension 'cmake'
[0.810s] Level 1:colcon.colcon_core.package_identification:_identify(src/ddt_ros2_control) by extension 'python'
[0.810s] Level 1:colcon.colcon_core.package_identification:_identify(src/ddt_ros2_control) by extensions ['python_setup_py']
[0.810s] Level 1:colcon.colcon_core.package_identification:_identify(src/ddt_ros2_control) by extension 'python_setup_py'
[0.810s] Level 1:colcon.colcon_core.package_identification:_identify(src/ddt_ros2_control/controller) by extensions ['ignore', 'ignore_ament_install']
[0.815s] Level 1:colcon.colcon_core.package_identification:_identify(src/ddt_ros2_control/controller) by extension 'ignore'
[0.815s] Level 1:colcon.colcon_core.package_identification:_identify(src/ddt_ros2_control/controller) by extension 'ignore_ament_install'
[0.815s] Level 1:colcon.colcon_core.package_identification:_identify(src/ddt_ros2_control/controller) by extensions ['colcon_pkg']
[0.815s] Level 1:colcon.colcon_core.package_identification:_identify(src/ddt_ros2_control/controller) by extension 'colcon_pkg'
[0.815s] Level 1:colcon.colcon_core.package_identification:_identify(src/ddt_ros2_control/controller) by extensions ['colcon_meta']
[0.815s] Level 1:colcon.colcon_core.package_identification:_identify(src/ddt_ros2_control/controller) by extension 'colcon_meta'
[0.816s] Level 1:colcon.colcon_core.package_identification:_identify(src/ddt_ros2_control/controller) by extensions ['ros']
[0.816s] Level 1:colcon.colcon_core.package_identification:_identify(src/ddt_ros2_control/controller) by extension 'ros'
[0.816s] Level 1:colcon.colcon_core.package_identification:_identify(src/ddt_ros2_control/controller) by extensions ['cmake', 'python']
[0.816s] Level 1:colcon.colcon_core.package_identification:_identify(src/ddt_ros2_control/controller) by extension 'cmake'
[0.816s] Level 1:colcon.colcon_core.package_identification:_identify(src/ddt_ros2_control/controller) by extension 'python'
[0.816s] Level 1:colcon.colcon_core.package_identification:_identify(src/ddt_ros2_control/controller) by extensions ['python_setup_py']
[0.816s] Level 1:colcon.colcon_core.package_identification:_identify(src/ddt_ros2_control/controller) by extension 'python_setup_py'
[0.816s] Level 1:colcon.colcon_core.package_identification:_identify(src/ddt_ros2_control/controller/rl_controller) by extensions ['ignore', 'ignore_ament_install']
[0.816s] Level 1:colcon.colcon_core.package_identification:_identify(src/ddt_ros2_control/controller/rl_controller) by extension 'ignore'
[0.816s] Level 1:colcon.colcon_core.package_identification:_identify(src/ddt_ros2_control/controller/rl_controller) by extension 'ignore_ament_install'
[0.816s] Level 1:colcon.colcon_core.package_identification:_identify(src/ddt_ros2_control/controller/rl_controller) by extensions ['colcon_pkg']
[0.816s] Level 1:colcon.colcon_core.package_identification:_identify(src/ddt_ros2_control/controller/rl_controller) by extension 'colcon_pkg'
[0.816s] Level 1:colcon.colcon_core.package_identification:_identify(src/ddt_ros2_control/controller/rl_controller) by extensions ['colcon_meta']
[0.816s] Level 1:colcon.colcon_core.package_identification:_identify(src/ddt_ros2_control/controller/rl_controller) by extension 'colcon_meta'
[0.816s] Level 1:colcon.colcon_core.package_identification:_identify(src/ddt_ros2_control/controller/rl_controller) by extensions ['ros']
[0.816s] Level 1:colcon.colcon_core.package_identification:_identify(src/ddt_ros2_control/controller/rl_controller) by extension 'ros'
[0.821s] DEBUG:colcon.colcon_core.package_identification:Package 'src/ddt_ros2_control/controller/rl_controller' with type 'ros.ament_cmake' and name 'rl_controller'
[0.821s] Level 1:colcon.colcon_core.package_identification:_identify(src/ddt_ros2_control/docker) by extensions ['ignore', 'ignore_ament_install']
[0.821s] Level 1:colcon.colcon_core.package_identification:_identify(src/ddt_ros2_control/docker) by extension 'ignore'
[0.821s] Level 1:colcon.colcon_core.package_identification:_identify(src/ddt_ros2_control/docker) by extension 'ignore_ament_install'
[0.821s] Level 1:colcon.colcon_core.package_identification:_identify(src/ddt_ros2_control/docker) by extensions ['colcon_pkg']
[0.821s] Level 1:colcon.colcon_core.package_identification:_identify(src/ddt_ros2_control/docker) by extension 'colcon_pkg'
[0.821s] Level 1:colcon.colcon_core.package_identification:_identify(src/ddt_ros2_control/docker) by extensions ['colcon_meta']
[0.825s] Level 1:colcon.colcon_core.package_identification:_identify(src/ddt_ros2_control/docker) by extension 'colcon_meta'
[0.825s] Level 1:colcon.colcon_core.package_identification:_identify(src/ddt_ros2_control/docker) by extensions ['ros']
[0.825s] Level 1:colcon.colcon_core.package_identification:_identify(src/ddt_ros2_control/docker) by extension 'ros'
[0.826s] Level 1:colcon.colcon_core.package_identification:_identify(src/ddt_ros2_control/docker) by extensions ['cmake', 'python']
[0.826s] Level 1:colcon.colcon_core.package_identification:_identify(src/ddt_ros2_control/docker) by extension 'cmake'
[0.826s] Level 1:colcon.colcon_core.package_identification:_identify(src/ddt_ros2_control/docker) by extension 'python'
[0.826s] Level 1:colcon.colcon_core.package_identification:_identify(src/ddt_ros2_control/docker) by extensions ['python_setup_py']
[0.826s] Level 1:colcon.colcon_core.package_identification:_identify(src/ddt_ros2_control/docker) by extension 'python_setup_py'
[0.826s] Level 1:colcon.colcon_core.package_identification:_identify(src/ddt_ros2_control/hardware) by extensions ['ignore', 'ignore_ament_install']
[0.826s] Level 1:colcon.colcon_core.package_identification:_identify(src/ddt_ros2_control/hardware) by extension 'ignore'
[0.826s] Level 1:colcon.colcon_core.package_identification:_identify(src/ddt_ros2_control/hardware) by extension 'ignore_ament_install'
[0.826s] Level 1:colcon.colcon_core.package_identification:_identify(src/ddt_ros2_control/hardware) by extensions ['colcon_pkg']
[0.826s] Level 1:colcon.colcon_core.package_identification:_identify(src/ddt_ros2_control/hardware) by extension 'colcon_pkg'
[0.826s] Level 1:colcon.colcon_core.package_identification:_identify(src/ddt_ros2_control/hardware) by extensions ['colcon_meta']
[0.826s] Level 1:colcon.colcon_core.package_identification:_identify(src/ddt_ros2_control/hardware) by extension 'colcon_meta'
[0.826s] Level 1:colcon.colcon_core.package_identification:_identify(src/ddt_ros2_control/hardware) by extensions ['ros']
[0.826s] Level 1:colcon.colcon_core.package_identification:_identify(src/ddt_ros2_control/hardware) by extension 'ros'
[0.826s] Level 1:colcon.colcon_core.package_identification:_identify(src/ddt_ros2_control/hardware) by extensions ['cmake', 'python']
[0.826s] Level 1:colcon.colcon_core.package_identification:_identify(src/ddt_ros2_control/hardware) by extension 'cmake'
[0.826s] Level 1:colcon.colcon_core.package_identification:_identify(src/ddt_ros2_control/hardware) by extension 'python'
[0.826s] Level 1:colcon.colcon_core.package_identification:_identify(src/ddt_ros2_control/hardware) by extensions ['python_setup_py']
[0.826s] Level 1:colcon.colcon_core.package_identification:_identify(src/ddt_ros2_control/hardware) by extension 'python_setup_py'
[0.827s] Level 1:colcon.colcon_core.package_identification:_identify(src/ddt_ros2_control/hardware/hardware_bridge) by extensions ['ignore', 'ignore_ament_install']
[0.827s] Level 1:colcon.colcon_core.package_identification:_identify(src/ddt_ros2_control/hardware/hardware_bridge) by extension 'ignore'
[0.827s] Level 1:colcon.colcon_core.package_identification:_identify(src/ddt_ros2_control/hardware/hardware_bridge) by extension 'ignore_ament_install'
[0.827s] Level 1:colcon.colcon_core.package_identification:_identify(src/ddt_ros2_control/hardware/hardware_bridge) by extensions ['colcon_pkg']
[0.827s] Level 1:colcon.colcon_core.package_identification:_identify(src/ddt_ros2_control/hardware/hardware_bridge) by extension 'colcon_pkg'
[0.827s] Level 1:colcon.colcon_core.package_identification:_identify(src/ddt_ros2_control/hardware/hardware_bridge) by extensions ['colcon_meta']
[0.827s] Level 1:colcon.colcon_core.package_identification:_identify(src/ddt_ros2_control/hardware/hardware_bridge) by extension 'colcon_meta'
[0.827s] Level 1:colcon.colcon_core.package_identification:_identify(src/ddt_ros2_control/hardware/hardware_bridge) by extensions ['ros']
[0.827s] Level 1:colcon.colcon_core.package_identification:_identify(src/ddt_ros2_control/hardware/hardware_bridge) by extension 'ros'
[0.832s] DEBUG:colcon.colcon_core.package_identification:Package 'src/ddt_ros2_control/hardware/hardware_bridge' with type 'ros.ament_cmake' and name 'hardware_bridge'
[0.833s] Level 1:colcon.colcon_core.package_identification:_identify(src/ddt_ros2_control/hardware/tita_robot) by extensions ['ignore', 'ignore_ament_install']
[0.833s] Level 1:colcon.colcon_core.package_identification:_identify(src/ddt_ros2_control/hardware/tita_robot) by extension 'ignore'
[0.833s] Level 1:colcon.colcon_core.package_identification:_identify(src/ddt_ros2_control/hardware/tita_robot) by extension 'ignore_ament_install'
[0.833s] Level 1:colcon.colcon_core.package_identification:_identify(src/ddt_ros2_control/hardware/tita_robot) by extensions ['colcon_pkg']
[0.833s] Level 1:colcon.colcon_core.package_identification:_identify(src/ddt_ros2_control/hardware/tita_robot) by extension 'colcon_pkg'
[0.833s] Level 1:colcon.colcon_core.package_identification:_identify(src/ddt_ros2_control/hardware/tita_robot) by extensions ['colcon_meta']
[0.833s] Level 1:colcon.colcon_core.package_identification:_identify(src/ddt_ros2_control/hardware/tita_robot) by extension 'colcon_meta'
[0.833s] Level 1:colcon.colcon_core.package_identification:_identify(src/ddt_ros2_control/hardware/tita_robot) by extensions ['ros']
[0.833s] Level 1:colcon.colcon_core.package_identification:_identify(src/ddt_ros2_control/hardware/tita_robot) by extension 'ros'
[0.840s] DEBUG:colcon.colcon_core.package_identification:Package 'src/ddt_ros2_control/hardware/tita_robot' with type 'ros.ament_cmake' and name 'tita_robot'
[0.840s] Level 1:colcon.colcon_core.package_identification:_identify(src/ddt_ros2_control/interaction) by extensions ['ignore', 'ignore_ament_install']
[0.840s] Level 1:colcon.colcon_core.package_identification:_identify(src/ddt_ros2_control/interaction) by extension 'ignore'
[0.840s] Level 1:colcon.colcon_core.package_identification:_identify(src/ddt_ros2_control/interaction) by extension 'ignore_ament_install'
[0.840s] Level 1:colcon.colcon_core.package_identification:_identify(src/ddt_ros2_control/interaction) by extensions ['colcon_pkg']
[0.840s] Level 1:colcon.colcon_core.package_identification:_identify(src/ddt_ros2_control/interaction) by extension 'colcon_pkg'
[0.840s] Level 1:colcon.colcon_core.package_identification:_identify(src/ddt_ros2_control/interaction) by extensions ['colcon_meta']
[0.840s] Level 1:colcon.colcon_core.package_identification:_identify(src/ddt_ros2_control/interaction) by extension 'colcon_meta'
[0.840s] Level 1:colcon.colcon_core.package_identification:_identify(src/ddt_ros2_control/interaction) by extensions ['ros']
[0.840s] Level 1:colcon.colcon_core.package_identification:_identify(src/ddt_ros2_control/interaction) by extension 'ros'
[0.840s] Level 1:colcon.colcon_core.package_identification:_identify(src/ddt_ros2_control/interaction) by extensions ['cmake', 'python']
[0.840s] Level 1:colcon.colcon_core.package_identification:_identify(src/ddt_ros2_control/interaction) by extension 'cmake'
[0.840s] Level 1:colcon.colcon_core.package_identification:_identify(src/ddt_ros2_control/interaction) by extension 'python'
[0.840s] Level 1:colcon.colcon_core.package_identification:_identify(src/ddt_ros2_control/interaction) by extensions ['python_setup_py']
[0.840s] Level 1:colcon.colcon_core.package_identification:_identify(src/ddt_ros2_control/interaction) by extension 'python_setup_py'
[0.840s] Level 1:colcon.colcon_core.package_identification:_identify(src/ddt_ros2_control/interaction/keyboard_controller) by extensions ['ignore', 'ignore_ament_install']
[0.841s] Level 1:colcon.colcon_core.package_identification:_identify(src/ddt_ros2_control/interaction/keyboard_controller) by extension 'ignore'
[0.841s] Level 1:colcon.colcon_core.package_identification:_identify(src/ddt_ros2_control/interaction/keyboard_controller) by extension 'ignore_ament_install'
[0.841s] Level 1:colcon.colcon_core.package_identification:_identify(src/ddt_ros2_control/interaction/keyboard_controller) by extensions ['colcon_pkg']
[0.841s] Level 1:colcon.colcon_core.package_identification:_identify(src/ddt_ros2_control/interaction/keyboard_controller) by extension 'colcon_pkg'
[0.841s] Level 1:colcon.colcon_core.package_identification:_identify(src/ddt_ros2_control/interaction/keyboard_controller) by extensions ['colcon_meta']
[0.841s] Level 1:colcon.colcon_core.package_identification:_identify(src/ddt_ros2_control/interaction/keyboard_controller) by extension 'colcon_meta'
[0.841s] Level 1:colcon.colcon_core.package_identification:_identify(src/ddt_ros2_control/interaction/keyboard_controller) by extensions ['ros']
[0.841s] Level 1:colcon.colcon_core.package_identification:_identify(src/ddt_ros2_control/interaction/keyboard_controller) by extension 'ros'
[0.842s] DEBUG:colcon.colcon_core.package_identification:Package 'src/ddt_ros2_control/interaction/keyboard_controller' with type 'ros.ament_cmake' and name 'keyboard_controller'
[0.842s] Level 1:colcon.colcon_core.package_identification:_identify(src/ddt_ros2_control/interaction/teleop_command) by extensions ['ignore', 'ignore_ament_install']
[0.846s] Level 1:colcon.colcon_core.package_identification:_identify(src/ddt_ros2_control/interaction/teleop_command) by extension 'ignore'
[0.846s] Level 1:colcon.colcon_core.package_identification:_identify(src/ddt_ros2_control/interaction/teleop_command) by extension 'ignore_ament_install'
[0.846s] Level 1:colcon.colcon_core.package_identification:_identify(src/ddt_ros2_control/interaction/teleop_command) by extensions ['colcon_pkg']
[0.847s] Level 1:colcon.colcon_core.package_identification:_identify(src/ddt_ros2_control/interaction/teleop_command) by extension 'colcon_pkg'
[0.847s] Level 1:colcon.colcon_core.package_identification:_identify(src/ddt_ros2_control/interaction/teleop_command) by extensions ['colcon_meta']
[0.847s] Level 1:colcon.colcon_core.package_identification:_identify(src/ddt_ros2_control/interaction/teleop_command) by extension 'colcon_meta'
[0.847s] Level 1:colcon.colcon_core.package_identification:_identify(src/ddt_ros2_control/interaction/teleop_command) by extensions ['ros']
[0.847s] Level 1:colcon.colcon_core.package_identification:_identify(src/ddt_ros2_control/interaction/teleop_command) by extension 'ros'
[0.848s] DEBUG:colcon.colcon_core.package_identification:Package 'src/ddt_ros2_control/interaction/teleop_command' with type 'ros.ament_cmake' and name 'teleop_command'
[0.848s] Level 1:colcon.colcon_core.package_identification:_identify(src/ddt_ros2_control/ros_utils) by extensions ['ignore', 'ignore_ament_install']
[0.848s] Level 1:colcon.colcon_core.package_identification:_identify(src/ddt_ros2_control/ros_utils) by extension 'ignore'
[0.849s] Level 1:colcon.colcon_core.package_identification:_identify(src/ddt_ros2_control/ros_utils) by extension 'ignore_ament_install'
[0.849s] Level 1:colcon.colcon_core.package_identification:_identify(src/ddt_ros2_control/ros_utils) by extensions ['colcon_pkg']
[0.849s] Level 1:colcon.colcon_core.package_identification:_identify(src/ddt_ros2_control/ros_utils) by extension 'colcon_pkg'
[0.849s] Level 1:colcon.colcon_core.package_identification:_identify(src/ddt_ros2_control/ros_utils) by extensions ['colcon_meta']
[0.849s] Level 1:colcon.colcon_core.package_identification:_identify(src/ddt_ros2_control/ros_utils) by extension 'colcon_meta'
[0.849s] Level 1:colcon.colcon_core.package_identification:_identify(src/ddt_ros2_control/ros_utils) by extensions ['ros']
[0.849s] Level 1:colcon.colcon_core.package_identification:_identify(src/ddt_ros2_control/ros_utils) by extension 'ros'
[0.851s] DEBUG:colcon.colcon_core.package_identification:Package 'src/ddt_ros2_control/ros_utils' with type 'ros.ament_cmake' and name 'ros_utils'
[0.851s] Level 1:colcon.colcon_core.package_identification:_identify(src/ddt_ros2_control/simulation) by extensions ['ignore', 'ignore_ament_install']
[0.851s] Level 1:colcon.colcon_core.package_identification:_identify(src/ddt_ros2_control/simulation) by extension 'ignore'
[0.851s] Level 1:colcon.colcon_core.package_identification:_identify(src/ddt_ros2_control/simulation) by extension 'ignore_ament_install'
[0.851s] Level 1:colcon.colcon_core.package_identification:_identify(src/ddt_ros2_control/simulation) by extensions ['colcon_pkg']
[0.851s] Level 1:colcon.colcon_core.package_identification:_identify(src/ddt_ros2_control/simulation) by extension 'colcon_pkg'
[0.851s] Level 1:colcon.colcon_core.package_identification:_identify(src/ddt_ros2_control/simulation) by extensions ['colcon_meta']
[0.851s] Level 1:colcon.colcon_core.package_identification:_identify(src/ddt_ros2_control/simulation) by extension 'colcon_meta'
[0.852s] Level 1:colcon.colcon_core.package_identification:_identify(src/ddt_ros2_control/simulation) by extensions ['ros']
[0.852s] Level 1:colcon.colcon_core.package_identification:_identify(src/ddt_ros2_control/simulation) by extension 'ros'
[0.852s] Level 1:colcon.colcon_core.package_identification:_identify(src/ddt_ros2_control/simulation) by extensions ['cmake', 'python']
[0.852s] Level 1:colcon.colcon_core.package_identification:_identify(src/ddt_ros2_control/simulation) by extension 'cmake'
[0.852s] Level 1:colcon.colcon_core.package_identification:_identify(src/ddt_ros2_control/simulation) by extension 'python'
[0.852s] Level 1:colcon.colcon_core.package_identification:_identify(src/ddt_ros2_control/simulation) by extensions ['python_setup_py']
[0.852s] Level 1:colcon.colcon_core.package_identification:_identify(src/ddt_ros2_control/simulation) by extension 'python_setup_py'
[0.852s] Level 1:colcon.colcon_core.package_identification:_identify(src/ddt_ros2_control/simulation/gazebo_bridge) by extensions ['ignore', 'ignore_ament_install']
[0.852s] Level 1:colcon.colcon_core.package_identification:_identify(src/ddt_ros2_control/simulation/gazebo_bridge) by extension 'ignore'
[0.852s] Level 1:colcon.colcon_core.package_identification:_identify(src/ddt_ros2_control/simulation/gazebo_bridge) by extension 'ignore_ament_install'
[0.852s] Level 1:colcon.colcon_core.package_identification:_identify(src/ddt_ros2_control/simulation/gazebo_bridge) by extensions ['colcon_pkg']
[0.852s] Level 1:colcon.colcon_core.package_identification:_identify(src/ddt_ros2_control/simulation/gazebo_bridge) by extension 'colcon_pkg'
[0.852s] Level 1:colcon.colcon_core.package_identification:_identify(src/ddt_ros2_control/simulation/gazebo_bridge) by extensions ['colcon_meta']
[0.852s] Level 1:colcon.colcon_core.package_identification:_identify(src/ddt_ros2_control/simulation/gazebo_bridge) by extension 'colcon_meta'
[0.852s] Level 1:colcon.colcon_core.package_identification:_identify(src/ddt_ros2_control/simulation/gazebo_bridge) by extensions ['ros']
[0.852s] Level 1:colcon.colcon_core.package_identification:_identify(src/ddt_ros2_control/simulation/gazebo_bridge) by extension 'ros'
[0.904s] DEBUG:colcon.colcon_core.package_identification:Package 'src/ddt_ros2_control/simulation/gazebo_bridge' with type 'ros.ament_cmake' and name 'gazebo_bridge'
[0.905s] Level 1:colcon.colcon_core.package_identification:_identify(src/ddt_ros2_control/simulation/mujoco_bridge) by extensions ['ignore', 'ignore_ament_install']
[0.905s] Level 1:colcon.colcon_core.package_identification:_identify(src/ddt_ros2_control/simulation/mujoco_bridge) by extension 'ignore'
[0.905s] Level 1:colcon.colcon_core.package_identification:_identify(src/ddt_ros2_control/simulation/mujoco_bridge) by extension 'ignore_ament_install'
[0.905s] Level 1:colcon.colcon_core.package_identification:_identify(src/ddt_ros2_control/simulation/mujoco_bridge) by extensions ['colcon_pkg']
[0.905s] Level 1:colcon.colcon_core.package_identification:_identify(src/ddt_ros2_control/simulation/mujoco_bridge) by extension 'colcon_pkg'
[0.905s] Level 1:colcon.colcon_core.package_identification:_identify(src/ddt_ros2_control/simulation/mujoco_bridge) by extensions ['colcon_meta']
[0.905s] Level 1:colcon.colcon_core.package_identification:_identify(src/ddt_ros2_control/simulation/mujoco_bridge) by extension 'colcon_meta'
[0.905s] Level 1:colcon.colcon_core.package_identification:_identify(src/ddt_ros2_control/simulation/mujoco_bridge) by extensions ['ros']
[0.905s] Level 1:colcon.colcon_core.package_identification:_identify(src/ddt_ros2_control/simulation/mujoco_bridge) by extension 'ros'
[0.905s] Level 1:colcon.colcon_core.package_identification:_identify(src/ddt_ros2_control/simulation/mujoco_bridge) by extensions ['cmake', 'python']
[0.905s] Level 1:colcon.colcon_core.package_identification:_identify(src/ddt_ros2_control/simulation/mujoco_bridge) by extension 'cmake'
[0.905s] Level 1:colcon.colcon_core.package_identification:_identify(src/ddt_ros2_control/simulation/mujoco_bridge) by extension 'python'
[0.905s] Level 1:colcon.colcon_core.package_identification:_identify(src/ddt_ros2_control/simulation/mujoco_bridge) by extensions ['python_setup_py']
[0.905s] Level 1:colcon.colcon_core.package_identification:_identify(src/ddt_ros2_control/simulation/mujoco_bridge) by extension 'python_setup_py'
[0.905s] Level 1:colcon.colcon_core.package_identification:_identify(src/ddt_ros2_control/simulation/mujoco_bridge/mujoco_bridge) by extensions ['ignore', 'ignore_ament_install']
[0.909s] Level 1:colcon.colcon_core.package_identification:_identify(src/ddt_ros2_control/simulation/mujoco_bridge/mujoco_bridge) by extension 'ignore'
[0.909s] Level 1:colcon.colcon_core.package_identification:_identify(src/ddt_ros2_control/simulation/mujoco_bridge/mujoco_bridge) by extension 'ignore_ament_install'
[0.909s] Level 1:colcon.colcon_core.package_identification:_identify(src/ddt_ros2_control/simulation/mujoco_bridge/mujoco_bridge) by extensions ['colcon_pkg']
[0.910s] Level 1:colcon.colcon_core.package_identification:_identify(src/ddt_ros2_control/simulation/mujoco_bridge/mujoco_bridge) by extension 'colcon_pkg'
[0.910s] Level 1:colcon.colcon_core.package_identification:_identify(src/ddt_ros2_control/simulation/mujoco_bridge/mujoco_bridge) by extensions ['colcon_meta']
[0.910s] Level 1:colcon.colcon_core.package_identification:_identify(src/ddt_ros2_control/simulation/mujoco_bridge/mujoco_bridge) by extension 'colcon_meta'
[0.910s] Level 1:colcon.colcon_core.package_identification:_identify(src/ddt_ros2_control/simulation/mujoco_bridge/mujoco_bridge) by extensions ['ros']
[0.910s] Level 1:colcon.colcon_core.package_identification:_identify(src/ddt_ros2_control/simulation/mujoco_bridge/mujoco_bridge) by extension 'ros'
[0.911s] DEBUG:colcon.colcon_core.package_identification:Package 'src/ddt_ros2_control/simulation/mujoco_bridge/mujoco_bridge' with type 'ros.ament_cmake' and name 'mujoco_bridge'
[0.911s] Level 1:colcon.colcon_core.package_identification:_identify(src/ddt_ros2_control/simulation/mujoco_bridge/mujoco_ros2_control) by extensions ['ignore', 'ignore_ament_install']
[0.911s] Level 1:colcon.colcon_core.package_identification:_identify(src/ddt_ros2_control/simulation/mujoco_bridge/mujoco_ros2_control) by extension 'ignore'
[0.911s] Level 1:colcon.colcon_core.package_identification:_identify(src/ddt_ros2_control/simulation/mujoco_bridge/mujoco_ros2_control) by extension 'ignore_ament_install'
[0.911s] Level 1:colcon.colcon_core.package_identification:_identify(src/ddt_ros2_control/simulation/mujoco_bridge/mujoco_ros2_control) by extensions ['colcon_pkg']
[0.911s] Level 1:colcon.colcon_core.package_identification:_identify(src/ddt_ros2_control/simulation/mujoco_bridge/mujoco_ros2_control) by extension 'colcon_pkg'
[0.911s] Level 1:colcon.colcon_core.package_identification:_identify(src/ddt_ros2_control/simulation/mujoco_bridge/mujoco_ros2_control) by extensions ['colcon_meta']
[0.911s] Level 1:colcon.colcon_core.package_identification:_identify(src/ddt_ros2_control/simulation/mujoco_bridge/mujoco_ros2_control) by extension 'colcon_meta'
[0.911s] Level 1:colcon.colcon_core.package_identification:_identify(src/ddt_ros2_control/simulation/mujoco_bridge/mujoco_ros2_control) by extensions ['ros']
[0.911s] Level 1:colcon.colcon_core.package_identification:_identify(src/ddt_ros2_control/simulation/mujoco_bridge/mujoco_ros2_control) by extension 'ros'
[0.917s] DEBUG:colcon.colcon_core.package_identification:Package 'src/ddt_ros2_control/simulation/mujoco_bridge/mujoco_ros2_control' with type 'ros.ament_cmake' and name 'mujoco_ros2_control'
[0.917s] Level 1:colcon.colcon_core.package_identification:_identify(src/ddt_ros2_control/simulation/mujoco_bridge/mujoco_sim_ros2) by extensions ['ignore', 'ignore_ament_install']
[0.917s] Level 1:colcon.colcon_core.package_identification:_identify(src/ddt_ros2_control/simulation/mujoco_bridge/mujoco_sim_ros2) by extension 'ignore'
[0.917s] Level 1:colcon.colcon_core.package_identification:_identify(src/ddt_ros2_control/simulation/mujoco_bridge/mujoco_sim_ros2) by extension 'ignore_ament_install'
[0.917s] Level 1:colcon.colcon_core.package_identification:_identify(src/ddt_ros2_control/simulation/mujoco_bridge/mujoco_sim_ros2) by extensions ['colcon_pkg']
[0.917s] Level 1:colcon.colcon_core.package_identification:_identify(src/ddt_ros2_control/simulation/mujoco_bridge/mujoco_sim_ros2) by extension 'colcon_pkg'
[0.917s] Level 1:colcon.colcon_core.package_identification:_identify(src/ddt_ros2_control/simulation/mujoco_bridge/mujoco_sim_ros2) by extensions ['colcon_meta']
[0.917s] Level 1:colcon.colcon_core.package_identification:_identify(src/ddt_ros2_control/simulation/mujoco_bridge/mujoco_sim_ros2) by extension 'colcon_meta'
[0.917s] Level 1:colcon.colcon_core.package_identification:_identify(src/ddt_ros2_control/simulation/mujoco_bridge/mujoco_sim_ros2) by extensions ['ros']
[0.917s] Level 1:colcon.colcon_core.package_identification:_identify(src/ddt_ros2_control/simulation/mujoco_bridge/mujoco_sim_ros2) by extension 'ros'
[0.919s] DEBUG:colcon.colcon_core.package_identification:Package 'src/ddt_ros2_control/simulation/mujoco_bridge/mujoco_sim_ros2' with type 'ros.ament_cmake' and name 'mujoco_sim_ros2'
[0.919s] Level 1:colcon.colcon_core.package_identification:_identify(src/ddt_ros2_control/simulation/webots_bridge) by extensions ['ignore', 'ignore_ament_install']
[0.919s] Level 1:colcon.colcon_core.package_identification:_identify(src/ddt_ros2_control/simulation/webots_bridge) by extension 'ignore'
[0.919s] Level 1:colcon.colcon_core.package_identification:_identify(src/ddt_ros2_control/simulation/webots_bridge) by extension 'ignore_ament_install'
[0.919s] Level 1:colcon.colcon_core.package_identification:_identify(src/ddt_ros2_control/simulation/webots_bridge) by extensions ['colcon_pkg']
[0.919s] Level 1:colcon.colcon_core.package_identification:_identify(src/ddt_ros2_control/simulation/webots_bridge) by extension 'colcon_pkg'
[0.919s] Level 1:colcon.colcon_core.package_identification:_identify(src/ddt_ros2_control/simulation/webots_bridge) by extensions ['colcon_meta']
[0.919s] Level 1:colcon.colcon_core.package_identification:_identify(src/ddt_ros2_control/simulation/webots_bridge) by extension 'colcon_meta'
[0.919s] Level 1:colcon.colcon_core.package_identification:_identify(src/ddt_ros2_control/simulation/webots_bridge) by extensions ['ros']
[0.919s] Level 1:colcon.colcon_core.package_identification:_identify(src/ddt_ros2_control/simulation/webots_bridge) by extension 'ros'
[0.925s] DEBUG:colcon.colcon_core.package_identification:Package 'src/ddt_ros2_control/simulation/webots_bridge' with type 'ros.ament_cmake' and name 'webots_bridge'
[0.925s] Level 1:colcon.colcon_core.package_identification:_identify(src/ddt_ros2_control/urdfs) by extensions ['ignore', 'ignore_ament_install']
[0.925s] Level 1:colcon.colcon_core.package_identification:_identify(src/ddt_ros2_control/urdfs) by extension 'ignore'
[0.925s] Level 1:colcon.colcon_core.package_identification:_identify(src/ddt_ros2_control/urdfs) by extension 'ignore_ament_install'
[0.925s] Level 1:colcon.colcon_core.package_identification:_identify(src/ddt_ros2_control/urdfs) by extensions ['colcon_pkg']
[0.925s] Level 1:colcon.colcon_core.package_identification:_identify(src/ddt_ros2_control/urdfs) by extension 'colcon_pkg'
[0.925s] Level 1:colcon.colcon_core.package_identification:_identify(src/ddt_ros2_control/urdfs) by extensions ['colcon_meta']
[0.925s] Level 1:colcon.colcon_core.package_identification:_identify(src/ddt_ros2_control/urdfs) by extension 'colcon_meta'
[0.925s] Level 1:colcon.colcon_core.package_identification:_identify(src/ddt_ros2_control/urdfs) by extensions ['ros']
[0.925s] Level 1:colcon.colcon_core.package_identification:_identify(src/ddt_ros2_control/urdfs) by extension 'ros'
[0.925s] Level 1:colcon.colcon_core.package_identification:_identify(src/ddt_ros2_control/urdfs) by extensions ['cmake', 'python']
[0.925s] Level 1:colcon.colcon_core.package_identification:_identify(src/ddt_ros2_control/urdfs) by extension 'cmake'
[0.925s] Level 1:colcon.colcon_core.package_identification:_identify(src/ddt_ros2_control/urdfs) by extension 'python'
[0.925s] Level 1:colcon.colcon_core.package_identification:_identify(src/ddt_ros2_control/urdfs) by extensions ['python_setup_py']
[0.925s] Level 1:colcon.colcon_core.package_identification:_identify(src/ddt_ros2_control/urdfs) by extension 'python_setup_py'
[0.925s] Level 1:colcon.colcon_core.package_identification:_identify(src/ddt_ros2_control/urdfs/d1_description) by extensions ['ignore', 'ignore_ament_install']
[0.926s] Level 1:colcon.colcon_core.package_identification:_identify(src/ddt_ros2_control/urdfs/d1_description) by extension 'ignore'
[0.926s] Level 1:colcon.colcon_core.package_identification:_identify(src/ddt_ros2_control/urdfs/d1_description) by extension 'ignore_ament_install'
[0.926s] Level 1:colcon.colcon_core.package_identification:_identify(src/ddt_ros2_control/urdfs/d1_description) by extensions ['colcon_pkg']
[0.926s] Level 1:colcon.colcon_core.package_identification:_identify(src/ddt_ros2_control/urdfs/d1_description) by extension 'colcon_pkg'
[0.926s] Level 1:colcon.colcon_core.package_identification:_identify(src/ddt_ros2_control/urdfs/d1_description) by extensions ['colcon_meta']
[0.926s] Level 1:colcon.colcon_core.package_identification:_identify(src/ddt_ros2_control/urdfs/d1_description) by extension 'colcon_meta'
[0.926s] Level 1:colcon.colcon_core.package_identification:_identify(src/ddt_ros2_control/urdfs/d1_description) by extensions ['ros']
[0.926s] Level 1:colcon.colcon_core.package_identification:_identify(src/ddt_ros2_control/urdfs/d1_description) by extension 'ros'
[0.935s] DEBUG:colcon.colcon_core.package_identification:Package 'src/ddt_ros2_control/urdfs/d1_description' with type 'ros.ament_cmake' and name 'd1_description'
[0.935s] Level 1:colcon.colcon_core.package_identification:_identify(src/ddt_ros2_control/urdfs/d1h_description) by extensions ['ignore', 'ignore_ament_install']
[0.936s] Level 1:colcon.colcon_core.package_identification:_identify(src/ddt_ros2_control/urdfs/d1h_description) by extension 'ignore'
[0.936s] Level 1:colcon.colcon_core.package_identification:_identify(src/ddt_ros2_control/urdfs/d1h_description) by extension 'ignore_ament_install'
[0.936s] Level 1:colcon.colcon_core.package_identification:_identify(src/ddt_ros2_control/urdfs/d1h_description) by extensions ['colcon_pkg']
[0.936s] Level 1:colcon.colcon_core.package_identification:_identify(src/ddt_ros2_control/urdfs/d1h_description) by extension 'colcon_pkg'
[0.936s] Level 1:colcon.colcon_core.package_identification:_identify(src/ddt_ros2_control/urdfs/d1h_description) by extensions ['colcon_meta']
[0.936s] Level 1:colcon.colcon_core.package_identification:_identify(src/ddt_ros2_control/urdfs/d1h_description) by extension 'colcon_meta'
[0.936s] Level 1:colcon.colcon_core.package_identification:_identify(src/ddt_ros2_control/urdfs/d1h_description) by extensions ['ros']
[0.936s] Level 1:colcon.colcon_core.package_identification:_identify(src/ddt_ros2_control/urdfs/d1h_description) by extension 'ros'
[0.943s] DEBUG:colcon.colcon_core.package_identification:Package 'src/ddt_ros2_control/urdfs/d1h_description' with type 'ros.ament_cmake' and name 'd1h_description'
[0.947s] Level 1:colcon.colcon_core.package_identification:_identify(src/ddt_ros2_control/urdfs/tita_description) by extensions ['ignore', 'ignore_ament_install']
[0.947s] Level 1:colcon.colcon_core.package_identification:_identify(src/ddt_ros2_control/urdfs/tita_description) by extension 'ignore'
[0.948s] Level 1:colcon.colcon_core.package_identification:_identify(src/ddt_ros2_control/urdfs/tita_description) by extension 'ignore_ament_install'
[0.948s] Level 1:colcon.colcon_core.package_identification:_identify(src/ddt_ros2_control/urdfs/tita_description) by extensions ['colcon_pkg']
[0.948s] Level 1:colcon.colcon_core.package_identification:_identify(src/ddt_ros2_control/urdfs/tita_description) by extension 'colcon_pkg'
[0.948s] Level 1:colcon.colcon_core.package_identification:_identify(src/ddt_ros2_control/urdfs/tita_description) by extensions ['colcon_meta']
[0.948s] Level 1:colcon.colcon_core.package_identification:_identify(src/ddt_ros2_control/urdfs/tita_description) by extension 'colcon_meta'
[0.948s] Level 1:colcon.colcon_core.package_identification:_identify(src/ddt_ros2_control/urdfs/tita_description) by extensions ['ros']
[0.948s] Level 1:colcon.colcon_core.package_identification:_identify(src/ddt_ros2_control/urdfs/tita_description) by extension 'ros'
[0.955s] DEBUG:colcon.colcon_core.package_identification:Package 'src/ddt_ros2_control/urdfs/tita_description' with type 'ros.ament_cmake' and name 'tita_description'
[0.956s] Level 1:colcon.colcon_core.package_identification:_identify(src/ddt_ros2_control/urdfs/titatit_description) by extensions ['ignore', 'ignore_ament_install']
[0.956s] Level 1:colcon.colcon_core.package_identification:_identify(src/ddt_ros2_control/urdfs/titatit_description) by extension 'ignore'
[0.956s] Level 1:colcon.colcon_core.package_identification:_identify(src/ddt_ros2_control/urdfs/titatit_description) by extension 'ignore_ament_install'
[0.956s] Level 1:colcon.colcon_core.package_identification:_identify(src/ddt_ros2_control/urdfs/titatit_description) by extensions ['colcon_pkg']
[0.956s] Level 1:colcon.colcon_core.package_identification:_identify(src/ddt_ros2_control/urdfs/titatit_description) by extension 'colcon_pkg'
[0.956s] Level 1:colcon.colcon_core.package_identification:_identify(src/ddt_ros2_control/urdfs/titatit_description) by extensions ['colcon_meta']
[0.956s] Level 1:colcon.colcon_core.package_identification:_identify(src/ddt_ros2_control/urdfs/titatit_description) by extension 'colcon_meta'
[0.956s] Level 1:colcon.colcon_core.package_identification:_identify(src/ddt_ros2_control/urdfs/titatit_description) by extensions ['ros']
[0.956s] Level 1:colcon.colcon_core.package_identification:_identify(src/ddt_ros2_control/urdfs/titatit_description) by extension 'ros'
[0.963s] DEBUG:colcon.colcon_core.package_identification:Package 'src/ddt_ros2_control/urdfs/titatit_description' with type 'ros.ament_cmake' and name 'titatit_description'
[0.964s] Level 1:colcon.colcon_core.package_identification:_identify(src/fishbot_navigation2) by extensions ['ignore', 'ignore_ament_install']
[0.964s] Level 1:colcon.colcon_core.package_identification:_identify(src/fishbot_navigation2) by extension 'ignore'
[0.964s] Level 1:colcon.colcon_core.package_identification:_identify(src/fishbot_navigation2) by extension 'ignore_ament_install'
[0.964s] Level 1:colcon.colcon_core.package_identification:_identify(src/fishbot_navigation2) by extensions ['colcon_pkg']
[0.964s] Level 1:colcon.colcon_core.package_identification:_identify(src/fishbot_navigation2) by extension 'colcon_pkg'
[0.964s] Level 1:colcon.colcon_core.package_identification:_identify(src/fishbot_navigation2) by extensions ['colcon_meta']
[0.964s] Level 1:colcon.colcon_core.package_identification:_identify(src/fishbot_navigation2) by extension 'colcon_meta'
[0.964s] Level 1:colcon.colcon_core.package_identification:_identify(src/fishbot_navigation2) by extensions ['ros']
[0.964s] Level 1:colcon.colcon_core.package_identification:_identify(src/fishbot_navigation2) by extension 'ros'
[0.965s] DEBUG:colcon.colcon_core.package_identification:Package 'src/fishbot_navigation2' with type 'ros.ament_cmake' and name 'fishbot_navigation2'
[0.965s] Level 1:colcon.colcon_core.package_discovery:discover_packages(recursive) using defaults
[0.965s] Level 1:colcon.colcon_core.package_discovery:discover_packages(ignore) discover
[0.965s] Level 1:colcon.colcon_core.package_discovery:discover_packages(ignore) using defaults
[0.965s] Level 1:colcon.colcon_core.package_discovery:discover_packages(path) discover
[0.965s] Level 1:colcon.colcon_core.package_discovery:discover_packages(path) using defaults
[1.032s] INFO:colcon.colcon_core.package_selection:Skipping not selected package 'd1_description' in 'src/ddt_ros2_control/urdfs/d1_description'
[1.032s] INFO:colcon.colcon_core.package_selection:Skipping not selected package 'd1h_description' in 'src/ddt_ros2_control/urdfs/d1h_description'
[1.032s] INFO:colcon.colcon_core.package_selection:Skipping not selected package 'fishbot_navigation2' in 'src/fishbot_navigation2'
[1.032s] INFO:colcon.colcon_core.package_selection:Skipping not selected package 'mujoco_sim_ros2' in 'src/ddt_ros2_control/simulation/mujoco_bridge/mujoco_sim_ros2'
[1.032s] INFO:colcon.colcon_core.package_selection:Skipping not selected package 'ros_utils' in 'src/ddt_ros2_control/ros_utils'
[1.032s] INFO:colcon.colcon_core.package_selection:Skipping not selected package 'tita_robot' in 'src/ddt_ros2_control/hardware/tita_robot'
[1.032s] INFO:colcon.colcon_core.package_selection:Skipping not selected package 'webots_bridge' in 'src/ddt_ros2_control/simulation/webots_bridge'
[1.032s] INFO:colcon.colcon_core.package_selection:Skipping not selected package 'gazebo_bridge' in 'src/ddt_ros2_control/simulation/gazebo_bridge'
[1.032s] INFO:colcon.colcon_core.package_selection:Skipping not selected package 'hardware_bridge' in 'src/ddt_ros2_control/hardware/hardware_bridge'
[1.032s] INFO:colcon.colcon_core.package_selection:Skipping not selected package 'keyboard_controller' in 'src/ddt_ros2_control/interaction/keyboard_controller'
[1.032s] INFO:colcon.colcon_core.package_selection:Skipping not selected package 'mujoco_ros2_control' in 'src/ddt_ros2_control/simulation/mujoco_bridge/mujoco_ros2_control'
[1.032s] INFO:colcon.colcon_core.package_selection:Skipping not selected package 'rl_controller' in 'src/ddt_ros2_control/controller/rl_controller'
[1.032s] INFO:colcon.colcon_core.package_selection:Skipping not selected package 'teleop_command' in 'src/ddt_ros2_control/interaction/teleop_command'
[1.032s] INFO:colcon.colcon_core.package_selection:Skipping not selected package 'mujoco_bridge' in 'src/ddt_ros2_control/simulation/mujoco_bridge/mujoco_bridge'
[1.033s] Level 1:colcon.colcon_core.package_discovery:discover_packages(prefix_path) check parameters
[1.033s] Level 1:colcon.colcon_core.package_discovery:discover_packages(prefix_path) discover
[1.036s] DEBUG:colcon.colcon_installed_package_information.package_discovery:Found 9 installed packages in /home/aiseon/navigation2_all/leg4_MPPI/install
[1.042s] DEBUG:colcon.colcon_installed_package_information.package_discovery:Found 440 installed packages in /opt/ros/humble
[1.049s] Level 1:colcon.colcon_core.package_discovery:discover_packages(prefix_path) using defaults
[1.196s] WARNING:colcon.colcon_core.package_selection:Some selected packages are already built in one or more underlay workspaces:
	'tita_description' is in: /home/aiseon/navigation2_all/leg4_MPPI/install/tita_description
If a package in a merged underlay workspace is overridden and it installs headers, then all packages in the overlay must sort their include directories by workspace order. Failure to do so may result in build failures or undefined behavior at run time.
If the overridden package is used by another package in any underlay, then the overriding package in the overlay must be API and ABI compatible or undefined behavior at run time may occur.

If you understand the risks and want to override a package anyways, add the following to the command line:
	--allow-overriding tita_description

This may be promoted to an error in a future release of colcon-override-check.
[1.204s] Level 5:colcon.colcon_core.verb:set package 'tita_description' build argument 'cmake_args' from command line to 'None'
[1.204s] Level 5:colcon.colcon_core.verb:set package 'tita_description' build argument 'cmake_target' from command line to 'None'
[1.204s] Level 5:colcon.colcon_core.verb:set package 'tita_description' build argument 'cmake_target_skip_unavailable' from command line to 'False'
[1.204s] Level 5:colcon.colcon_core.verb:set package 'tita_description' build argument 'cmake_clean_cache' from command line to 'False'
[1.204s] Level 5:colcon.colcon_core.verb:set package 'tita_description' build argument 'cmake_clean_first' from command line to 'False'
[1.204s] Level 5:colcon.colcon_core.verb:set package 'tita_description' build argument 'cmake_force_configure' from command line to 'False'
[1.204s] Level 5:colcon.colcon_core.verb:set package 'tita_description' build argument 'ament_cmake_args' from command line to 'None'
[1.204s] Level 5:colcon.colcon_core.verb:set package 'tita_description' build argument 'catkin_cmake_args' from command line to 'None'
[1.204s] Level 5:colcon.colcon_core.verb:set package 'tita_description' build argument 'catkin_skip_building_tests' from command line to 'False'
[1.204s] DEBUG:colcon.colcon_core.verb:Building package 'tita_description' with the following arguments: {'ament_cmake_args': None, 'build_base': '/home/aiseon/navigation2_all/leg4_MPPI/build/tita_description', 'catkin_cmake_args': None, 'catkin_skip_building_tests': False, 'cmake_args': None, 'cmake_clean_cache': False, 'cmake_clean_first': False, 'cmake_force_configure': False, 'cmake_target': None, 'cmake_target_skip_unavailable': False, 'install_base': '/home/aiseon/navigation2_all/leg4_MPPI/install/tita_description', 'merge_install': False, 'path': '/home/aiseon/navigation2_all/leg4_MPPI/src/ddt_ros2_control/urdfs/tita_description', 'symlink_install': False, 'test_result_base': None}
[1.209s] Level 5:colcon.colcon_core.verb:set package 'titatit_description' build argument 'cmake_args' from command line to 'None'
[1.209s] Level 5:colcon.colcon_core.verb:set package 'titatit_description' build argument 'cmake_target' from command line to 'None'
[1.209s] Level 5:colcon.colcon_core.verb:set package 'titatit_description' build argument 'cmake_target_skip_unavailable' from command line to 'False'
[1.209s] Level 5:colcon.colcon_core.verb:set package 'titatit_description' build argument 'cmake_clean_cache' from command line to 'False'
[1.209s] Level 5:colcon.colcon_core.verb:set package 'titatit_description' build argument 'cmake_clean_first' from command line to 'False'
[1.209s] Level 5:colcon.colcon_core.verb:set package 'titatit_description' build argument 'cmake_force_configure' from command line to 'False'
[1.209s] Level 5:colcon.colcon_core.verb:set package 'titatit_description' build argument 'ament_cmake_args' from command line to 'None'
[1.209s] Level 5:colcon.colcon_core.verb:set package 'titatit_description' build argument 'catkin_cmake_args' from command line to 'None'
[1.209s] Level 5:colcon.colcon_core.verb:set package 'titatit_description' build argument 'catkin_skip_building_tests' from command line to 'False'
[1.209s] DEBUG:colcon.colcon_core.verb:Building package 'titatit_description' with the following arguments: {'ament_cmake_args': None, 'build_base': '/home/aiseon/navigation2_all/leg4_MPPI/build/titatit_description', 'catkin_cmake_args': None, 'catkin_skip_building_tests': False, 'cmake_args': None, 'cmake_clean_cache': False, 'cmake_clean_first': False, 'cmake_force_configure': False, 'cmake_target': None, 'cmake_target_skip_unavailable': False, 'install_base': '/home/aiseon/navigation2_all/leg4_MPPI/install/titatit_description', 'merge_install': False, 'path': '/home/aiseon/navigation2_all/leg4_MPPI/src/ddt_ros2_control/urdfs/titatit_description', 'symlink_install': False, 'test_result_base': None}
[1.209s] INFO:colcon.colcon_core.executor:Executing jobs using 'parallel' executor
[1.212s] DEBUG:colcon.colcon_parallel_executor.executor.parallel:run_until_complete
[1.212s] INFO:colcon.colcon_ros.task.ament_cmake.build:Building ROS package in '/home/aiseon/navigation2_all/leg4_MPPI/src/ddt_ros2_control/urdfs/tita_description' with build type 'ament_cmake'
[1.212s] INFO:colcon.colcon_cmake.task.cmake.build:Building CMake package in '/home/aiseon/navigation2_all/leg4_MPPI/src/ddt_ros2_control/urdfs/tita_description'
[1.217s] INFO:colcon.colcon_core.plugin_system:Skipping extension 'colcon_core.shell.bat': Not used on non-Windows systems
[1.218s] INFO:colcon.colcon_core.shell:Skip shell extension 'powershell' for command environment: Not usable outside of PowerShell
[1.218s] DEBUG:colcon.colcon_core.shell:Skip shell extension 'dsv' for command environment
[1.237s] INFO:colcon.colcon_ros.task.ament_cmake.build:Building ROS package in '/home/aiseon/navigation2_all/leg4_MPPI/src/ddt_ros2_control/urdfs/titatit_description' with build type 'ament_cmake'
[1.237s] INFO:colcon.colcon_cmake.task.cmake.build:Building CMake package in '/home/aiseon/navigation2_all/leg4_MPPI/src/ddt_ros2_control/urdfs/titatit_description'
[1.237s] INFO:colcon.colcon_core.shell:Skip shell extension 'powershell' for command environment: Not usable outside of PowerShell
[1.237s] DEBUG:colcon.colcon_core.shell:Skip shell extension 'dsv' for command environment
[1.261s] DEBUG:colcon.colcon_core.event_handler.log_command:Invoking command in '/home/aiseon/navigation2_all/leg4_MPPI/build/tita_description': CMAKE_PREFIX_PATH=${CMAKE_PREFIX_PATH}:/opt/ros/humble /usr/bin/cmake --build /home/aiseon/navigation2_all/leg4_MPPI/build/tita_description -- -j192 -l192
[1.272s] DEBUG:colcon.colcon_core.event_handler.log_command:Invoking command in '/home/aiseon/navigation2_all/leg4_MPPI/build/titatit_description': CMAKE_PREFIX_PATH=${CMAKE_PREFIX_PATH}:/opt/ros/humble /usr/bin/cmake --build /home/aiseon/navigation2_all/leg4_MPPI/build/titatit_description -- -j192 -l192
[1.404s] DEBUG:colcon.colcon_core.event_handler.log_command:Invoked command in '/home/aiseon/navigation2_all/leg4_MPPI/build/tita_description' returned '0': CMAKE_PREFIX_PATH=${CMAKE_PREFIX_PATH}:/opt/ros/humble /usr/bin/cmake --build /home/aiseon/navigation2_all/leg4_MPPI/build/tita_description -- -j192 -l192
[1.436s] DEBUG:colcon.colcon_core.event_handler.log_command:Invoking command in '/home/aiseon/navigation2_all/leg4_MPPI/build/tita_description': CMAKE_PREFIX_PATH=${CMAKE_PREFIX_PATH}:/opt/ros/humble /usr/bin/cmake --install /home/aiseon/navigation2_all/leg4_MPPI/build/tita_description
[1.449s] DEBUG:colcon.colcon_core.event_handler.log_command:Invoked command in '/home/aiseon/navigation2_all/leg4_MPPI/build/titatit_description' returned '0': CMAKE_PREFIX_PATH=${CMAKE_PREFIX_PATH}:/opt/ros/humble /usr/bin/cmake --build /home/aiseon/navigation2_all/leg4_MPPI/build/titatit_description -- -j192 -l192
[1.455s] DEBUG:colcon.colcon_core.event_handler.log_command:Invoking command in '/home/aiseon/navigation2_all/leg4_MPPI/build/titatit_description': CMAKE_PREFIX_PATH=${CMAKE_PREFIX_PATH}:/opt/ros/humble /usr/bin/cmake --install /home/aiseon/navigation2_all/leg4_MPPI/build/titatit_description
[1.507s] Level 1:colcon.colcon_core.environment:create_environment_scripts_only(tita_description)
[1.508s] DEBUG:colcon.colcon_core.event_handler.log_command:Invoked command in '/home/aiseon/navigation2_all/leg4_MPPI/build/tita_description' returned '0': CMAKE_PREFIX_PATH=${CMAKE_PREFIX_PATH}:/opt/ros/humble /usr/bin/cmake --install /home/aiseon/navigation2_all/leg4_MPPI/build/tita_description
[1.517s] Level 1:colcon.colcon_core.environment:checking '/home/aiseon/navigation2_all/leg4_MPPI/install/tita_description' for CMake module files
[1.519s] Level 1:colcon.colcon_core.environment:checking '/home/aiseon/navigation2_all/leg4_MPPI/install/tita_description' for CMake config files
[1.519s] Level 1:colcon.colcon_core.shell:create_environment_hook('tita_description', 'cmake_prefix_path')
[1.520s] INFO:colcon.colcon_core.shell:Creating environment hook '/home/aiseon/navigation2_all/leg4_MPPI/install/tita_description/share/tita_description/hook/cmake_prefix_path.ps1'
[1.521s] INFO:colcon.colcon_core.shell:Creating environment descriptor '/home/aiseon/navigation2_all/leg4_MPPI/install/tita_description/share/tita_description/hook/cmake_prefix_path.dsv'
[1.521s] INFO:colcon.colcon_core.shell:Creating environment hook '/home/aiseon/navigation2_all/leg4_MPPI/install/tita_description/share/tita_description/hook/cmake_prefix_path.sh'
[1.522s] Level 1:colcon.colcon_core.environment:checking '/home/aiseon/navigation2_all/leg4_MPPI/install/tita_description/bin'
[1.522s] Level 1:colcon.colcon_core.environment:checking '/home/aiseon/navigation2_all/leg4_MPPI/install/tita_description/lib/pkgconfig/tita_description.pc'
[1.523s] Level 1:colcon.colcon_core.environment:checking '/home/aiseon/navigation2_all/leg4_MPPI/install/tita_description/lib/python3.10/site-packages'
[1.523s] Level 1:colcon.colcon_core.environment:checking '/home/aiseon/navigation2_all/leg4_MPPI/install/tita_description/bin'
[1.527s] INFO:colcon.colcon_core.shell:Creating package script '/home/aiseon/navigation2_all/leg4_MPPI/install/tita_description/share/tita_description/package.ps1'
[1.528s] INFO:colcon.colcon_core.shell:Creating package descriptor '/home/aiseon/navigation2_all/leg4_MPPI/install/tita_description/share/tita_description/package.dsv'
[1.528s] INFO:colcon.colcon_core.shell:Creating package script '/home/aiseon/navigation2_all/leg4_MPPI/install/tita_description/share/tita_description/package.sh'
[1.529s] INFO:colcon.colcon_core.shell:Creating package script '/home/aiseon/navigation2_all/leg4_MPPI/install/tita_description/share/tita_description/package.bash'
[1.535s] INFO:colcon.colcon_core.shell:Creating package script '/home/aiseon/navigation2_all/leg4_MPPI/install/tita_description/share/tita_description/package.zsh'
[1.536s] Level 1:colcon.colcon_core.environment:create_file_with_runtime_dependencies(/home/aiseon/navigation2_all/leg4_MPPI/install/tita_description/share/colcon-core/packages/tita_description)
[1.537s] Level 1:colcon.colcon_core.environment:create_environment_scripts_only(tita_description)
[1.537s] Level 1:colcon.colcon_core.environment:checking '/home/aiseon/navigation2_all/leg4_MPPI/install/tita_description' for CMake module files
[1.537s] Level 1:colcon.colcon_core.environment:checking '/home/aiseon/navigation2_all/leg4_MPPI/install/tita_description' for CMake config files
[1.540s] Level 1:colcon.colcon_core.shell:create_environment_hook('tita_description', 'cmake_prefix_path')
[1.540s] INFO:colcon.colcon_core.shell:Creating environment hook '/home/aiseon/navigation2_all/leg4_MPPI/install/tita_description/share/tita_description/hook/cmake_prefix_path.ps1'
[1.541s] INFO:colcon.colcon_core.shell:Creating environment descriptor '/home/aiseon/navigation2_all/leg4_MPPI/install/tita_description/share/tita_description/hook/cmake_prefix_path.dsv'
[1.541s] INFO:colcon.colcon_core.shell:Creating environment hook '/home/aiseon/navigation2_all/leg4_MPPI/install/tita_description/share/tita_description/hook/cmake_prefix_path.sh'
[1.542s] Level 1:colcon.colcon_core.environment:checking '/home/aiseon/navigation2_all/leg4_MPPI/install/tita_description/bin'
[1.542s] Level 1:colcon.colcon_core.environment:checking '/home/aiseon/navigation2_all/leg4_MPPI/install/tita_description/lib/pkgconfig/tita_description.pc'
[1.542s] Level 1:colcon.colcon_core.environment:checking '/home/aiseon/navigation2_all/leg4_MPPI/install/tita_description/lib/python3.10/site-packages'
[1.542s] Level 1:colcon.colcon_core.environment:checking '/home/aiseon/navigation2_all/leg4_MPPI/install/tita_description/bin'
[1.548s] INFO:colcon.colcon_core.shell:Creating package script '/home/aiseon/navigation2_all/leg4_MPPI/install/tita_description/share/tita_description/package.ps1'
[1.549s] INFO:colcon.colcon_core.shell:Creating package descriptor '/home/aiseon/navigation2_all/leg4_MPPI/install/tita_description/share/tita_description/package.dsv'
[1.549s] INFO:colcon.colcon_core.shell:Creating package script '/home/aiseon/navigation2_all/leg4_MPPI/install/tita_description/share/tita_description/package.sh'
[1.550s] INFO:colcon.colcon_core.shell:Creating package script '/home/aiseon/navigation2_all/leg4_MPPI/install/tita_description/share/tita_description/package.bash'
[1.550s] INFO:colcon.colcon_core.shell:Creating package script '/home/aiseon/navigation2_all/leg4_MPPI/install/tita_description/share/tita_description/package.zsh'
[1.551s] Level 1:colcon.colcon_core.environment:create_file_with_runtime_dependencies(/home/aiseon/navigation2_all/leg4_MPPI/install/tita_description/share/colcon-core/packages/tita_description)
[1.556s] Level 1:colcon.colcon_core.environment:create_environment_scripts_only(titatit_description)
[1.556s] Level 1:colcon.colcon_core.environment:checking '/home/aiseon/navigation2_all/leg4_MPPI/install/titatit_description' for CMake module files
[1.557s] Level 1:colcon.colcon_core.environment:checking '/home/aiseon/navigation2_all/leg4_MPPI/install/titatit_description' for CMake config files
[1.557s] Level 1:colcon.colcon_core.shell:create_environment_hook('titatit_description', 'cmake_prefix_path')
[1.557s] INFO:colcon.colcon_core.shell:Creating environment hook '/home/aiseon/navigation2_all/leg4_MPPI/install/titatit_description/share/titatit_description/hook/cmake_prefix_path.ps1'
[1.558s] INFO:colcon.colcon_core.shell:Creating environment descriptor '/home/aiseon/navigation2_all/leg4_MPPI/install/titatit_description/share/titatit_description/hook/cmake_prefix_path.dsv'
[1.558s] INFO:colcon.colcon_core.shell:Creating environment hook '/home/aiseon/navigation2_all/leg4_MPPI/install/titatit_description/share/titatit_description/hook/cmake_prefix_path.sh'
[1.559s] Level 1:colcon.colcon_core.environment:checking '/home/aiseon/navigation2_all/leg4_MPPI/install/titatit_description/bin'
[1.559s] Level 1:colcon.colcon_core.environment:checking '/home/aiseon/navigation2_all/leg4_MPPI/install/titatit_description/lib/pkgconfig/titatit_description.pc'
[1.559s] Level 1:colcon.colcon_core.environment:checking '/home/aiseon/navigation2_all/leg4_MPPI/install/titatit_description/lib/python3.10/site-packages'
[1.560s] Level 1:colcon.colcon_core.environment:checking '/home/aiseon/navigation2_all/leg4_MPPI/install/titatit_description/bin'
[1.564s] INFO:colcon.colcon_core.shell:Creating package script '/home/aiseon/navigation2_all/leg4_MPPI/install/titatit_description/share/titatit_description/package.ps1'
[1.564s] INFO:colcon.colcon_core.shell:Creating package descriptor '/home/aiseon/navigation2_all/leg4_MPPI/install/titatit_description/share/titatit_description/package.dsv'
[1.565s] INFO:colcon.colcon_core.shell:Creating package script '/home/aiseon/navigation2_all/leg4_MPPI/install/titatit_description/share/titatit_description/package.sh'
[1.565s] INFO:colcon.colcon_core.shell:Creating package script '/home/aiseon/navigation2_all/leg4_MPPI/install/titatit_description/share/titatit_description/package.bash'
[1.566s] INFO:colcon.colcon_core.shell:Creating package script '/home/aiseon/navigation2_all/leg4_MPPI/install/titatit_description/share/titatit_description/package.zsh'
[1.566s] Level 1:colcon.colcon_core.environment:create_file_with_runtime_dependencies(/home/aiseon/navigation2_all/leg4_MPPI/install/titatit_description/share/colcon-core/packages/titatit_description)
[1.566s] Level 1:colcon.colcon_core.environment:create_environment_scripts_only(titatit_description)
[1.567s] DEBUG:colcon.colcon_core.event_handler.log_command:Invoked command in '/home/aiseon/navigation2_all/leg4_MPPI/build/titatit_description' returned '0': CMAKE_PREFIX_PATH=${CMAKE_PREFIX_PATH}:/opt/ros/humble /usr/bin/cmake --install /home/aiseon/navigation2_all/leg4_MPPI/build/titatit_description
[1.567s] Level 1:colcon.colcon_core.environment:checking '/home/aiseon/navigation2_all/leg4_MPPI/install/titatit_description' for CMake module files
[1.568s] Level 1:colcon.colcon_core.environment:checking '/home/aiseon/navigation2_all/leg4_MPPI/install/titatit_description' for CMake config files
[1.568s] Level 1:colcon.colcon_core.shell:create_environment_hook('titatit_description', 'cmake_prefix_path')
[1.569s] INFO:colcon.colcon_core.shell:Creating environment hook '/home/aiseon/navigation2_all/leg4_MPPI/install/titatit_description/share/titatit_description/hook/cmake_prefix_path.ps1'
[1.569s] INFO:colcon.colcon_core.shell:Creating environment descriptor '/home/aiseon/navigation2_all/leg4_MPPI/install/titatit_description/share/titatit_description/hook/cmake_prefix_path.dsv'
[1.569s] INFO:colcon.colcon_core.shell:Creating environment hook '/home/aiseon/navigation2_all/leg4_MPPI/install/titatit_description/share/titatit_description/hook/cmake_prefix_path.sh'
[1.570s] Level 1:colcon.colcon_core.environment:checking '/home/aiseon/navigation2_all/leg4_MPPI/install/titatit_description/bin'
[1.570s] Level 1:colcon.colcon_core.environment:checking '/home/aiseon/navigation2_all/leg4_MPPI/install/titatit_description/lib/pkgconfig/titatit_description.pc'
[1.570s] Level 1:colcon.colcon_core.environment:checking '/home/aiseon/navigation2_all/leg4_MPPI/install/titatit_description/lib/python3.10/site-packages'
[1.575s] Level 1:colcon.colcon_core.environment:checking '/home/aiseon/navigation2_all/leg4_MPPI/install/titatit_description/bin'
[1.576s] INFO:colcon.colcon_core.shell:Creating package script '/home/aiseon/navigation2_all/leg4_MPPI/install/titatit_description/share/titatit_description/package.ps1'
[1.576s] INFO:colcon.colcon_core.shell:Creating package descriptor '/home/aiseon/navigation2_all/leg4_MPPI/install/titatit_description/share/titatit_description/package.dsv'
[1.577s] INFO:colcon.colcon_core.shell:Creating package script '/home/aiseon/navigation2_all/leg4_MPPI/install/titatit_description/share/titatit_description/package.sh'
[1.577s] INFO:colcon.colcon_core.shell:Creating package script '/home/aiseon/navigation2_all/leg4_MPPI/install/titatit_description/share/titatit_description/package.bash'
[1.578s] INFO:colcon.colcon_core.shell:Creating package script '/home/aiseon/navigation2_all/leg4_MPPI/install/titatit_description/share/titatit_description/package.zsh'
[1.578s] Level 1:colcon.colcon_core.environment:create_file_with_runtime_dependencies(/home/aiseon/navigation2_all/leg4_MPPI/install/titatit_description/share/colcon-core/packages/titatit_description)
[1.582s] DEBUG:colcon.colcon_parallel_executor.executor.parallel:closing loop
[1.582s] DEBUG:colcon.colcon_parallel_executor.executor.parallel:loop closed
[1.583s] DEBUG:colcon.colcon_parallel_executor.executor.parallel:run_until_complete finished with '0'
[1.583s] DEBUG:colcon.colcon_core.event_reactor:joining thread
[1.598s] INFO:colcon.colcon_core.plugin_system:Skipping extension 'colcon_notification.desktop_notification.terminal_notifier': Not used on non-Darwin systems
[1.598s] INFO:colcon.colcon_core.plugin_system:Skipping extension 'colcon_notification.desktop_notification.win32': Not used on non-Windows systems
[1.598s] INFO:colcon.colcon_notification.desktop_notification:Sending desktop notification using 'notify2'
[1.631s] DEBUG:colcon.colcon_core.event_reactor:joined thread
[1.631s] INFO:colcon.colcon_core.shell:Creating prefix script '/home/aiseon/navigation2_all/leg4_MPPI/install/local_setup.ps1'
[1.632s] INFO:colcon.colcon_core.shell:Creating prefix util module '/home/aiseon/navigation2_all/leg4_MPPI/install/_local_setup_util_ps1.py'
[1.639s] INFO:colcon.colcon_core.shell:Creating prefix chain script '/home/aiseon/navigation2_all/leg4_MPPI/install/setup.ps1'
[1.641s] INFO:colcon.colcon_core.shell:Creating prefix script '/home/aiseon/navigation2_all/leg4_MPPI/install/local_setup.sh'
[1.641s] INFO:colcon.colcon_core.shell:Creating prefix util module '/home/aiseon/navigation2_all/leg4_MPPI/install/_local_setup_util_sh.py'
[1.642s] INFO:colcon.colcon_core.shell:Creating prefix chain script '/home/aiseon/navigation2_all/leg4_MPPI/install/setup.sh'
[1.643s] INFO:colcon.colcon_core.shell:Creating prefix script '/home/aiseon/navigation2_all/leg4_MPPI/install/local_setup.bash'
[1.644s] INFO:colcon.colcon_core.shell:Creating prefix chain script '/home/aiseon/navigation2_all/leg4_MPPI/install/setup.bash'
[1.649s] INFO:colcon.colcon_core.shell:Creating prefix script '/home/aiseon/navigation2_all/leg4_MPPI/install/local_setup.zsh'
[1.650s] INFO:colcon.colcon_core.shell:Creating prefix chain script '/home/aiseon/navigation2_all/leg4_MPPI/install/setup.zsh'
