[0.020s] Invoking command in '/home/aiseon/navigation2_all/leg4_MPPI/build/ros_utils': CMAKE_PREFIX_PATH=/opt/ros/humble /usr/bin/cmake /home/aiseon/navigation2_all/leg4_MPPI/src/ddt_ros2_control/ros_utils -DCMAKE_BUILD_TYPE=Release -DAMENT_CMAKE_SYMLINK_INSTALL=1 -DCMAKE_INSTALL_PREFIX=/home/aiseon/navigation2_all/leg4_MPPI/install/ros_utils
[0.122s] -- The C compiler identification is GNU 11.4.0
[0.205s] -- The CXX compiler identification is GNU 11.4.0
[0.218s] -- Detecting C compiler ABI info
[0.349s] -- Detecting C compiler ABI info - done
[0.357s] -- Check for working C compiler: /usr/bin/cc - skipped
[0.357s] -- Detecting C compile features
[0.358s] -- Detecting C compile features - done
[0.360s] -- Detecting CXX compiler ABI info
[0.491s] -- Detecting CXX compiler ABI info - done
[0.499s] -- Check for working CXX compiler: /usr/bin/c++ - skipped
[0.500s] -- Detecting CXX compile features
[0.500s] -- Detecting CXX compile features - done
[0.502s] -- Found ament_cmake_auto: 1.3.13 (/opt/ros/humble/share/ament_cmake_auto/cmake)
[0.694s] -- Found Python3: /usr/bin/python3 (found version "3.10.12") found components: Interpreter 
[0.766s] -- Override CMake install command with custom implementation using symlinks instead of copying resources
[0.927s] -- Found rosidl_generator_c: 3.1.8 (/opt/ros/humble/share/rosidl_generator_c/cmake)
[0.929s] -- Found rosidl_adapter: 3.1.8 (/opt/ros/humble/share/rosidl_adapter/cmake)
[0.938s] -- Found rosidl_generator_cpp: 3.1.8 (/opt/ros/humble/share/rosidl_generator_cpp/cmake)
[0.950s] -- Using all available rosidl_typesupport_c: rosidl_typesupport_fastrtps_c;rosidl_typesupport_introspection_c
[0.967s] -- Using all available rosidl_typesupport_cpp: rosidl_typesupport_fastrtps_cpp;rosidl_typesupport_introspection_cpp
[1.012s] -- Found rmw_implementation_cmake: 6.1.2 (/opt/ros/humble/share/rmw_implementation_cmake/cmake)
[1.015s] -- Found rmw_fastrtps_cpp: 6.2.10 (/opt/ros/humble/share/rmw_fastrtps_cpp/cmake)
[1.186s] -- Found OpenSSL: /usr/lib/x86_64-linux-gnu/libcrypto.so (found version "3.0.2")  
[1.227s] -- Found FastRTPS: /opt/ros/humble/include  
[1.286s] -- Using RMW implementation 'rmw_fastrtps_cpp' as default
[1.296s] -- Looking for pthread.h
[1.426s] -- Looking for pthread.h - found
[1.427s] -- Performing Test CMAKE_HAVE_LIBC_PTHREAD
[1.560s] -- Performing Test CMAKE_HAVE_LIBC_PTHREAD - Success
[1.562s] -- Found Threads: TRUE  
[1.613s] -- Found ament_lint_auto: 0.12.15 (/opt/ros/humble/share/ament_lint_auto/cmake)
[1.625s] [0mIn this package, headers install destination is set to `include` by ament_auto_package. It is recommended to install `include/ros_utils` instead and will be the default behavior of ament_auto_package from ROS 2 Kilted Kaiju. On distributions before Kilted, ament_auto_package behaves the same way when you use USE_SCOPED_HEADER_INSTALL_DIR option.[0m
[1.629s] -- Added test 'clang_format' to check C / C++ code style
[1.629s] -- Added test 'copyright' to check source files copyright and LICENSE
[1.630s] -- Added test 'cppcheck' to perform static code analysis on C / C++ code
[1.631s] -- Configured cppcheck include dirs: 
[1.631s] -- Configured cppcheck exclude dirs and/or files: 
[1.631s] -- Added test 'cpplint' to check C / C++ code against the Google style
[1.631s] -- Configured cpplint exclude dirs and/or files: 
[1.632s] -- Added test 'lint_cmake' to check CMake code style
[1.632s] -- Added test 'xmllint' to check XML markup files
[1.634s] -- Configuring done
[1.639s] -- Generating done
[1.641s] -- Build files have been written to: /home/aiseon/navigation2_all/leg4_MPPI/build/ros_utils
[1.657s] Invoked command in '/home/aiseon/navigation2_all/leg4_MPPI/build/ros_utils' returned '0': CMAKE_PREFIX_PATH=/opt/ros/humble /usr/bin/cmake /home/aiseon/navigation2_all/leg4_MPPI/src/ddt_ros2_control/ros_utils -DCMAKE_BUILD_TYPE=Release -DAMENT_CMAKE_SYMLINK_INSTALL=1 -DCMAKE_INSTALL_PREFIX=/home/aiseon/navigation2_all/leg4_MPPI/install/ros_utils
[1.661s] Invoking command in '/home/aiseon/navigation2_all/leg4_MPPI/build/ros_utils': CMAKE_PREFIX_PATH=/opt/ros/humble /usr/bin/cmake --build /home/aiseon/navigation2_all/leg4_MPPI/build/ros_utils -- -j192 -l192
[1.729s] Invoked command in '/home/aiseon/navigation2_all/leg4_MPPI/build/ros_utils' returned '0': CMAKE_PREFIX_PATH=/opt/ros/humble /usr/bin/cmake --build /home/aiseon/navigation2_all/leg4_MPPI/build/ros_utils -- -j192 -l192
[1.731s] Invoking command in '/home/aiseon/navigation2_all/leg4_MPPI/build/ros_utils': CMAKE_PREFIX_PATH=/opt/ros/humble /usr/bin/cmake --install /home/aiseon/navigation2_all/leg4_MPPI/build/ros_utils
[1.743s] -- Install configuration: "Release"
[1.744s] -- Execute custom install script
[1.744s] -- Symlinking: /home/aiseon/navigation2_all/leg4_MPPI/install/ros_utils/include/ros_utils/topic_names.hpp
[1.760s] -- Symlinking: /home/aiseon/navigation2_all/leg4_MPPI/install/ros_utils/share/ament_index/resource_index/package_run_dependencies/ros_utils
[1.773s] -- Symlinking: /home/aiseon/navigation2_all/leg4_MPPI/install/ros_utils/share/ament_index/resource_index/parent_prefix_path/ros_utils
[1.786s] -- Symlinking: /home/aiseon/navigation2_all/leg4_MPPI/install/ros_utils/share/ros_utils/environment/ament_prefix_path.sh
[1.802s] -- Symlinking: /home/aiseon/navigation2_all/leg4_MPPI/install/ros_utils/share/ros_utils/environment/ament_prefix_path.dsv
[1.814s] -- Symlinking: /home/aiseon/navigation2_all/leg4_MPPI/install/ros_utils/share/ros_utils/environment/path.sh
[1.827s] -- Symlinking: /home/aiseon/navigation2_all/leg4_MPPI/install/ros_utils/share/ros_utils/environment/path.dsv
[1.841s] -- Symlinking: /home/aiseon/navigation2_all/leg4_MPPI/install/ros_utils/share/ros_utils/local_setup.bash
[1.854s] -- Symlinking: /home/aiseon/navigation2_all/leg4_MPPI/install/ros_utils/share/ros_utils/local_setup.sh
[1.869s] -- Symlinking: /home/aiseon/navigation2_all/leg4_MPPI/install/ros_utils/share/ros_utils/local_setup.zsh
[1.884s] -- Symlinking: /home/aiseon/navigation2_all/leg4_MPPI/install/ros_utils/share/ros_utils/local_setup.dsv
[1.900s] -- Symlinking: /home/aiseon/navigation2_all/leg4_MPPI/install/ros_utils/share/ros_utils/package.dsv
[1.915s] -- Symlinking: /home/aiseon/navigation2_all/leg4_MPPI/install/ros_utils/share/ament_index/resource_index/packages/ros_utils
[1.928s] -- Symlinking: /home/aiseon/navigation2_all/leg4_MPPI/install/ros_utils/share/ros_utils/cmake/ament_cmake_export_dependencies-extras.cmake
[1.941s] -- Symlinking: /home/aiseon/navigation2_all/leg4_MPPI/install/ros_utils/share/ros_utils/cmake/ament_cmake_export_include_directories-extras.cmake
[1.953s] -- Symlinking: /home/aiseon/navigation2_all/leg4_MPPI/install/ros_utils/share/ros_utils/cmake/ros_utilsConfig.cmake
[1.966s] -- Symlinking: /home/aiseon/navigation2_all/leg4_MPPI/install/ros_utils/share/ros_utils/cmake/ros_utilsConfig-version.cmake
[1.980s] -- Symlinking: /home/aiseon/navigation2_all/leg4_MPPI/install/ros_utils/share/ros_utils/package.xml
[1.998s] Invoked command in '/home/aiseon/navigation2_all/leg4_MPPI/build/ros_utils' returned '0': CMAKE_PREFIX_PATH=/opt/ros/humble /usr/bin/cmake --install /home/aiseon/navigation2_all/leg4_MPPI/build/ros_utils
