[0.022s] Invoking command in '/home/aiseon/navigation2_all/leg4_MPPI/build/keyboard_controller': AMENT_PREFIX_PATH=/home/aiseon/navigation2_all/leg4_MPPI/install/ros_utils:${AMENT_PREFIX_PATH} CMAKE_PREFIX_PATH=/home/aiseon/navigation2_all/leg4_MPPI/install/ros_utils:/opt/ros/humble /usr/bin/cmake /home/aiseon/navigation2_all/leg4_MPPI/src/ddt_ros2_control/interaction/keyboard_controller -DCMAKE_BUILD_TYPE=Release -DAMENT_CMAKE_SYMLINK_INSTALL=1 -DCMAKE_INSTALL_PREFIX=/home/aiseon/navigation2_all/leg4_MPPI/install/keyboard_controller
[0.121s] -- The C compiler identification is GNU 11.4.0
[0.207s] -- The CXX compiler identification is GNU 11.4.0
[0.221s] -- Detecting C compiler ABI info
[0.347s] -- Detecting C compiler ABI info - done
[0.355s] -- Check for working C compiler: /usr/bin/cc - skipped
[0.355s] -- Detecting C compile features
[0.356s] -- Detecting C compile features - done
[0.359s] -- Detecting CXX compiler ABI info
[0.495s] -- Detecting CXX compiler ABI info - done
[0.503s] -- Check for working CXX compiler: /usr/bin/c++ - skipped
[0.503s] -- Detecting CXX compile features
[0.503s] -- Detecting CXX compile features - done
[0.506s] -- Found ament_cmake_auto: 1.3.13 (/opt/ros/humble/share/ament_cmake_auto/cmake)
[0.702s] -- Found Python3: /usr/bin/python3 (found version "3.10.12") found components: Interpreter 
[0.771s] -- Override CMake install command with custom implementation using symlinks instead of copying resources
[0.925s] -- Found rosidl_generator_c: 3.1.8 (/opt/ros/humble/share/rosidl_generator_c/cmake)
[0.930s] -- Found rosidl_adapter: 3.1.8 (/opt/ros/humble/share/rosidl_adapter/cmake)
[0.939s] -- Found rosidl_generator_cpp: 3.1.8 (/opt/ros/humble/share/rosidl_generator_cpp/cmake)
[0.951s] -- Using all available rosidl_typesupport_c: rosidl_typesupport_fastrtps_c;rosidl_typesupport_introspection_c
[0.967s] -- Using all available rosidl_typesupport_cpp: rosidl_typesupport_fastrtps_cpp;rosidl_typesupport_introspection_cpp
[1.012s] -- Found rmw_implementation_cmake: 6.1.2 (/opt/ros/humble/share/rmw_implementation_cmake/cmake)
[1.015s] -- Found rmw_fastrtps_cpp: 6.2.10 (/opt/ros/humble/share/rmw_fastrtps_cpp/cmake)
[1.193s] -- Found OpenSSL: /usr/lib/x86_64-linux-gnu/libcrypto.so (found version "3.0.2")  
[1.231s] -- Found FastRTPS: /opt/ros/humble/include  
[1.294s] -- Using RMW implementation 'rmw_fastrtps_cpp' as default
[1.303s] -- Looking for pthread.h
[1.436s] -- Looking for pthread.h - found
[1.436s] -- Performing Test CMAKE_HAVE_LIBC_PTHREAD
[1.568s] -- Performing Test CMAKE_HAVE_LIBC_PTHREAD - Success
[1.570s] -- Found Threads: TRUE  
[1.687s] -- Found ament_lint_auto: 0.12.15 (/opt/ros/humble/share/ament_lint_auto/cmake)
[1.699s] [0mIn this package, headers install destination is set to `include` by ament_auto_package. It is recommended to install `include/keyboard_controller` instead and will be the default behavior of ament_auto_package from ROS 2 Kilted Kaiju. On distributions before Kilted, ament_auto_package behaves the same way when you use USE_SCOPED_HEADER_INSTALL_DIR option.[0m
[1.704s] -- Added test 'clang_format' to check C / C++ code style
[1.704s] -- Added test 'copyright' to check source files copyright and LICENSE
[1.705s] -- Added test 'cppcheck' to perform static code analysis on C / C++ code
[1.705s] -- Configured cppcheck include dirs: /home/aiseon/navigation2_all/leg4_MPPI/src/ddt_ros2_control/interaction/keyboard_controller/include
[1.706s] -- Configured cppcheck exclude dirs and/or files: 
[1.706s] -- Added test 'cpplint' to check C / C++ code against the Google style
[1.706s] -- Configured cpplint exclude dirs and/or files: 
[1.707s] -- Added test 'lint_cmake' to check CMake code style
[1.707s] -- Added test 'xmllint' to check XML markup files
[1.709s] -- Configuring done
[1.720s] -- Generating done
[1.724s] -- Build files have been written to: /home/aiseon/navigation2_all/leg4_MPPI/build/keyboard_controller
[1.743s] Invoked command in '/home/aiseon/navigation2_all/leg4_MPPI/build/keyboard_controller' returned '0': AMENT_PREFIX_PATH=/home/aiseon/navigation2_all/leg4_MPPI/install/ros_utils:${AMENT_PREFIX_PATH} CMAKE_PREFIX_PATH=/home/aiseon/navigation2_all/leg4_MPPI/install/ros_utils:/opt/ros/humble /usr/bin/cmake /home/aiseon/navigation2_all/leg4_MPPI/src/ddt_ros2_control/interaction/keyboard_controller -DCMAKE_BUILD_TYPE=Release -DAMENT_CMAKE_SYMLINK_INSTALL=1 -DCMAKE_INSTALL_PREFIX=/home/aiseon/navigation2_all/leg4_MPPI/install/keyboard_controller
[1.747s] Invoking command in '/home/aiseon/navigation2_all/leg4_MPPI/build/keyboard_controller': AMENT_PREFIX_PATH=/home/aiseon/navigation2_all/leg4_MPPI/install/ros_utils:${AMENT_PREFIX_PATH} CMAKE_PREFIX_PATH=/home/aiseon/navigation2_all/leg4_MPPI/install/ros_utils:/opt/ros/humble /usr/bin/cmake --build /home/aiseon/navigation2_all/leg4_MPPI/build/keyboard_controller -- -j192 -l192
[1.847s] [ 33%] [32mBuilding CXX object CMakeFiles/keyboard_controller_node.dir/src/main.cpp.o[0m
[1.849s] [ 66%] [32mBuilding CXX object CMakeFiles/keyboard_controller_node.dir/src/keyboard_controller.cpp.o[0m
[5.449s] [01m[K/home/aiseon/navigation2_all/leg4_MPPI/src/ddt_ros2_control/interaction/keyboard_controller/src/keyboard_controller.cpp:[m[K In member function ‘[01m[Kvoid KeyboardControllerNode::print_interface()[m[K’:
[5.449s] [01m[K/home/aiseon/navigation2_all/leg4_MPPI/src/ddt_ros2_control/interaction/keyboard_controller/src/keyboard_controller.cpp:43:9:[m[K [01;35m[Kwarning: [m[Kignoring return value of ‘[01m[Kint system(const char*)[m[K’ declared with attribute ‘[01m[Kwarn_unused_result[m[K’ [[01;35m[K]8;;https://gcc.gnu.org/onlinedocs/gcc/Warning-Options.html#index-Wunused-result-Wunused-result]8;;[m[K]
[5.450s]    43 |   [01;35m[Ksystem("clear")[m[K;
[5.450s]       |   [01;35m[K~~~~~~^~~~~~~~~[m[K
[8.372s] [100%] [32m[1mLinking CXX executable keyboard_controller_node[0m
[8.520s] [100%] Built target keyboard_controller_node
[8.538s] Invoked command in '/home/aiseon/navigation2_all/leg4_MPPI/build/keyboard_controller' returned '0': AMENT_PREFIX_PATH=/home/aiseon/navigation2_all/leg4_MPPI/install/ros_utils:${AMENT_PREFIX_PATH} CMAKE_PREFIX_PATH=/home/aiseon/navigation2_all/leg4_MPPI/install/ros_utils:/opt/ros/humble /usr/bin/cmake --build /home/aiseon/navigation2_all/leg4_MPPI/build/keyboard_controller -- -j192 -l192
[8.541s] Invoking command in '/home/aiseon/navigation2_all/leg4_MPPI/build/keyboard_controller': AMENT_PREFIX_PATH=/home/aiseon/navigation2_all/leg4_MPPI/install/ros_utils:${AMENT_PREFIX_PATH} CMAKE_PREFIX_PATH=/home/aiseon/navigation2_all/leg4_MPPI/install/ros_utils:/opt/ros/humble /usr/bin/cmake --install /home/aiseon/navigation2_all/leg4_MPPI/build/keyboard_controller
[8.549s] -- Install configuration: "Release"
[8.549s] -- Execute custom install script
[8.550s] -- Symlinking: /home/aiseon/navigation2_all/leg4_MPPI/install/keyboard_controller/include/keyboard_controller/keyboard_controller.hpp
[8.563s] -- Symlinking: /home/aiseon/navigation2_all/leg4_MPPI/install/keyboard_controller/lib/keyboard_controller/keyboard_controller_node
[8.575s] -- Symlinking: /home/aiseon/navigation2_all/leg4_MPPI/install/keyboard_controller/share/ament_index/resource_index/package_run_dependencies/keyboard_controller
[8.587s] -- Symlinking: /home/aiseon/navigation2_all/leg4_MPPI/install/keyboard_controller/share/ament_index/resource_index/parent_prefix_path/keyboard_controller
[8.599s] -- Symlinking: /home/aiseon/navigation2_all/leg4_MPPI/install/keyboard_controller/share/keyboard_controller/environment/ament_prefix_path.sh
[8.609s] -- Symlinking: /home/aiseon/navigation2_all/leg4_MPPI/install/keyboard_controller/share/keyboard_controller/environment/ament_prefix_path.dsv
[8.621s] -- Symlinking: /home/aiseon/navigation2_all/leg4_MPPI/install/keyboard_controller/share/keyboard_controller/environment/path.sh
[8.634s] -- Symlinking: /home/aiseon/navigation2_all/leg4_MPPI/install/keyboard_controller/share/keyboard_controller/environment/path.dsv
[8.643s] -- Symlinking: /home/aiseon/navigation2_all/leg4_MPPI/install/keyboard_controller/share/keyboard_controller/local_setup.bash
[8.653s] -- Symlinking: /home/aiseon/navigation2_all/leg4_MPPI/install/keyboard_controller/share/keyboard_controller/local_setup.sh
[8.665s] -- Symlinking: /home/aiseon/navigation2_all/leg4_MPPI/install/keyboard_controller/share/keyboard_controller/local_setup.zsh
[8.676s] -- Symlinking: /home/aiseon/navigation2_all/leg4_MPPI/install/keyboard_controller/share/keyboard_controller/local_setup.dsv
[8.688s] -- Symlinking: /home/aiseon/navigation2_all/leg4_MPPI/install/keyboard_controller/share/keyboard_controller/package.dsv
[8.701s] -- Symlinking: /home/aiseon/navigation2_all/leg4_MPPI/install/keyboard_controller/share/ament_index/resource_index/packages/keyboard_controller
[8.713s] -- Symlinking: /home/aiseon/navigation2_all/leg4_MPPI/install/keyboard_controller/share/keyboard_controller/cmake/ament_cmake_export_dependencies-extras.cmake
[8.725s] -- Symlinking: /home/aiseon/navigation2_all/leg4_MPPI/install/keyboard_controller/share/keyboard_controller/cmake/ament_cmake_export_include_directories-extras.cmake
[8.737s] -- Symlinking: /home/aiseon/navigation2_all/leg4_MPPI/install/keyboard_controller/share/keyboard_controller/cmake/keyboard_controllerConfig.cmake
[8.747s] -- Symlinking: /home/aiseon/navigation2_all/leg4_MPPI/install/keyboard_controller/share/keyboard_controller/cmake/keyboard_controllerConfig-version.cmake
[8.758s] -- Symlinking: /home/aiseon/navigation2_all/leg4_MPPI/install/keyboard_controller/share/keyboard_controller/package.xml
[8.770s] Invoked command in '/home/aiseon/navigation2_all/leg4_MPPI/build/keyboard_controller' returned '0': AMENT_PREFIX_PATH=/home/aiseon/navigation2_all/leg4_MPPI/install/ros_utils:${AMENT_PREFIX_PATH} CMAKE_PREFIX_PATH=/home/aiseon/navigation2_all/leg4_MPPI/install/ros_utils:/opt/ros/humble /usr/bin/cmake --install /home/aiseon/navigation2_all/leg4_MPPI/build/keyboard_controller
