[0.034s] Invoking command in '/home/aiseon/navigation2_all/leg4_MPPI/build/titatit_description': CMAKE_PREFIX_PATH=${CMAKE_PREFIX_PATH}:/opt/ros/humble /usr/bin/cmake --build /home/aiseon/navigation2_all/leg4_MPPI/build/titatit_description -- -j192 -l192
[0.124s] [0mCurrently in ROS2 compilation environment[0m
[0.124s] -- Found ament_cmake: 1.3.13 (/opt/ros/humble/share/ament_cmake/cmake)
[0.495s] -- Override CMake install command with custom implementation using symlinks instead of copying resources
[0.723s] -- Configuring done
[0.735s] -- Generating done
[0.736s] -- Build files have been written to: /home/aiseon/navigation2_all/leg4_MPPI/build/titatit_description
[0.827s] Invoked command in '/home/aiseon/navigation2_all/leg4_MPPI/build/titatit_description' returned '0': CMAKE_PREFIX_PATH=${CMAKE_PREFIX_PATH}:/opt/ros/humble /usr/bin/cmake --build /home/aiseon/navigation2_all/leg4_MPPI/build/titatit_description -- -j192 -l192
[0.860s] Invoking command in '/home/aiseon/navigation2_all/leg4_MPPI/build/titatit_description': CMAKE_PREFIX_PATH=${CMAKE_PREFIX_PATH}:/opt/ros/humble /usr/bin/cmake --install /home/aiseon/navigation2_all/leg4_MPPI/build/titatit_description
[0.893s] -- Install configuration: "Release"
[0.893s] -- Execute custom install script
[0.894s] -- Up-to-date symlink: /home/aiseon/navigation2_all/leg4_MPPI/install/titatit_description/share/titatit_description/xacro/materials.xacro
[0.894s] -- Up-to-date symlink: /home/aiseon/navigation2_all/leg4_MPPI/install/titatit_description/share/titatit_description/xacro/robot.xacro
[0.894s] -- Up-to-date symlink: /home/aiseon/navigation2_all/leg4_MPPI/install/titatit_description/share/titatit_description/xacro/ros2control.xacro
[0.894s] -- Up-to-date symlink: /home/aiseon/navigation2_all/leg4_MPPI/install/titatit_description/share/titatit_description/xacro/single_robot.xacro
[0.894s] -- Up-to-date symlink: /home/aiseon/navigation2_all/leg4_MPPI/install/titatit_description/share/titatit_description/xacro/tower.xacro
[0.895s] -- Symlinking: /home/aiseon/navigation2_all/leg4_MPPI/install/titatit_description/share/titatit_description/ladar_meshes/base_link.STL
[0.925s] -- Symlinking: /home/aiseon/navigation2_all/leg4_MPPI/install/titatit_description/share/titatit_description/ladar_meshes/radar_link.STL
[0.953s] -- Up-to-date symlink: /home/aiseon/navigation2_all/leg4_MPPI/install/titatit_description/share/ament_index/resource_index/package_run_dependencies/titatit_description
[0.953s] -- Up-to-date symlink: /home/aiseon/navigation2_all/leg4_MPPI/install/titatit_description/share/ament_index/resource_index/parent_prefix_path/titatit_description
[0.953s] -- Up-to-date symlink: /home/aiseon/navigation2_all/leg4_MPPI/install/titatit_description/share/titatit_description/environment/ament_prefix_path.sh
[0.953s] -- Up-to-date symlink: /home/aiseon/navigation2_all/leg4_MPPI/install/titatit_description/share/titatit_description/environment/ament_prefix_path.dsv
[0.954s] -- Up-to-date symlink: /home/aiseon/navigation2_all/leg4_MPPI/install/titatit_description/share/titatit_description/environment/path.sh
[0.954s] -- Up-to-date symlink: /home/aiseon/navigation2_all/leg4_MPPI/install/titatit_description/share/titatit_description/environment/path.dsv
[0.954s] -- Up-to-date symlink: /home/aiseon/navigation2_all/leg4_MPPI/install/titatit_description/share/titatit_description/local_setup.bash
[0.958s] -- Up-to-date symlink: /home/aiseon/navigation2_all/leg4_MPPI/install/titatit_description/share/titatit_description/local_setup.sh
[0.958s] -- Up-to-date symlink: /home/aiseon/navigation2_all/leg4_MPPI/install/titatit_description/share/titatit_description/local_setup.zsh
[0.958s] -- Up-to-date symlink: /home/aiseon/navigation2_all/leg4_MPPI/install/titatit_description/share/titatit_description/local_setup.dsv
[0.958s] -- Symlinking: /home/aiseon/navigation2_all/leg4_MPPI/install/titatit_description/share/titatit_description/package.dsv
[0.983s] -- Up-to-date symlink: /home/aiseon/navigation2_all/leg4_MPPI/install/titatit_description/share/ament_index/resource_index/packages/titatit_description
[0.983s] -- Up-to-date symlink: /home/aiseon/navigation2_all/leg4_MPPI/install/titatit_description/share/titatit_description/cmake/titatit_descriptionConfig.cmake
[0.984s] -- Up-to-date symlink: /home/aiseon/navigation2_all/leg4_MPPI/install/titatit_description/share/titatit_description/cmake/titatit_descriptionConfig-version.cmake
[0.984s] -- Up-to-date symlink: /home/aiseon/navigation2_all/leg4_MPPI/install/titatit_description/share/titatit_description/package.xml
[0.990s] Invoked command in '/home/aiseon/navigation2_all/leg4_MPPI/build/titatit_description' returned '0': CMAKE_PREFIX_PATH=${CMAKE_PREFIX_PATH}:/opt/ros/humble /usr/bin/cmake --install /home/aiseon/navigation2_all/leg4_MPPI/build/titatit_description
