[0.051s] Invoking command in '/home/aiseon/navigation2_all/leg4_MPPI/build/titatit_description': CMAKE_PREFIX_PATH=${CMAKE_PREFIX_PATH}:/opt/ros/humble /usr/bin/cmake --build /home/aiseon/navigation2_all/leg4_MPPI/build/titatit_description -- -j192 -l192
[0.135s] [0mCurrently in ROS2 compilation environment[0m
[0.139s] -- Found ament_cmake: 1.3.13 (/opt/ros/humble/share/ament_cmake/cmake)
[0.504s] -- Override CMake install command with custom implementation using symlinks instead of copying resources
[0.736s] -- Configuring done
[0.747s] -- Generating done
[0.751s] -- Build files have been written to: /home/aiseon/navigation2_all/leg4_MPPI/build/titatit_description
[0.830s] Invoked command in '/home/aiseon/navigation2_all/leg4_MPPI/build/titatit_description' returned '0': CMAKE_PREFIX_PATH=${CMAKE_PREFIX_PATH}:/opt/ros/humble /usr/bin/cmake --build /home/aiseon/navigation2_all/leg4_MPPI/build/titatit_description -- -j192 -l192
[0.871s] Invoking command in '/home/aiseon/navigation2_all/leg4_MPPI/build/titatit_description': CMAKE_PREFIX_PATH=${CMAKE_PREFIX_PATH}:/opt/ros/humble /usr/bin/cmake --install /home/aiseon/navigation2_all/leg4_MPPI/build/titatit_description
[0.897s] -- Install configuration: "Release"
[0.898s] -- Execute custom install script
[0.899s] -- Symlinking: /home/aiseon/navigation2_all/leg4_MPPI/install/titatit_description/share/titatit_description/xacro/base_link.STL
[0.932s] -- Up-to-date symlink: /home/aiseon/navigation2_all/leg4_MPPI/install/titatit_description/share/titatit_description/xacro/materials.xacro
[0.932s] -- Symlinking: /home/aiseon/navigation2_all/leg4_MPPI/install/titatit_description/share/titatit_description/xacro/radar_link.STL
[0.964s] -- Up-to-date symlink: /home/aiseon/navigation2_all/leg4_MPPI/install/titatit_description/share/titatit_description/xacro/robot.xacro
[0.964s] -- Up-to-date symlink: /home/aiseon/navigation2_all/leg4_MPPI/install/titatit_description/share/titatit_description/xacro/ros2control.xacro
[0.964s] -- Up-to-date symlink: /home/aiseon/navigation2_all/leg4_MPPI/install/titatit_description/share/titatit_description/xacro/single_robot.xacro
[0.964s] -- Up-to-date symlink: /home/aiseon/navigation2_all/leg4_MPPI/install/titatit_description/share/titatit_description/xacro/tower.xacro
[0.966s] -- Up-to-date symlink: /home/aiseon/navigation2_all/leg4_MPPI/install/titatit_description/share/ament_index/resource_index/package_run_dependencies/titatit_description
[0.966s] -- Up-to-date symlink: /home/aiseon/navigation2_all/leg4_MPPI/install/titatit_description/share/ament_index/resource_index/parent_prefix_path/titatit_description
[0.967s] -- Up-to-date symlink: /home/aiseon/navigation2_all/leg4_MPPI/install/titatit_description/share/titatit_description/environment/ament_prefix_path.sh
[0.967s] -- Up-to-date symlink: /home/aiseon/navigation2_all/leg4_MPPI/install/titatit_description/share/titatit_description/environment/ament_prefix_path.dsv
[0.967s] -- Up-to-date symlink: /home/aiseon/navigation2_all/leg4_MPPI/install/titatit_description/share/titatit_description/environment/path.sh
[0.967s] -- Up-to-date symlink: /home/aiseon/navigation2_all/leg4_MPPI/install/titatit_description/share/titatit_description/environment/path.dsv
[0.971s] -- Up-to-date symlink: /home/aiseon/navigation2_all/leg4_MPPI/install/titatit_description/share/titatit_description/local_setup.bash
[0.972s] -- Up-to-date symlink: /home/aiseon/navigation2_all/leg4_MPPI/install/titatit_description/share/titatit_description/local_setup.sh
[0.973s] -- Up-to-date symlink: /home/aiseon/navigation2_all/leg4_MPPI/install/titatit_description/share/titatit_description/local_setup.zsh
[0.973s] -- Up-to-date symlink: /home/aiseon/navigation2_all/leg4_MPPI/install/titatit_description/share/titatit_description/local_setup.dsv
[0.973s] -- Symlinking: /home/aiseon/navigation2_all/leg4_MPPI/install/titatit_description/share/titatit_description/package.dsv
[1.006s] -- Up-to-date symlink: /home/aiseon/navigation2_all/leg4_MPPI/install/titatit_description/share/ament_index/resource_index/packages/titatit_description
[1.006s] -- Up-to-date symlink: /home/aiseon/navigation2_all/leg4_MPPI/install/titatit_description/share/titatit_description/cmake/titatit_descriptionConfig.cmake
[1.006s] -- Up-to-date symlink: /home/aiseon/navigation2_all/leg4_MPPI/install/titatit_description/share/titatit_description/cmake/titatit_descriptionConfig-version.cmake
[1.006s] -- Up-to-date symlink: /home/aiseon/navigation2_all/leg4_MPPI/install/titatit_description/share/titatit_description/package.xml
[1.017s] Invoked command in '/home/aiseon/navigation2_all/leg4_MPPI/build/titatit_description' returned '0': CMAKE_PREFIX_PATH=${CMAKE_PREFIX_PATH}:/opt/ros/humble /usr/bin/cmake --install /home/aiseon/navigation2_all/leg4_MPPI/build/titatit_description
