[0.019s] Invoking command in '/home/aiseon/navigation2_all/leg4_MPPI/build/tita_description': CMAKE_PREFIX_PATH=/opt/ros/humble /usr/bin/cmake /home/aiseon/navigation2_all/leg4_MPPI/src/ddt_ros2_control/urdfs/tita_description -DCMAKE_BUILD_TYPE=Release -DAMENT_CMAKE_SYMLINK_INSTALL=1 -DCMAKE_INSTALL_PREFIX=/home/aiseon/navigation2_all/leg4_MPPI/install/tita_description
[0.116s] -- The C compiler identification is GNU 11.4.0
[0.202s] -- The CXX compiler identification is GNU 11.4.0
[0.214s] -- Detecting C compiler ABI info
[0.340s] -- Detecting C compiler ABI info - done
[0.347s] -- Check for working C compiler: /usr/bin/cc - skipped
[0.347s] -- Detecting C compile features
[0.348s] -- Detecting C compile features - done
[0.351s] -- Detecting CXX compiler ABI info
[0.493s] -- Detecting CXX compiler ABI info - done
[0.500s] -- Check for working CXX compiler: /usr/bin/c++ - skipped
[0.500s] -- Detecting CXX compile features
[0.501s] -- Detecting CXX compile features - done
[0.502s] [0mCurrently in ROS2 compilation environment[0m
[0.504s] -- Found ament_cmake: 1.3.13 (/opt/ros/humble/share/ament_cmake/cmake)
[0.691s] -- Found Python3: /usr/bin/python3 (found version "3.10.12") found components: Interpreter 
[0.765s] -- Override CMake install command with custom implementation using symlinks instead of copying resources
[0.878s] -- Configuring done
[0.880s] -- Generating done
[0.882s] -- Build files have been written to: /home/aiseon/navigation2_all/leg4_MPPI/build/tita_description
[0.890s] Invoked command in '/home/aiseon/navigation2_all/leg4_MPPI/build/tita_description' returned '0': CMAKE_PREFIX_PATH=/opt/ros/humble /usr/bin/cmake /home/aiseon/navigation2_all/leg4_MPPI/src/ddt_ros2_control/urdfs/tita_description -DCMAKE_BUILD_TYPE=Release -DAMENT_CMAKE_SYMLINK_INSTALL=1 -DCMAKE_INSTALL_PREFIX=/home/aiseon/navigation2_all/leg4_MPPI/install/tita_description
[0.893s] Invoking command in '/home/aiseon/navigation2_all/leg4_MPPI/build/tita_description': CMAKE_PREFIX_PATH=/opt/ros/humble /usr/bin/cmake --build /home/aiseon/navigation2_all/leg4_MPPI/build/tita_description -- -j192 -l192
[0.962s] Invoked command in '/home/aiseon/navigation2_all/leg4_MPPI/build/tita_description' returned '0': CMAKE_PREFIX_PATH=/opt/ros/humble /usr/bin/cmake --build /home/aiseon/navigation2_all/leg4_MPPI/build/tita_description -- -j192 -l192
[0.977s] Invoking command in '/home/aiseon/navigation2_all/leg4_MPPI/build/tita_description': CMAKE_PREFIX_PATH=/opt/ros/humble /usr/bin/cmake --install /home/aiseon/navigation2_all/leg4_MPPI/build/tita_description
[0.988s] -- Install configuration: "Release"
[0.989s] -- Execute custom install script
[0.990s] -- Symlinking: /home/aiseon/navigation2_all/leg4_MPPI/install/tita_description/share/tita_description/meshes/base_link.STL
[1.002s] -- Symlinking: /home/aiseon/navigation2_all/leg4_MPPI/install/tita_description/share/tita_description/meshes/left_leg_1.STL
[1.014s] -- Symlinking: /home/aiseon/navigation2_all/leg4_MPPI/install/tita_description/share/tita_description/meshes/left_leg_2.STL
[1.028s] -- Symlinking: /home/aiseon/navigation2_all/leg4_MPPI/install/tita_description/share/tita_description/meshes/left_leg_3.STL
[1.042s] -- Symlinking: /home/aiseon/navigation2_all/leg4_MPPI/install/tita_description/share/tita_description/meshes/left_leg_4.STL
[1.057s] -- Symlinking: /home/aiseon/navigation2_all/leg4_MPPI/install/tita_description/share/tita_description/meshes/right_leg_1.STL
[1.070s] -- Symlinking: /home/aiseon/navigation2_all/leg4_MPPI/install/tita_description/share/tita_description/meshes/right_leg_2.STL
[1.082s] -- Symlinking: /home/aiseon/navigation2_all/leg4_MPPI/install/tita_description/share/tita_description/meshes/right_leg_3.STL
[1.094s] -- Symlinking: /home/aiseon/navigation2_all/leg4_MPPI/install/tita_description/share/tita_description/meshes/right_leg_4.STL
[1.107s] -- Symlinking: /home/aiseon/navigation2_all/leg4_MPPI/install/tita_description/share/tita_description/mujoco/robot.xml
[1.120s] -- Symlinking: /home/aiseon/navigation2_all/leg4_MPPI/install/tita_description/share/tita_description/mujoco/scene.xml
[1.135s] -- Symlinking: /home/aiseon/navigation2_all/leg4_MPPI/install/tita_description/share/tita_description/urdf/robot.urdf
[1.148s] -- Symlinking: /home/aiseon/navigation2_all/leg4_MPPI/install/tita_description/share/tita_description/xacro/materials.xacro
[1.162s] -- Symlinking: /home/aiseon/navigation2_all/leg4_MPPI/install/tita_description/share/tita_description/xacro/robot.xacro
[1.178s] -- Symlinking: /home/aiseon/navigation2_all/leg4_MPPI/install/tita_description/share/tita_description/xacro/ros2control.xacro
[1.192s] -- Symlinking: /home/aiseon/navigation2_all/leg4_MPPI/install/tita_description/share/ament_index/resource_index/package_run_dependencies/tita_description
[1.207s] -- Symlinking: /home/aiseon/navigation2_all/leg4_MPPI/install/tita_description/share/ament_index/resource_index/parent_prefix_path/tita_description
[1.219s] -- Symlinking: /home/aiseon/navigation2_all/leg4_MPPI/install/tita_description/share/tita_description/environment/ament_prefix_path.sh
[1.235s] -- Symlinking: /home/aiseon/navigation2_all/leg4_MPPI/install/tita_description/share/tita_description/environment/ament_prefix_path.dsv
[1.251s] -- Symlinking: /home/aiseon/navigation2_all/leg4_MPPI/install/tita_description/share/tita_description/environment/path.sh
[1.264s] -- Symlinking: /home/aiseon/navigation2_all/leg4_MPPI/install/tita_description/share/tita_description/environment/path.dsv
[1.279s] -- Symlinking: /home/aiseon/navigation2_all/leg4_MPPI/install/tita_description/share/tita_description/local_setup.bash
[1.295s] -- Symlinking: /home/aiseon/navigation2_all/leg4_MPPI/install/tita_description/share/tita_description/local_setup.sh
[1.310s] -- Symlinking: /home/aiseon/navigation2_all/leg4_MPPI/install/tita_description/share/tita_description/local_setup.zsh
[1.326s] -- Symlinking: /home/aiseon/navigation2_all/leg4_MPPI/install/tita_description/share/tita_description/local_setup.dsv
[1.339s] -- Symlinking: /home/aiseon/navigation2_all/leg4_MPPI/install/tita_description/share/tita_description/package.dsv
[1.354s] -- Symlinking: /home/aiseon/navigation2_all/leg4_MPPI/install/tita_description/share/ament_index/resource_index/packages/tita_description
[1.366s] -- Symlinking: /home/aiseon/navigation2_all/leg4_MPPI/install/tita_description/share/tita_description/cmake/tita_descriptionConfig.cmake
[1.380s] -- Symlinking: /home/aiseon/navigation2_all/leg4_MPPI/install/tita_description/share/tita_description/cmake/tita_descriptionConfig-version.cmake
[1.394s] -- Symlinking: /home/aiseon/navigation2_all/leg4_MPPI/install/tita_description/share/tita_description/package.xml
[1.414s] Invoked command in '/home/aiseon/navigation2_all/leg4_MPPI/build/tita_description' returned '0': CMAKE_PREFIX_PATH=/opt/ros/humble /usr/bin/cmake --install /home/aiseon/navigation2_all/leg4_MPPI/build/tita_description
