[0.019s] Invoking command in '/home/aiseon/navigation2_all/leg4_MPPI/build/gazebo_bridge': AMENT_PREFIX_PATH=/home/aiseon/navigation2_all/leg4_MPPI/install/tita_description:${AMENT_PREFIX_PATH} CMAKE_PREFIX_PATH=/home/aiseon/navigation2_all/leg4_MPPI/install/tita_description:/opt/ros/humble /usr/bin/cmake /home/aiseon/navigation2_all/leg4_MPPI/src/ddt_ros2_control/simulation/gazebo_bridge -DCMAKE_BUILD_TYPE=Release -DAMENT_CMAKE_SYMLINK_INSTALL=1 -DCMAKE_INSTALL_PREFIX=/home/aiseon/navigation2_all/leg4_MPPI/install/gazebo_bridge
[0.112s] -- The C compiler identification is GNU 11.4.0
[0.198s] -- The CXX compiler identification is GNU 11.4.0
[0.208s] -- Detecting C compiler ABI info
[0.336s] -- Detecting C compiler ABI info - done
[0.343s] -- Check for working C compiler: /usr/bin/cc - skipped
[0.343s] -- Detecting C compile features
[0.344s] -- Detecting C compile features - done
[0.347s] -- Detecting CXX compiler ABI info
[0.485s] -- Detecting CXX compiler ABI info - done
[0.493s] -- Check for working CXX compiler: /usr/bin/c++ - skipped
[0.493s] -- Detecting CXX compile features
[0.493s] -- Detecting CXX compile features - done
[0.495s] -- Found ament_cmake_auto: 1.3.13 (/opt/ros/humble/share/ament_cmake_auto/cmake)
[0.689s] -- Found Python3: /usr/bin/python3 (found version "3.10.12") found components: Interpreter 
[0.763s] -- Override CMake install command with custom implementation using symlinks instead of copying resources
[0.886s] -- Found PkgConfig: /usr/bin/pkg-config (found version "0.29.2") 
[0.892s] -- Checking for module 'bullet>=2.82'
[0.925s] --   Found bullet, version 3.05
[1.175s] -- Found fcl: /usr/include (found suitable version "0.7.0", minimum required is "0.5.0") 
[1.309s] -- Found assimp: /usr/include (found version "5.2.0") 
[1.328s] -- Found DART: /usr/include (Required is at least version "6.6") found components: dart 
[1.615s] -- Found Boost: /usr/lib/x86_64-linux-gnu/cmake/Boost-1.74.0/BoostConfig.cmake (found suitable version "1.74.0", minimum required is "1.40.0") found components: thread system filesystem program_options regex iostreams date_time 
[1.645s] -- Found Protobuf: /usr/lib/x86_64-linux-gnu/libprotobuf.so (found version "3.12.4") 
[1.652s] -- Looking for ignition-math6 -- found version 6.15.1
[1.660s] -- Searching for dependencies of ignition-math6
[1.661s] -- Looking for OGRE...
[1.662s] -- OGRE_PREFIX_WATCH changed.
[1.674s] -- Checking for module 'OGRE'
[1.705s] --   Found OGRE, version 1.9.0
[1.799s] -- Found Ogre Ghadamon (1.9.0)
[1.812s] -- Found OGRE: optimized;/usr/lib/x86_64-linux-gnu/libOgreMain.so;debug;/usr/lib/x86_64-linux-gnu/libOgreMain.so
[1.823s] -- Looking for OGRE_Paging...
[1.830s] -- Found OGRE_Paging: optimized;/usr/lib/x86_64-linux-gnu/libOgrePaging.so;debug;/usr/lib/x86_64-linux-gnu/libOgrePaging.so
[1.830s] -- Looking for OGRE_Terrain...
[1.836s] -- Found OGRE_Terrain: optimized;/usr/lib/x86_64-linux-gnu/libOgreTerrain.so;debug;/usr/lib/x86_64-linux-gnu/libOgreTerrain.so
[1.836s] -- Looking for OGRE_Property...
[1.843s] -- Found OGRE_Property: optimized;/usr/lib/x86_64-linux-gnu/libOgreProperty.so;debug;/usr/lib/x86_64-linux-gnu/libOgreProperty.so
[1.843s] -- Looking for OGRE_RTShaderSystem...
[1.849s] -- Found OGRE_RTShaderSystem: optimized;/usr/lib/x86_64-linux-gnu/libOgreRTShaderSystem.so;debug;/usr/lib/x86_64-linux-gnu/libOgreRTShaderSystem.so
[1.849s] -- Looking for OGRE_Volume...
[1.857s] -- Found OGRE_Volume: optimized;/usr/lib/x86_64-linux-gnu/libOgreVolume.so;debug;/usr/lib/x86_64-linux-gnu/libOgreVolume.so
[1.857s] -- Looking for OGRE_Overlay...
[1.870s] -- Found OGRE_Overlay: optimized;/usr/lib/x86_64-linux-gnu/libOgreOverlay.so;debug;/usr/lib/x86_64-linux-gnu/libOgreOverlay.so
[2.019s] -- Looking for ignition-math6 -- found version 6.15.1
[2.022s] -- Looking for ignition-transport8 -- found version 8.2.1
[2.023s] -- Searching for dependencies of ignition-transport8
[2.044s] -- Found Protobuf: /usr/lib/x86_64-linux-gnu/libprotobuf.so (found suitable version "3.12.4", minimum required is "3") 
[2.054s] -- Config-file not installed for ZeroMQ -- checking for pkg-config
[2.062s] -- Checking for module 'libzmq >= 4'
[2.098s] --   Found libzmq , version 4.3.4
[2.194s] -- Found ZeroMQ: TRUE (Required is at least version "4") 
[2.210s] -- Checking for module 'uuid'
[2.238s] --   Found uuid, version 2.37.2
[2.335s] -- Found UUID: TRUE  
[2.338s] -- Looking for ignition-msgs5 -- found version 5.8.1
[2.339s] -- Searching for dependencies of ignition-msgs5
[2.363s] -- Looking for ignition-math6 -- found version 6.15.1
[2.373s] -- Checking for module 'tinyxml2'
[2.406s] --   Found tinyxml2, version 9.0.0
[2.503s] -- Looking for ignition-msgs5 -- found version 5.8.1
[2.506s] -- Looking for ignition-common3 -- found version 3.14.0
[2.507s] -- Searching for dependencies of ignition-common3
[2.507s] -- Looking for dlfcn.h - found
[2.509s] -- Looking for libdl - found
[2.510s] -- Found DL: TRUE  
[2.529s] -- Found tinyobjloader: /usr/lib/x86_64-linux-gnu/cmake/tinyobjloader/tinyobjloader-config.cmake (found version "2.0.0") 
[2.530s] -- Searching for <ignition-common3> component [graphics]
[2.533s] -- Looking for ignition-common3-graphics -- found version 3.14.0
[2.533s] -- Searching for dependencies of ignition-common3-graphics
[2.534s] -- Looking for ignition-math6 -- found version 6.15.1
[2.537s] -- Looking for ignition-fuel_tools4 -- found version 4.4.0
[2.537s] -- Searching for dependencies of ignition-fuel_tools4
[2.722s] -- Found CURL: /usr/lib/x86_64-linux-gnu/libcurl.so (found version "7.81.0")  
[2.746s] -- Checking for module 'jsoncpp'
[2.778s] --   Found jsoncpp, version 1.9.5
[2.873s] -- Found JSONCPP: TRUE  
[2.884s] -- Checking for module 'libzip'
[2.915s] --   Found libzip, version 1.7.3
[2.999s] -- Found ZIP: TRUE  
[2.999s] -- Looking for ignition-common3 -- found version 3.14.0
[3.000s] -- Looking for ignition-math6 -- found version 6.15.1
[3.000s] -- Looking for ignition-msgs5 -- found version 5.8.1
[3.012s] -- Gazebo version: 11.14
[3.012s] -- Checking for module 'tbb'
[3.054s] --   Found tbb, version 2021.5.0
[3.178s] -- Found rosidl_generator_c: 3.1.8 (/opt/ros/humble/share/rosidl_generator_c/cmake)
[3.183s] -- Found rosidl_adapter: 3.1.8 (/opt/ros/humble/share/rosidl_adapter/cmake)
[3.192s] -- Found rosidl_generator_cpp: 3.1.8 (/opt/ros/humble/share/rosidl_generator_cpp/cmake)
[3.204s] -- Using all available rosidl_typesupport_c: rosidl_typesupport_fastrtps_c;rosidl_typesupport_introspection_c
[3.220s] -- Using all available rosidl_typesupport_cpp: rosidl_typesupport_fastrtps_cpp;rosidl_typesupport_introspection_cpp
[3.418s] -- Found rmw_implementation_cmake: 6.1.2 (/opt/ros/humble/share/rmw_implementation_cmake/cmake)
[3.421s] -- Found rmw_fastrtps_cpp: 6.2.10 (/opt/ros/humble/share/rmw_fastrtps_cpp/cmake)
[3.446s] -- Found TinyXML2 via Config file: TinyXML2_DIR-NOTFOUND
[3.586s] -- Found OpenSSL: /usr/lib/x86_64-linux-gnu/libcrypto.so (found version "3.0.2")  
[3.589s] -- Found TinyXML2 via Config file: TinyXML2_DIR-NOTFOUND
[3.613s] -- Found FastRTPS: /opt/ros/humble/include  
[3.617s] -- Found TinyXML2 via Config file: TinyXML2_DIR-NOTFOUND
[3.634s] -- Found TinyXML2 via Config file: TinyXML2_DIR-NOTFOUND
[3.655s] -- Using RMW implementation 'rmw_fastrtps_cpp' as default
[3.665s] -- Found Threads: TRUE  
[3.781s] -- Found ament_lint_auto: 0.12.15 (/opt/ros/humble/share/ament_lint_auto/cmake)
[3.792s] [0mIn this package, headers install destination is set to `include` by ament_auto_package. It is recommended to install `include/gazebo_bridge` instead and will be the default behavior of ament_auto_package from ROS 2 Kilted Kaiju. On distributions before Kilted, ament_auto_package behaves the same way when you use USE_SCOPED_HEADER_INSTALL_DIR option.[0m
[3.797s] -- Added test 'clang_format' to check C / C++ code style
[3.798s] -- Added test 'copyright' to check source files copyright and LICENSE
[3.799s] -- Added test 'cppcheck' to perform static code analysis on C / C++ code
[3.799s] -- Configured cppcheck include dirs: /home/aiseon/navigation2_all/leg4_MPPI/src/ddt_ros2_control/simulation/gazebo_bridge/include
[3.799s] -- Configured cppcheck exclude dirs and/or files: 
[3.800s] -- Added test 'cpplint' to check C / C++ code against the Google style
[3.800s] -- Configured cpplint exclude dirs and/or files: 
[3.801s] -- Added test 'lint_cmake' to check CMake code style
[3.801s] -- Added test 'xmllint' to check XML markup files
[3.803s] -- Configuring done
[3.831s] -- Generating done
[3.837s] -- Build files have been written to: /home/aiseon/navigation2_all/leg4_MPPI/build/gazebo_bridge
[3.864s] Invoked command in '/home/aiseon/navigation2_all/leg4_MPPI/build/gazebo_bridge' returned '0': AMENT_PREFIX_PATH=/home/aiseon/navigation2_all/leg4_MPPI/install/tita_description:${AMENT_PREFIX_PATH} CMAKE_PREFIX_PATH=/home/aiseon/navigation2_all/leg4_MPPI/install/tita_description:/opt/ros/humble /usr/bin/cmake /home/aiseon/navigation2_all/leg4_MPPI/src/ddt_ros2_control/simulation/gazebo_bridge -DCMAKE_BUILD_TYPE=Release -DAMENT_CMAKE_SYMLINK_INSTALL=1 -DCMAKE_INSTALL_PREFIX=/home/aiseon/navigation2_all/leg4_MPPI/install/gazebo_bridge
[3.868s] Invoking command in '/home/aiseon/navigation2_all/leg4_MPPI/build/gazebo_bridge': AMENT_PREFIX_PATH=/home/aiseon/navigation2_all/leg4_MPPI/install/tita_description:${AMENT_PREFIX_PATH} CMAKE_PREFIX_PATH=/home/aiseon/navigation2_all/leg4_MPPI/install/tita_description:/opt/ros/humble /usr/bin/cmake --build /home/aiseon/navigation2_all/leg4_MPPI/build/gazebo_bridge -- -j192 -l192
[3.982s] [ 50%] [32mBuilding CXX object CMakeFiles/gazebo_bridge.dir/src/gazebo_bridge.cpp.o[0m
[16.257s] [100%] [32m[1mLinking CXX shared library libgazebo_bridge.so[0m
[16.557s] [100%] Built target gazebo_bridge
[16.576s] Invoked command in '/home/aiseon/navigation2_all/leg4_MPPI/build/gazebo_bridge' returned '0': AMENT_PREFIX_PATH=/home/aiseon/navigation2_all/leg4_MPPI/install/tita_description:${AMENT_PREFIX_PATH} CMAKE_PREFIX_PATH=/home/aiseon/navigation2_all/leg4_MPPI/install/tita_description:/opt/ros/humble /usr/bin/cmake --build /home/aiseon/navigation2_all/leg4_MPPI/build/gazebo_bridge -- -j192 -l192
[16.580s] Invoking command in '/home/aiseon/navigation2_all/leg4_MPPI/build/gazebo_bridge': AMENT_PREFIX_PATH=/home/aiseon/navigation2_all/leg4_MPPI/install/tita_description:${AMENT_PREFIX_PATH} CMAKE_PREFIX_PATH=/home/aiseon/navigation2_all/leg4_MPPI/install/tita_description:/opt/ros/humble /usr/bin/cmake --install /home/aiseon/navigation2_all/leg4_MPPI/build/gazebo_bridge
[16.589s] -- Install configuration: "Release"
[16.590s] -- Execute custom install script
[16.590s] -- Symlinking: /home/aiseon/navigation2_all/leg4_MPPI/install/gazebo_bridge/share/gazebo_bridge//gazebo_bridge_plugin.xml
[16.601s] -- Symlinking: /home/aiseon/navigation2_all/leg4_MPPI/install/gazebo_bridge/share/gazebo_bridge/config/controllers.yaml
[16.610s] -- Symlinking: /home/aiseon/navigation2_all/leg4_MPPI/install/gazebo_bridge/share/gazebo_bridge/launch/gazebo_bridge.launch.py
[16.619s] -- Symlinking: /home/aiseon/navigation2_all/leg4_MPPI/install/gazebo_bridge/share/gazebo_bridge/worlds/empty_world.world
[16.631s] -- Symlinking: /home/aiseon/navigation2_all/leg4_MPPI/install/gazebo_bridge/include/gazebo_bridge/gazebo_bridge.h
[16.642s] -- Symlinking: /home/aiseon/navigation2_all/leg4_MPPI/install/gazebo_bridge/share/gazebo_bridge/environment/library_path.sh
[16.655s] -- Symlinking: /home/aiseon/navigation2_all/leg4_MPPI/install/gazebo_bridge/share/gazebo_bridge/environment/library_path.dsv
[16.667s] -- Symlinking: /home/aiseon/navigation2_all/leg4_MPPI/install/gazebo_bridge/lib/libgazebo_bridge.so
[16.680s] -- Symlinking: /home/aiseon/navigation2_all/leg4_MPPI/install/gazebo_bridge/share/ament_index/resource_index/package_run_dependencies/gazebo_bridge
[16.688s] -- Symlinking: /home/aiseon/navigation2_all/leg4_MPPI/install/gazebo_bridge/share/ament_index/resource_index/parent_prefix_path/gazebo_bridge
[16.699s] -- Symlinking: /home/aiseon/navigation2_all/leg4_MPPI/install/gazebo_bridge/share/gazebo_bridge/environment/ament_prefix_path.sh
[16.706s] -- Symlinking: /home/aiseon/navigation2_all/leg4_MPPI/install/gazebo_bridge/share/gazebo_bridge/environment/ament_prefix_path.dsv
[16.717s] -- Symlinking: /home/aiseon/navigation2_all/leg4_MPPI/install/gazebo_bridge/share/gazebo_bridge/environment/path.sh
[16.725s] -- Symlinking: /home/aiseon/navigation2_all/leg4_MPPI/install/gazebo_bridge/share/gazebo_bridge/environment/path.dsv
[16.735s] -- Symlinking: /home/aiseon/navigation2_all/leg4_MPPI/install/gazebo_bridge/share/gazebo_bridge/local_setup.bash
[16.747s] -- Symlinking: /home/aiseon/navigation2_all/leg4_MPPI/install/gazebo_bridge/share/gazebo_bridge/local_setup.sh
[16.758s] -- Symlinking: /home/aiseon/navigation2_all/leg4_MPPI/install/gazebo_bridge/share/gazebo_bridge/local_setup.zsh
[16.768s] -- Symlinking: /home/aiseon/navigation2_all/leg4_MPPI/install/gazebo_bridge/share/gazebo_bridge/local_setup.dsv
[16.776s] -- Symlinking: /home/aiseon/navigation2_all/leg4_MPPI/install/gazebo_bridge/share/gazebo_bridge/package.dsv
[16.783s] -- Symlinking: /home/aiseon/navigation2_all/leg4_MPPI/install/gazebo_bridge/share/ament_index/resource_index/packages/gazebo_bridge
[16.794s] -- Symlinking: /home/aiseon/navigation2_all/leg4_MPPI/install/gazebo_bridge/share/ament_index/resource_index/gazebo_ros2_control__pluginlib__plugin/gazebo_bridge
[16.803s] -- Symlinking: /home/aiseon/navigation2_all/leg4_MPPI/install/gazebo_bridge/share/gazebo_bridge/cmake/ament_cmake_export_dependencies-extras.cmake
[16.814s] -- Symlinking: /home/aiseon/navigation2_all/leg4_MPPI/install/gazebo_bridge/share/gazebo_bridge/cmake/ament_cmake_export_include_directories-extras.cmake
[16.826s] -- Symlinking: /home/aiseon/navigation2_all/leg4_MPPI/install/gazebo_bridge/share/gazebo_bridge/cmake/ament_cmake_export_libraries-extras.cmake
[16.838s] -- Symlinking: /home/aiseon/navigation2_all/leg4_MPPI/install/gazebo_bridge/share/gazebo_bridge/cmake/gazebo_bridgeConfig.cmake
[16.849s] -- Symlinking: /home/aiseon/navigation2_all/leg4_MPPI/install/gazebo_bridge/share/gazebo_bridge/cmake/gazebo_bridgeConfig-version.cmake
[16.857s] -- Symlinking: /home/aiseon/navigation2_all/leg4_MPPI/install/gazebo_bridge/share/gazebo_bridge/package.xml
[16.869s] Invoked command in '/home/aiseon/navigation2_all/leg4_MPPI/build/gazebo_bridge' returned '0': AMENT_PREFIX_PATH=/home/aiseon/navigation2_all/leg4_MPPI/install/tita_description:${AMENT_PREFIX_PATH} CMAKE_PREFIX_PATH=/home/aiseon/navigation2_all/leg4_MPPI/install/tita_description:/opt/ros/humble /usr/bin/cmake --install /home/aiseon/navigation2_all/leg4_MPPI/build/gazebo_bridge
