[0.281s] DEBUG:colcon:Command line arguments: ['/usr/bin/colcon', 'build', '--symlink-install', '--cmake-args', '-DCMAKE_BUILD_TYPE=Release', '--packages-select', 'fishbot_navigation2']
[0.281s] DEBUG:colcon:Parsed command line arguments: Namespace(log_base=None, log_level=None, verb_name='build', build_base='build', install_base='install', merge_install=False, symlink_install=True, test_result_base=None, continue_on_error=False, executor='parallel', parallel_workers=192, event_handlers=None, ignore_user_meta=False, metas=['./colcon.meta'], base_paths=['.'], packages_ignore=None, packages_ignore_regex=None, paths=None, packages_up_to=None, packages_up_to_regex=None, packages_above=None, packages_above_and_dependencies=None, packages_above_depth=None, packages_select_by_dep=None, packages_skip_by_dep=None, packages_skip_up_to=None, packages_select_build_failed=False, packages_skip_build_finished=False, packages_select_test_failures=False, packages_skip_test_passed=False, packages_select=['fishbot_navigation2'], packages_skip=None, packages_select_regex=None, packages_skip_regex=None, packages_start=None, packages_end=None, allow_overriding=[], cmake_args=['-DCMAKE_BUILD_TYPE=Release'], cmake_target=None, cmake_target_skip_unavailable=False, cmake_clean_cache=False, cmake_clean_first=False, cmake_force_configure=False, ament_cmake_args=None, catkin_cmake_args=None, catkin_skip_building_tests=False, verb_parser=<colcon_defaults.argument_parser.defaults.DefaultArgumentsDecorator object at 0x73ce1a13e1a0>, verb_extension=<colcon_core.verb.build.BuildVerb object at 0x73ce1a13dc90>, main=<bound method BuildVerb.main of <colcon_core.verb.build.BuildVerb object at 0x73ce1a13dc90>>)
[0.731s] Level 1:colcon.colcon_core.package_discovery:discover_packages(colcon_meta) check parameters
[0.732s] Level 1:colcon.colcon_core.package_discovery:discover_packages(recursive) check parameters
[0.732s] Level 1:colcon.colcon_core.package_discovery:discover_packages(ignore) check parameters
[0.732s] Level 1:colcon.colcon_core.package_discovery:discover_packages(path) check parameters
[0.735s] Level 1:colcon.colcon_core.package_discovery:discover_packages(colcon_meta) discover
[0.736s] Level 1:colcon.colcon_core.package_discovery:discover_packages(recursive) discover
[0.736s] INFO:colcon.colcon_core.package_discovery:Crawling recursively for packages in '/home/aiseon/navigation2_all/leg4_MPPI'
[0.736s] Level 1:colcon.colcon_core.package_identification:_identify(.) by extensions ['ignore', 'ignore_ament_install']
[0.736s] Level 1:colcon.colcon_core.package_identification:_identify(.) by extension 'ignore'
[0.736s] Level 1:colcon.colcon_core.package_identification:_identify(.) by extension 'ignore_ament_install'
[0.736s] Level 1:colcon.colcon_core.package_identification:_identify(.) by extensions ['colcon_pkg']
[0.736s] Level 1:colcon.colcon_core.package_identification:_identify(.) by extension 'colcon_pkg'
[0.736s] Level 1:colcon.colcon_core.package_identification:_identify(.) by extensions ['colcon_meta']
[0.736s] Level 1:colcon.colcon_core.package_identification:_identify(.) by extension 'colcon_meta'
[0.736s] Level 1:colcon.colcon_core.package_identification:_identify(.) by extensions ['ros']
[0.736s] Level 1:colcon.colcon_core.package_identification:_identify(.) by extension 'ros'
[0.762s] Level 1:colcon.colcon_core.package_identification:_identify(.) by extensions ['cmake', 'python']
[0.762s] Level 1:colcon.colcon_core.package_identification:_identify(.) by extension 'cmake'
[0.762s] Level 1:colcon.colcon_core.package_identification:_identify(.) by extension 'python'
[0.762s] Level 1:colcon.colcon_core.package_identification:_identify(.) by extensions ['python_setup_py']
[0.762s] Level 1:colcon.colcon_core.package_identification:_identify(.) by extension 'python_setup_py'
[0.762s] Level 1:colcon.colcon_core.package_identification:_identify(build) by extensions ['ignore', 'ignore_ament_install']
[0.763s] Level 1:colcon.colcon_core.package_identification:_identify(build) by extension 'ignore'
[0.763s] Level 1:colcon.colcon_core.package_identification:_identify(build) ignored
[0.767s] Level 1:colcon.colcon_core.package_identification:_identify(install) by extensions ['ignore', 'ignore_ament_install']
[0.767s] Level 1:colcon.colcon_core.package_identification:_identify(install) by extension 'ignore'
[0.767s] Level 1:colcon.colcon_core.package_identification:_identify(install) ignored
[0.767s] Level 1:colcon.colcon_core.package_identification:_identify(log) by extensions ['ignore', 'ignore_ament_install']
[0.767s] Level 1:colcon.colcon_core.package_identification:_identify(log) by extension 'ignore'
[0.767s] Level 1:colcon.colcon_core.package_identification:_identify(log) ignored
[0.767s] Level 1:colcon.colcon_core.package_identification:_identify(src) by extensions ['ignore', 'ignore_ament_install']
[0.767s] Level 1:colcon.colcon_core.package_identification:_identify(src) by extension 'ignore'
[0.767s] Level 1:colcon.colcon_core.package_identification:_identify(src) by extension 'ignore_ament_install'
[0.767s] Level 1:colcon.colcon_core.package_identification:_identify(src) by extensions ['colcon_pkg']
[0.767s] Level 1:colcon.colcon_core.package_identification:_identify(src) by extension 'colcon_pkg'
[0.767s] Level 1:colcon.colcon_core.package_identification:_identify(src) by extensions ['colcon_meta']
[0.767s] Level 1:colcon.colcon_core.package_identification:_identify(src) by extension 'colcon_meta'
[0.767s] Level 1:colcon.colcon_core.package_identification:_identify(src) by extensions ['ros']
[0.768s] Level 1:colcon.colcon_core.package_identification:_identify(src) by extension 'ros'
[0.768s] Level 1:colcon.colcon_core.package_identification:_identify(src) by extensions ['cmake', 'python']
[0.768s] Level 1:colcon.colcon_core.package_identification:_identify(src) by extension 'cmake'
[0.768s] Level 1:colcon.colcon_core.package_identification:_identify(src) by extension 'python'
[0.768s] Level 1:colcon.colcon_core.package_identification:_identify(src) by extensions ['python_setup_py']
[0.768s] Level 1:colcon.colcon_core.package_identification:_identify(src) by extension 'python_setup_py'
[0.768s] Level 1:colcon.colcon_core.package_identification:_identify(src/ddt_ros2_control) by extensions ['ignore', 'ignore_ament_install']
[0.768s] Level 1:colcon.colcon_core.package_identification:_identify(src/ddt_ros2_control) by extension 'ignore'
[0.768s] Level 1:colcon.colcon_core.package_identification:_identify(src/ddt_ros2_control) by extension 'ignore_ament_install'
[0.768s] Level 1:colcon.colcon_core.package_identification:_identify(src/ddt_ros2_control) by extensions ['colcon_pkg']
[0.768s] Level 1:colcon.colcon_core.package_identification:_identify(src/ddt_ros2_control) by extension 'colcon_pkg'
[0.768s] Level 1:colcon.colcon_core.package_identification:_identify(src/ddt_ros2_control) by extensions ['colcon_meta']
[0.768s] Level 1:colcon.colcon_core.package_identification:_identify(src/ddt_ros2_control) by extension 'colcon_meta'
[0.768s] Level 1:colcon.colcon_core.package_identification:_identify(src/ddt_ros2_control) by extensions ['ros']
[0.768s] Level 1:colcon.colcon_core.package_identification:_identify(src/ddt_ros2_control) by extension 'ros'
[0.768s] Level 1:colcon.colcon_core.package_identification:_identify(src/ddt_ros2_control) by extensions ['cmake', 'python']
[0.768s] Level 1:colcon.colcon_core.package_identification:_identify(src/ddt_ros2_control) by extension 'cmake'
[0.768s] Level 1:colcon.colcon_core.package_identification:_identify(src/ddt_ros2_control) by extension 'python'
[0.768s] Level 1:colcon.colcon_core.package_identification:_identify(src/ddt_ros2_control) by extensions ['python_setup_py']
[0.768s] Level 1:colcon.colcon_core.package_identification:_identify(src/ddt_ros2_control) by extension 'python_setup_py'
[0.769s] Level 1:colcon.colcon_core.package_identification:_identify(src/ddt_ros2_control/controller) by extensions ['ignore', 'ignore_ament_install']
[0.769s] Level 1:colcon.colcon_core.package_identification:_identify(src/ddt_ros2_control/controller) by extension 'ignore'
[0.769s] Level 1:colcon.colcon_core.package_identification:_identify(src/ddt_ros2_control/controller) by extension 'ignore_ament_install'
[0.769s] Level 1:colcon.colcon_core.package_identification:_identify(src/ddt_ros2_control/controller) by extensions ['colcon_pkg']
[0.769s] Level 1:colcon.colcon_core.package_identification:_identify(src/ddt_ros2_control/controller) by extension 'colcon_pkg'
[0.769s] Level 1:colcon.colcon_core.package_identification:_identify(src/ddt_ros2_control/controller) by extensions ['colcon_meta']
[0.769s] Level 1:colcon.colcon_core.package_identification:_identify(src/ddt_ros2_control/controller) by extension 'colcon_meta'
[0.769s] Level 1:colcon.colcon_core.package_identification:_identify(src/ddt_ros2_control/controller) by extensions ['ros']
[0.769s] Level 1:colcon.colcon_core.package_identification:_identify(src/ddt_ros2_control/controller) by extension 'ros'
[0.769s] Level 1:colcon.colcon_core.package_identification:_identify(src/ddt_ros2_control/controller) by extensions ['cmake', 'python']
[0.769s] Level 1:colcon.colcon_core.package_identification:_identify(src/ddt_ros2_control/controller) by extension 'cmake'
[0.769s] Level 1:colcon.colcon_core.package_identification:_identify(src/ddt_ros2_control/controller) by extension 'python'
[0.769s] Level 1:colcon.colcon_core.package_identification:_identify(src/ddt_ros2_control/controller) by extensions ['python_setup_py']
[0.769s] Level 1:colcon.colcon_core.package_identification:_identify(src/ddt_ros2_control/controller) by extension 'python_setup_py'
[0.769s] Level 1:colcon.colcon_core.package_identification:_identify(src/ddt_ros2_control/controller/rl_controller) by extensions ['ignore', 'ignore_ament_install']
[0.769s] Level 1:colcon.colcon_core.package_identification:_identify(src/ddt_ros2_control/controller/rl_controller) by extension 'ignore'
[0.769s] Level 1:colcon.colcon_core.package_identification:_identify(src/ddt_ros2_control/controller/rl_controller) by extension 'ignore_ament_install'
[0.769s] Level 1:colcon.colcon_core.package_identification:_identify(src/ddt_ros2_control/controller/rl_controller) by extensions ['colcon_pkg']
[0.769s] Level 1:colcon.colcon_core.package_identification:_identify(src/ddt_ros2_control/controller/rl_controller) by extension 'colcon_pkg'
[0.770s] Level 1:colcon.colcon_core.package_identification:_identify(src/ddt_ros2_control/controller/rl_controller) by extensions ['colcon_meta']
[0.770s] Level 1:colcon.colcon_core.package_identification:_identify(src/ddt_ros2_control/controller/rl_controller) by extension 'colcon_meta'
[0.773s] Level 1:colcon.colcon_core.package_identification:_identify(src/ddt_ros2_control/controller/rl_controller) by extensions ['ros']
[0.774s] Level 1:colcon.colcon_core.package_identification:_identify(src/ddt_ros2_control/controller/rl_controller) by extension 'ros'
[0.782s] DEBUG:colcon.colcon_core.package_identification:Package 'src/ddt_ros2_control/controller/rl_controller' with type 'ros.ament_cmake' and name 'rl_controller'
[0.782s] Level 1:colcon.colcon_core.package_identification:_identify(src/ddt_ros2_control/docker) by extensions ['ignore', 'ignore_ament_install']
[0.782s] Level 1:colcon.colcon_core.package_identification:_identify(src/ddt_ros2_control/docker) by extension 'ignore'
[0.782s] Level 1:colcon.colcon_core.package_identification:_identify(src/ddt_ros2_control/docker) by extension 'ignore_ament_install'
[0.782s] Level 1:colcon.colcon_core.package_identification:_identify(src/ddt_ros2_control/docker) by extensions ['colcon_pkg']
[0.782s] Level 1:colcon.colcon_core.package_identification:_identify(src/ddt_ros2_control/docker) by extension 'colcon_pkg'
[0.782s] Level 1:colcon.colcon_core.package_identification:_identify(src/ddt_ros2_control/docker) by extensions ['colcon_meta']
[0.782s] Level 1:colcon.colcon_core.package_identification:_identify(src/ddt_ros2_control/docker) by extension 'colcon_meta'
[0.782s] Level 1:colcon.colcon_core.package_identification:_identify(src/ddt_ros2_control/docker) by extensions ['ros']
[0.782s] Level 1:colcon.colcon_core.package_identification:_identify(src/ddt_ros2_control/docker) by extension 'ros'
[0.783s] Level 1:colcon.colcon_core.package_identification:_identify(src/ddt_ros2_control/docker) by extensions ['cmake', 'python']
[0.783s] Level 1:colcon.colcon_core.package_identification:_identify(src/ddt_ros2_control/docker) by extension 'cmake'
[0.783s] Level 1:colcon.colcon_core.package_identification:_identify(src/ddt_ros2_control/docker) by extension 'python'
[0.783s] Level 1:colcon.colcon_core.package_identification:_identify(src/ddt_ros2_control/docker) by extensions ['python_setup_py']
[0.783s] Level 1:colcon.colcon_core.package_identification:_identify(src/ddt_ros2_control/docker) by extension 'python_setup_py'
[0.783s] Level 1:colcon.colcon_core.package_identification:_identify(src/ddt_ros2_control/hardware) by extensions ['ignore', 'ignore_ament_install']
[0.783s] Level 1:colcon.colcon_core.package_identification:_identify(src/ddt_ros2_control/hardware) by extension 'ignore'
[0.783s] Level 1:colcon.colcon_core.package_identification:_identify(src/ddt_ros2_control/hardware) by extension 'ignore_ament_install'
[0.783s] Level 1:colcon.colcon_core.package_identification:_identify(src/ddt_ros2_control/hardware) by extensions ['colcon_pkg']
[0.783s] Level 1:colcon.colcon_core.package_identification:_identify(src/ddt_ros2_control/hardware) by extension 'colcon_pkg'
[0.783s] Level 1:colcon.colcon_core.package_identification:_identify(src/ddt_ros2_control/hardware) by extensions ['colcon_meta']
[0.783s] Level 1:colcon.colcon_core.package_identification:_identify(src/ddt_ros2_control/hardware) by extension 'colcon_meta'
[0.783s] Level 1:colcon.colcon_core.package_identification:_identify(src/ddt_ros2_control/hardware) by extensions ['ros']
[0.783s] Level 1:colcon.colcon_core.package_identification:_identify(src/ddt_ros2_control/hardware) by extension 'ros'
[0.783s] Level 1:colcon.colcon_core.package_identification:_identify(src/ddt_ros2_control/hardware) by extensions ['cmake', 'python']
[0.783s] Level 1:colcon.colcon_core.package_identification:_identify(src/ddt_ros2_control/hardware) by extension 'cmake'
[0.783s] Level 1:colcon.colcon_core.package_identification:_identify(src/ddt_ros2_control/hardware) by extension 'python'
[0.783s] Level 1:colcon.colcon_core.package_identification:_identify(src/ddt_ros2_control/hardware) by extensions ['python_setup_py']
[0.783s] Level 1:colcon.colcon_core.package_identification:_identify(src/ddt_ros2_control/hardware) by extension 'python_setup_py'
[0.784s] Level 1:colcon.colcon_core.package_identification:_identify(src/ddt_ros2_control/hardware/hardware_bridge) by extensions ['ignore', 'ignore_ament_install']
[0.784s] Level 1:colcon.colcon_core.package_identification:_identify(src/ddt_ros2_control/hardware/hardware_bridge) by extension 'ignore'
[0.784s] Level 1:colcon.colcon_core.package_identification:_identify(src/ddt_ros2_control/hardware/hardware_bridge) by extension 'ignore_ament_install'
[0.784s] Level 1:colcon.colcon_core.package_identification:_identify(src/ddt_ros2_control/hardware/hardware_bridge) by extensions ['colcon_pkg']
[0.784s] Level 1:colcon.colcon_core.package_identification:_identify(src/ddt_ros2_control/hardware/hardware_bridge) by extension 'colcon_pkg'
[0.784s] Level 1:colcon.colcon_core.package_identification:_identify(src/ddt_ros2_control/hardware/hardware_bridge) by extensions ['colcon_meta']
[0.784s] Level 1:colcon.colcon_core.package_identification:_identify(src/ddt_ros2_control/hardware/hardware_bridge) by extension 'colcon_meta'
[0.784s] Level 1:colcon.colcon_core.package_identification:_identify(src/ddt_ros2_control/hardware/hardware_bridge) by extensions ['ros']
[0.784s] Level 1:colcon.colcon_core.package_identification:_identify(src/ddt_ros2_control/hardware/hardware_bridge) by extension 'ros'
[0.786s] DEBUG:colcon.colcon_core.package_identification:Package 'src/ddt_ros2_control/hardware/hardware_bridge' with type 'ros.ament_cmake' and name 'hardware_bridge'
[0.786s] Level 1:colcon.colcon_core.package_identification:_identify(src/ddt_ros2_control/hardware/tita_robot) by extensions ['ignore', 'ignore_ament_install']
[0.786s] Level 1:colcon.colcon_core.package_identification:_identify(src/ddt_ros2_control/hardware/tita_robot) by extension 'ignore'
[0.786s] Level 1:colcon.colcon_core.package_identification:_identify(src/ddt_ros2_control/hardware/tita_robot) by extension 'ignore_ament_install'
[0.786s] Level 1:colcon.colcon_core.package_identification:_identify(src/ddt_ros2_control/hardware/tita_robot) by extensions ['colcon_pkg']
[0.786s] Level 1:colcon.colcon_core.package_identification:_identify(src/ddt_ros2_control/hardware/tita_robot) by extension 'colcon_pkg'
[0.786s] Level 1:colcon.colcon_core.package_identification:_identify(src/ddt_ros2_control/hardware/tita_robot) by extensions ['colcon_meta']
[0.786s] Level 1:colcon.colcon_core.package_identification:_identify(src/ddt_ros2_control/hardware/tita_robot) by extension 'colcon_meta'
[0.786s] Level 1:colcon.colcon_core.package_identification:_identify(src/ddt_ros2_control/hardware/tita_robot) by extensions ['ros']
[0.786s] Level 1:colcon.colcon_core.package_identification:_identify(src/ddt_ros2_control/hardware/tita_robot) by extension 'ros'
[0.792s] DEBUG:colcon.colcon_core.package_identification:Package 'src/ddt_ros2_control/hardware/tita_robot' with type 'ros.ament_cmake' and name 'tita_robot'
[0.792s] Level 1:colcon.colcon_core.package_identification:_identify(src/ddt_ros2_control/interaction) by extensions ['ignore', 'ignore_ament_install']
[0.793s] Level 1:colcon.colcon_core.package_identification:_identify(src/ddt_ros2_control/interaction) by extension 'ignore'
[0.793s] Level 1:colcon.colcon_core.package_identification:_identify(src/ddt_ros2_control/interaction) by extension 'ignore_ament_install'
[0.793s] Level 1:colcon.colcon_core.package_identification:_identify(src/ddt_ros2_control/interaction) by extensions ['colcon_pkg']
[0.793s] Level 1:colcon.colcon_core.package_identification:_identify(src/ddt_ros2_control/interaction) by extension 'colcon_pkg'
[0.793s] Level 1:colcon.colcon_core.package_identification:_identify(src/ddt_ros2_control/interaction) by extensions ['colcon_meta']
[0.793s] Level 1:colcon.colcon_core.package_identification:_identify(src/ddt_ros2_control/interaction) by extension 'colcon_meta'
[0.793s] Level 1:colcon.colcon_core.package_identification:_identify(src/ddt_ros2_control/interaction) by extensions ['ros']
[0.793s] Level 1:colcon.colcon_core.package_identification:_identify(src/ddt_ros2_control/interaction) by extension 'ros'
[0.793s] Level 1:colcon.colcon_core.package_identification:_identify(src/ddt_ros2_control/interaction) by extensions ['cmake', 'python']
[0.793s] Level 1:colcon.colcon_core.package_identification:_identify(src/ddt_ros2_control/interaction) by extension 'cmake'
[0.793s] Level 1:colcon.colcon_core.package_identification:_identify(src/ddt_ros2_control/interaction) by extension 'python'
[0.793s] Level 1:colcon.colcon_core.package_identification:_identify(src/ddt_ros2_control/interaction) by extensions ['python_setup_py']
[0.793s] Level 1:colcon.colcon_core.package_identification:_identify(src/ddt_ros2_control/interaction) by extension 'python_setup_py'
[0.793s] Level 1:colcon.colcon_core.package_identification:_identify(src/ddt_ros2_control/interaction/keyboard_controller) by extensions ['ignore', 'ignore_ament_install']
[0.793s] Level 1:colcon.colcon_core.package_identification:_identify(src/ddt_ros2_control/interaction/keyboard_controller) by extension 'ignore'
[0.793s] Level 1:colcon.colcon_core.package_identification:_identify(src/ddt_ros2_control/interaction/keyboard_controller) by extension 'ignore_ament_install'
[0.793s] Level 1:colcon.colcon_core.package_identification:_identify(src/ddt_ros2_control/interaction/keyboard_controller) by extensions ['colcon_pkg']
[0.793s] Level 1:colcon.colcon_core.package_identification:_identify(src/ddt_ros2_control/interaction/keyboard_controller) by extension 'colcon_pkg'
[0.793s] Level 1:colcon.colcon_core.package_identification:_identify(src/ddt_ros2_control/interaction/keyboard_controller) by extensions ['colcon_meta']
[0.793s] Level 1:colcon.colcon_core.package_identification:_identify(src/ddt_ros2_control/interaction/keyboard_controller) by extension 'colcon_meta'
[0.794s] Level 1:colcon.colcon_core.package_identification:_identify(src/ddt_ros2_control/interaction/keyboard_controller) by extensions ['ros']
[0.794s] Level 1:colcon.colcon_core.package_identification:_identify(src/ddt_ros2_control/interaction/keyboard_controller) by extension 'ros'
[0.799s] DEBUG:colcon.colcon_core.package_identification:Package 'src/ddt_ros2_control/interaction/keyboard_controller' with type 'ros.ament_cmake' and name 'keyboard_controller'
[0.799s] Level 1:colcon.colcon_core.package_identification:_identify(src/ddt_ros2_control/interaction/teleop_command) by extensions ['ignore', 'ignore_ament_install']
[0.799s] Level 1:colcon.colcon_core.package_identification:_identify(src/ddt_ros2_control/interaction/teleop_command) by extension 'ignore'
[0.799s] Level 1:colcon.colcon_core.package_identification:_identify(src/ddt_ros2_control/interaction/teleop_command) by extension 'ignore_ament_install'
[0.799s] Level 1:colcon.colcon_core.package_identification:_identify(src/ddt_ros2_control/interaction/teleop_command) by extensions ['colcon_pkg']
[0.799s] Level 1:colcon.colcon_core.package_identification:_identify(src/ddt_ros2_control/interaction/teleop_command) by extension 'colcon_pkg'
[0.799s] Level 1:colcon.colcon_core.package_identification:_identify(src/ddt_ros2_control/interaction/teleop_command) by extensions ['colcon_meta']
[0.799s] Level 1:colcon.colcon_core.package_identification:_identify(src/ddt_ros2_control/interaction/teleop_command) by extension 'colcon_meta'
[0.799s] Level 1:colcon.colcon_core.package_identification:_identify(src/ddt_ros2_control/interaction/teleop_command) by extensions ['ros']
[0.799s] Level 1:colcon.colcon_core.package_identification:_identify(src/ddt_ros2_control/interaction/teleop_command) by extension 'ros'
[0.805s] DEBUG:colcon.colcon_core.package_identification:Package 'src/ddt_ros2_control/interaction/teleop_command' with type 'ros.ament_cmake' and name 'teleop_command'
[0.805s] Level 1:colcon.colcon_core.package_identification:_identify(src/ddt_ros2_control/ros_utils) by extensions ['ignore', 'ignore_ament_install']
[0.805s] Level 1:colcon.colcon_core.package_identification:_identify(src/ddt_ros2_control/ros_utils) by extension 'ignore'
[0.805s] Level 1:colcon.colcon_core.package_identification:_identify(src/ddt_ros2_control/ros_utils) by extension 'ignore_ament_install'
[0.805s] Level 1:colcon.colcon_core.package_identification:_identify(src/ddt_ros2_control/ros_utils) by extensions ['colcon_pkg']
[0.805s] Level 1:colcon.colcon_core.package_identification:_identify(src/ddt_ros2_control/ros_utils) by extension 'colcon_pkg'
[0.805s] Level 1:colcon.colcon_core.package_identification:_identify(src/ddt_ros2_control/ros_utils) by extensions ['colcon_meta']
[0.805s] Level 1:colcon.colcon_core.package_identification:_identify(src/ddt_ros2_control/ros_utils) by extension 'colcon_meta'
[0.805s] Level 1:colcon.colcon_core.package_identification:_identify(src/ddt_ros2_control/ros_utils) by extensions ['ros']
[0.805s] Level 1:colcon.colcon_core.package_identification:_identify(src/ddt_ros2_control/ros_utils) by extension 'ros'
[0.806s] DEBUG:colcon.colcon_core.package_identification:Package 'src/ddt_ros2_control/ros_utils' with type 'ros.ament_cmake' and name 'ros_utils'
[0.806s] Level 1:colcon.colcon_core.package_identification:_identify(src/ddt_ros2_control/simulation) by extensions ['ignore', 'ignore_ament_install']
[0.806s] Level 1:colcon.colcon_core.package_identification:_identify(src/ddt_ros2_control/simulation) by extension 'ignore'
[0.806s] Level 1:colcon.colcon_core.package_identification:_identify(src/ddt_ros2_control/simulation) by extension 'ignore_ament_install'
[0.806s] Level 1:colcon.colcon_core.package_identification:_identify(src/ddt_ros2_control/simulation) by extensions ['colcon_pkg']
[0.807s] Level 1:colcon.colcon_core.package_identification:_identify(src/ddt_ros2_control/simulation) by extension 'colcon_pkg'
[0.807s] Level 1:colcon.colcon_core.package_identification:_identify(src/ddt_ros2_control/simulation) by extensions ['colcon_meta']
[0.807s] Level 1:colcon.colcon_core.package_identification:_identify(src/ddt_ros2_control/simulation) by extension 'colcon_meta'
[0.807s] Level 1:colcon.colcon_core.package_identification:_identify(src/ddt_ros2_control/simulation) by extensions ['ros']
[0.807s] Level 1:colcon.colcon_core.package_identification:_identify(src/ddt_ros2_control/simulation) by extension 'ros'
[0.807s] Level 1:colcon.colcon_core.package_identification:_identify(src/ddt_ros2_control/simulation) by extensions ['cmake', 'python']
[0.807s] Level 1:colcon.colcon_core.package_identification:_identify(src/ddt_ros2_control/simulation) by extension 'cmake'
[0.807s] Level 1:colcon.colcon_core.package_identification:_identify(src/ddt_ros2_control/simulation) by extension 'python'
[0.807s] Level 1:colcon.colcon_core.package_identification:_identify(src/ddt_ros2_control/simulation) by extensions ['python_setup_py']
[0.807s] Level 1:colcon.colcon_core.package_identification:_identify(src/ddt_ros2_control/simulation) by extension 'python_setup_py'
[0.807s] Level 1:colcon.colcon_core.package_identification:_identify(src/ddt_ros2_control/simulation/gazebo_bridge) by extensions ['ignore', 'ignore_ament_install']
[0.807s] Level 1:colcon.colcon_core.package_identification:_identify(src/ddt_ros2_control/simulation/gazebo_bridge) by extension 'ignore'
[0.807s] Level 1:colcon.colcon_core.package_identification:_identify(src/ddt_ros2_control/simulation/gazebo_bridge) by extension 'ignore_ament_install'
[0.807s] Level 1:colcon.colcon_core.package_identification:_identify(src/ddt_ros2_control/simulation/gazebo_bridge) by extensions ['colcon_pkg']
[0.807s] Level 1:colcon.colcon_core.package_identification:_identify(src/ddt_ros2_control/simulation/gazebo_bridge) by extension 'colcon_pkg'
[0.807s] Level 1:colcon.colcon_core.package_identification:_identify(src/ddt_ros2_control/simulation/gazebo_bridge) by extensions ['colcon_meta']
[0.807s] Level 1:colcon.colcon_core.package_identification:_identify(src/ddt_ros2_control/simulation/gazebo_bridge) by extension 'colcon_meta'
[0.807s] Level 1:colcon.colcon_core.package_identification:_identify(src/ddt_ros2_control/simulation/gazebo_bridge) by extensions ['ros']
[0.807s] Level 1:colcon.colcon_core.package_identification:_identify(src/ddt_ros2_control/simulation/gazebo_bridge) by extension 'ros'
[0.838s] DEBUG:colcon.colcon_core.package_identification:Package 'src/ddt_ros2_control/simulation/gazebo_bridge' with type 'ros.ament_cmake' and name 'gazebo_bridge'
[0.838s] Level 1:colcon.colcon_core.package_identification:_identify(src/ddt_ros2_control/simulation/mujoco_bridge) by extensions ['ignore', 'ignore_ament_install']
[0.838s] Level 1:colcon.colcon_core.package_identification:_identify(src/ddt_ros2_control/simulation/mujoco_bridge) by extension 'ignore'
[0.838s] Level 1:colcon.colcon_core.package_identification:_identify(src/ddt_ros2_control/simulation/mujoco_bridge) by extension 'ignore_ament_install'
[0.838s] Level 1:colcon.colcon_core.package_identification:_identify(src/ddt_ros2_control/simulation/mujoco_bridge) by extensions ['colcon_pkg']
[0.838s] Level 1:colcon.colcon_core.package_identification:_identify(src/ddt_ros2_control/simulation/mujoco_bridge) by extension 'colcon_pkg'
[0.838s] Level 1:colcon.colcon_core.package_identification:_identify(src/ddt_ros2_control/simulation/mujoco_bridge) by extensions ['colcon_meta']
[0.838s] Level 1:colcon.colcon_core.package_identification:_identify(src/ddt_ros2_control/simulation/mujoco_bridge) by extension 'colcon_meta'
[0.838s] Level 1:colcon.colcon_core.package_identification:_identify(src/ddt_ros2_control/simulation/mujoco_bridge) by extensions ['ros']
[0.838s] Level 1:colcon.colcon_core.package_identification:_identify(src/ddt_ros2_control/simulation/mujoco_bridge) by extension 'ros'
[0.839s] Level 1:colcon.colcon_core.package_identification:_identify(src/ddt_ros2_control/simulation/mujoco_bridge) by extensions ['cmake', 'python']
[0.839s] Level 1:colcon.colcon_core.package_identification:_identify(src/ddt_ros2_control/simulation/mujoco_bridge) by extension 'cmake'
[0.839s] Level 1:colcon.colcon_core.package_identification:_identify(src/ddt_ros2_control/simulation/mujoco_bridge) by extension 'python'
[0.842s] Level 1:colcon.colcon_core.package_identification:_identify(src/ddt_ros2_control/simulation/mujoco_bridge) by extensions ['python_setup_py']
[0.843s] Level 1:colcon.colcon_core.package_identification:_identify(src/ddt_ros2_control/simulation/mujoco_bridge) by extension 'python_setup_py'
[0.843s] Level 1:colcon.colcon_core.package_identification:_identify(src/ddt_ros2_control/simulation/mujoco_bridge/mujoco_bridge) by extensions ['ignore', 'ignore_ament_install']
[0.843s] Level 1:colcon.colcon_core.package_identification:_identify(src/ddt_ros2_control/simulation/mujoco_bridge/mujoco_bridge) by extension 'ignore'
[0.843s] Level 1:colcon.colcon_core.package_identification:_identify(src/ddt_ros2_control/simulation/mujoco_bridge/mujoco_bridge) by extension 'ignore_ament_install'
[0.843s] Level 1:colcon.colcon_core.package_identification:_identify(src/ddt_ros2_control/simulation/mujoco_bridge/mujoco_bridge) by extensions ['colcon_pkg']
[0.843s] Level 1:colcon.colcon_core.package_identification:_identify(src/ddt_ros2_control/simulation/mujoco_bridge/mujoco_bridge) by extension 'colcon_pkg'
[0.843s] Level 1:colcon.colcon_core.package_identification:_identify(src/ddt_ros2_control/simulation/mujoco_bridge/mujoco_bridge) by extensions ['colcon_meta']
[0.843s] Level 1:colcon.colcon_core.package_identification:_identify(src/ddt_ros2_control/simulation/mujoco_bridge/mujoco_bridge) by extension 'colcon_meta'
[0.843s] Level 1:colcon.colcon_core.package_identification:_identify(src/ddt_ros2_control/simulation/mujoco_bridge/mujoco_bridge) by extensions ['ros']
[0.843s] Level 1:colcon.colcon_core.package_identification:_identify(src/ddt_ros2_control/simulation/mujoco_bridge/mujoco_bridge) by extension 'ros'
[0.844s] DEBUG:colcon.colcon_core.package_identification:Package 'src/ddt_ros2_control/simulation/mujoco_bridge/mujoco_bridge' with type 'ros.ament_cmake' and name 'mujoco_bridge'
[0.844s] Level 1:colcon.colcon_core.package_identification:_identify(src/ddt_ros2_control/simulation/mujoco_bridge/mujoco_ros2_control) by extensions ['ignore', 'ignore_ament_install']
[0.844s] Level 1:colcon.colcon_core.package_identification:_identify(src/ddt_ros2_control/simulation/mujoco_bridge/mujoco_ros2_control) by extension 'ignore'
[0.844s] Level 1:colcon.colcon_core.package_identification:_identify(src/ddt_ros2_control/simulation/mujoco_bridge/mujoco_ros2_control) by extension 'ignore_ament_install'
[0.844s] Level 1:colcon.colcon_core.package_identification:_identify(src/ddt_ros2_control/simulation/mujoco_bridge/mujoco_ros2_control) by extensions ['colcon_pkg']
[0.844s] Level 1:colcon.colcon_core.package_identification:_identify(src/ddt_ros2_control/simulation/mujoco_bridge/mujoco_ros2_control) by extension 'colcon_pkg'
[0.844s] Level 1:colcon.colcon_core.package_identification:_identify(src/ddt_ros2_control/simulation/mujoco_bridge/mujoco_ros2_control) by extensions ['colcon_meta']
[0.844s] Level 1:colcon.colcon_core.package_identification:_identify(src/ddt_ros2_control/simulation/mujoco_bridge/mujoco_ros2_control) by extension 'colcon_meta'
[0.844s] Level 1:colcon.colcon_core.package_identification:_identify(src/ddt_ros2_control/simulation/mujoco_bridge/mujoco_ros2_control) by extensions ['ros']
[0.844s] Level 1:colcon.colcon_core.package_identification:_identify(src/ddt_ros2_control/simulation/mujoco_bridge/mujoco_ros2_control) by extension 'ros'
[0.850s] DEBUG:colcon.colcon_core.package_identification:Package 'src/ddt_ros2_control/simulation/mujoco_bridge/mujoco_ros2_control' with type 'ros.ament_cmake' and name 'mujoco_ros2_control'
[0.850s] Level 1:colcon.colcon_core.package_identification:_identify(src/ddt_ros2_control/simulation/mujoco_bridge/mujoco_sim_ros2) by extensions ['ignore', 'ignore_ament_install']
[0.850s] Level 1:colcon.colcon_core.package_identification:_identify(src/ddt_ros2_control/simulation/mujoco_bridge/mujoco_sim_ros2) by extension 'ignore'
[0.850s] Level 1:colcon.colcon_core.package_identification:_identify(src/ddt_ros2_control/simulation/mujoco_bridge/mujoco_sim_ros2) by extension 'ignore_ament_install'
[0.850s] Level 1:colcon.colcon_core.package_identification:_identify(src/ddt_ros2_control/simulation/mujoco_bridge/mujoco_sim_ros2) by extensions ['colcon_pkg']
[0.850s] Level 1:colcon.colcon_core.package_identification:_identify(src/ddt_ros2_control/simulation/mujoco_bridge/mujoco_sim_ros2) by extension 'colcon_pkg'
[0.850s] Level 1:colcon.colcon_core.package_identification:_identify(src/ddt_ros2_control/simulation/mujoco_bridge/mujoco_sim_ros2) by extensions ['colcon_meta']
[0.850s] Level 1:colcon.colcon_core.package_identification:_identify(src/ddt_ros2_control/simulation/mujoco_bridge/mujoco_sim_ros2) by extension 'colcon_meta'
[0.851s] Level 1:colcon.colcon_core.package_identification:_identify(src/ddt_ros2_control/simulation/mujoco_bridge/mujoco_sim_ros2) by extensions ['ros']
[0.851s] Level 1:colcon.colcon_core.package_identification:_identify(src/ddt_ros2_control/simulation/mujoco_bridge/mujoco_sim_ros2) by extension 'ros'
[0.852s] DEBUG:colcon.colcon_core.package_identification:Package 'src/ddt_ros2_control/simulation/mujoco_bridge/mujoco_sim_ros2' with type 'ros.ament_cmake' and name 'mujoco_sim_ros2'
[0.852s] Level 1:colcon.colcon_core.package_identification:_identify(src/ddt_ros2_control/simulation/webots_bridge) by extensions ['ignore', 'ignore_ament_install']
[0.852s] Level 1:colcon.colcon_core.package_identification:_identify(src/ddt_ros2_control/simulation/webots_bridge) by extension 'ignore'
[0.852s] Level 1:colcon.colcon_core.package_identification:_identify(src/ddt_ros2_control/simulation/webots_bridge) by extension 'ignore_ament_install'
[0.852s] Level 1:colcon.colcon_core.package_identification:_identify(src/ddt_ros2_control/simulation/webots_bridge) by extensions ['colcon_pkg']
[0.852s] Level 1:colcon.colcon_core.package_identification:_identify(src/ddt_ros2_control/simulation/webots_bridge) by extension 'colcon_pkg'
[0.852s] Level 1:colcon.colcon_core.package_identification:_identify(src/ddt_ros2_control/simulation/webots_bridge) by extensions ['colcon_meta']
[0.852s] Level 1:colcon.colcon_core.package_identification:_identify(src/ddt_ros2_control/simulation/webots_bridge) by extension 'colcon_meta'
[0.852s] Level 1:colcon.colcon_core.package_identification:_identify(src/ddt_ros2_control/simulation/webots_bridge) by extensions ['ros']
[0.852s] Level 1:colcon.colcon_core.package_identification:_identify(src/ddt_ros2_control/simulation/webots_bridge) by extension 'ros'
[0.858s] DEBUG:colcon.colcon_core.package_identification:Package 'src/ddt_ros2_control/simulation/webots_bridge' with type 'ros.ament_cmake' and name 'webots_bridge'
[0.858s] Level 1:colcon.colcon_core.package_identification:_identify(src/ddt_ros2_control/urdfs) by extensions ['ignore', 'ignore_ament_install']
[0.858s] Level 1:colcon.colcon_core.package_identification:_identify(src/ddt_ros2_control/urdfs) by extension 'ignore'
[0.858s] Level 1:colcon.colcon_core.package_identification:_identify(src/ddt_ros2_control/urdfs) by extension 'ignore_ament_install'
[0.858s] Level 1:colcon.colcon_core.package_identification:_identify(src/ddt_ros2_control/urdfs) by extensions ['colcon_pkg']
[0.858s] Level 1:colcon.colcon_core.package_identification:_identify(src/ddt_ros2_control/urdfs) by extension 'colcon_pkg'
[0.858s] Level 1:colcon.colcon_core.package_identification:_identify(src/ddt_ros2_control/urdfs) by extensions ['colcon_meta']
[0.858s] Level 1:colcon.colcon_core.package_identification:_identify(src/ddt_ros2_control/urdfs) by extension 'colcon_meta'
[0.858s] Level 1:colcon.colcon_core.package_identification:_identify(src/ddt_ros2_control/urdfs) by extensions ['ros']
[0.858s] Level 1:colcon.colcon_core.package_identification:_identify(src/ddt_ros2_control/urdfs) by extension 'ros'
[0.858s] Level 1:colcon.colcon_core.package_identification:_identify(src/ddt_ros2_control/urdfs) by extensions ['cmake', 'python']
[0.858s] Level 1:colcon.colcon_core.package_identification:_identify(src/ddt_ros2_control/urdfs) by extension 'cmake'
[0.859s] Level 1:colcon.colcon_core.package_identification:_identify(src/ddt_ros2_control/urdfs) by extension 'python'
[0.859s] Level 1:colcon.colcon_core.package_identification:_identify(src/ddt_ros2_control/urdfs) by extensions ['python_setup_py']
[0.859s] Level 1:colcon.colcon_core.package_identification:_identify(src/ddt_ros2_control/urdfs) by extension 'python_setup_py'
[0.859s] Level 1:colcon.colcon_core.package_identification:_identify(src/ddt_ros2_control/urdfs/d1_description) by extensions ['ignore', 'ignore_ament_install']
[0.859s] Level 1:colcon.colcon_core.package_identification:_identify(src/ddt_ros2_control/urdfs/d1_description) by extension 'ignore'
[0.859s] Level 1:colcon.colcon_core.package_identification:_identify(src/ddt_ros2_control/urdfs/d1_description) by extension 'ignore_ament_install'
[0.859s] Level 1:colcon.colcon_core.package_identification:_identify(src/ddt_ros2_control/urdfs/d1_description) by extensions ['colcon_pkg']
[0.859s] Level 1:colcon.colcon_core.package_identification:_identify(src/ddt_ros2_control/urdfs/d1_description) by extension 'colcon_pkg'
[0.859s] Level 1:colcon.colcon_core.package_identification:_identify(src/ddt_ros2_control/urdfs/d1_description) by extensions ['colcon_meta']
[0.859s] Level 1:colcon.colcon_core.package_identification:_identify(src/ddt_ros2_control/urdfs/d1_description) by extension 'colcon_meta'
[0.859s] Level 1:colcon.colcon_core.package_identification:_identify(src/ddt_ros2_control/urdfs/d1_description) by extensions ['ros']
[0.859s] Level 1:colcon.colcon_core.package_identification:_identify(src/ddt_ros2_control/urdfs/d1_description) by extension 'ros'
[0.868s] DEBUG:colcon.colcon_core.package_identification:Package 'src/ddt_ros2_control/urdfs/d1_description' with type 'ros.ament_cmake' and name 'd1_description'
[0.869s] Level 1:colcon.colcon_core.package_identification:_identify(src/ddt_ros2_control/urdfs/d1h_description) by extensions ['ignore', 'ignore_ament_install']
[0.869s] Level 1:colcon.colcon_core.package_identification:_identify(src/ddt_ros2_control/urdfs/d1h_description) by extension 'ignore'
[0.869s] Level 1:colcon.colcon_core.package_identification:_identify(src/ddt_ros2_control/urdfs/d1h_description) by extension 'ignore_ament_install'
[0.869s] Level 1:colcon.colcon_core.package_identification:_identify(src/ddt_ros2_control/urdfs/d1h_description) by extensions ['colcon_pkg']
[0.869s] Level 1:colcon.colcon_core.package_identification:_identify(src/ddt_ros2_control/urdfs/d1h_description) by extension 'colcon_pkg'
[0.869s] Level 1:colcon.colcon_core.package_identification:_identify(src/ddt_ros2_control/urdfs/d1h_description) by extensions ['colcon_meta']
[0.869s] Level 1:colcon.colcon_core.package_identification:_identify(src/ddt_ros2_control/urdfs/d1h_description) by extension 'colcon_meta'
[0.869s] Level 1:colcon.colcon_core.package_identification:_identify(src/ddt_ros2_control/urdfs/d1h_description) by extensions ['ros']
[0.869s] Level 1:colcon.colcon_core.package_identification:_identify(src/ddt_ros2_control/urdfs/d1h_description) by extension 'ros'
[0.877s] DEBUG:colcon.colcon_core.package_identification:Package 'src/ddt_ros2_control/urdfs/d1h_description' with type 'ros.ament_cmake' and name 'd1h_description'
[0.881s] Level 1:colcon.colcon_core.package_identification:_identify(src/ddt_ros2_control/urdfs/tita_description) by extensions ['ignore', 'ignore_ament_install']
[0.881s] Level 1:colcon.colcon_core.package_identification:_identify(src/ddt_ros2_control/urdfs/tita_description) by extension 'ignore'
[0.881s] Level 1:colcon.colcon_core.package_identification:_identify(src/ddt_ros2_control/urdfs/tita_description) by extension 'ignore_ament_install'
[0.881s] Level 1:colcon.colcon_core.package_identification:_identify(src/ddt_ros2_control/urdfs/tita_description) by extensions ['colcon_pkg']
[0.881s] Level 1:colcon.colcon_core.package_identification:_identify(src/ddt_ros2_control/urdfs/tita_description) by extension 'colcon_pkg'
[0.881s] Level 1:colcon.colcon_core.package_identification:_identify(src/ddt_ros2_control/urdfs/tita_description) by extensions ['colcon_meta']
[0.881s] Level 1:colcon.colcon_core.package_identification:_identify(src/ddt_ros2_control/urdfs/tita_description) by extension 'colcon_meta'
[0.881s] Level 1:colcon.colcon_core.package_identification:_identify(src/ddt_ros2_control/urdfs/tita_description) by extensions ['ros']
[0.881s] Level 1:colcon.colcon_core.package_identification:_identify(src/ddt_ros2_control/urdfs/tita_description) by extension 'ros'
[0.889s] DEBUG:colcon.colcon_core.package_identification:Package 'src/ddt_ros2_control/urdfs/tita_description' with type 'ros.ament_cmake' and name 'tita_description'
[0.889s] Level 1:colcon.colcon_core.package_identification:_identify(src/ddt_ros2_control/urdfs/titatit_description) by extensions ['ignore', 'ignore_ament_install']
[0.889s] Level 1:colcon.colcon_core.package_identification:_identify(src/ddt_ros2_control/urdfs/titatit_description) by extension 'ignore'
[0.889s] Level 1:colcon.colcon_core.package_identification:_identify(src/ddt_ros2_control/urdfs/titatit_description) by extension 'ignore_ament_install'
[0.889s] Level 1:colcon.colcon_core.package_identification:_identify(src/ddt_ros2_control/urdfs/titatit_description) by extensions ['colcon_pkg']
[0.889s] Level 1:colcon.colcon_core.package_identification:_identify(src/ddt_ros2_control/urdfs/titatit_description) by extension 'colcon_pkg'
[0.889s] Level 1:colcon.colcon_core.package_identification:_identify(src/ddt_ros2_control/urdfs/titatit_description) by extensions ['colcon_meta']
[0.889s] Level 1:colcon.colcon_core.package_identification:_identify(src/ddt_ros2_control/urdfs/titatit_description) by extension 'colcon_meta'
[0.889s] Level 1:colcon.colcon_core.package_identification:_identify(src/ddt_ros2_control/urdfs/titatit_description) by extensions ['ros']
[0.889s] Level 1:colcon.colcon_core.package_identification:_identify(src/ddt_ros2_control/urdfs/titatit_description) by extension 'ros'
[0.894s] DEBUG:colcon.colcon_core.package_identification:Package 'src/ddt_ros2_control/urdfs/titatit_description' with type 'ros.ament_cmake' and name 'titatit_description'
[0.894s] Level 1:colcon.colcon_core.package_identification:_identify(src/fishbot_navigation2) by extensions ['ignore', 'ignore_ament_install']
[0.894s] Level 1:colcon.colcon_core.package_identification:_identify(src/fishbot_navigation2) by extension 'ignore'
[0.894s] Level 1:colcon.colcon_core.package_identification:_identify(src/fishbot_navigation2) by extension 'ignore_ament_install'
[0.894s] Level 1:colcon.colcon_core.package_identification:_identify(src/fishbot_navigation2) by extensions ['colcon_pkg']
[0.894s] Level 1:colcon.colcon_core.package_identification:_identify(src/fishbot_navigation2) by extension 'colcon_pkg'
[0.894s] Level 1:colcon.colcon_core.package_identification:_identify(src/fishbot_navigation2) by extensions ['colcon_meta']
[0.894s] Level 1:colcon.colcon_core.package_identification:_identify(src/fishbot_navigation2) by extension 'colcon_meta'
[0.895s] Level 1:colcon.colcon_core.package_identification:_identify(src/fishbot_navigation2) by extensions ['ros']
[0.895s] Level 1:colcon.colcon_core.package_identification:_identify(src/fishbot_navigation2) by extension 'ros'
[0.900s] DEBUG:colcon.colcon_core.package_identification:Package 'src/fishbot_navigation2' with type 'ros.ament_cmake' and name 'fishbot_navigation2'
[0.900s] Level 1:colcon.colcon_core.package_discovery:discover_packages(recursive) using defaults
[0.900s] Level 1:colcon.colcon_core.package_discovery:discover_packages(ignore) discover
[0.900s] Level 1:colcon.colcon_core.package_discovery:discover_packages(ignore) using defaults
[0.900s] Level 1:colcon.colcon_core.package_discovery:discover_packages(path) discover
[0.900s] Level 1:colcon.colcon_core.package_discovery:discover_packages(path) using defaults
[0.957s] INFO:colcon.colcon_core.package_selection:Skipping not selected package 'd1_description' in 'src/ddt_ros2_control/urdfs/d1_description'
[0.957s] INFO:colcon.colcon_core.package_selection:Skipping not selected package 'd1h_description' in 'src/ddt_ros2_control/urdfs/d1h_description'
[0.957s] INFO:colcon.colcon_core.package_selection:Skipping not selected package 'mujoco_sim_ros2' in 'src/ddt_ros2_control/simulation/mujoco_bridge/mujoco_sim_ros2'
[0.958s] INFO:colcon.colcon_core.package_selection:Skipping not selected package 'ros_utils' in 'src/ddt_ros2_control/ros_utils'
[0.958s] INFO:colcon.colcon_core.package_selection:Skipping not selected package 'tita_description' in 'src/ddt_ros2_control/urdfs/tita_description'
[0.958s] INFO:colcon.colcon_core.package_selection:Skipping not selected package 'tita_robot' in 'src/ddt_ros2_control/hardware/tita_robot'
[0.958s] INFO:colcon.colcon_core.package_selection:Skipping not selected package 'titatit_description' in 'src/ddt_ros2_control/urdfs/titatit_description'
[0.962s] INFO:colcon.colcon_core.package_selection:Skipping not selected package 'webots_bridge' in 'src/ddt_ros2_control/simulation/webots_bridge'
[0.962s] INFO:colcon.colcon_core.package_selection:Skipping not selected package 'gazebo_bridge' in 'src/ddt_ros2_control/simulation/gazebo_bridge'
[0.962s] INFO:colcon.colcon_core.package_selection:Skipping not selected package 'hardware_bridge' in 'src/ddt_ros2_control/hardware/hardware_bridge'
[0.962s] INFO:colcon.colcon_core.package_selection:Skipping not selected package 'keyboard_controller' in 'src/ddt_ros2_control/interaction/keyboard_controller'
[0.962s] INFO:colcon.colcon_core.package_selection:Skipping not selected package 'mujoco_ros2_control' in 'src/ddt_ros2_control/simulation/mujoco_bridge/mujoco_ros2_control'
[0.962s] INFO:colcon.colcon_core.package_selection:Skipping not selected package 'rl_controller' in 'src/ddt_ros2_control/controller/rl_controller'
[0.962s] INFO:colcon.colcon_core.package_selection:Skipping not selected package 'teleop_command' in 'src/ddt_ros2_control/interaction/teleop_command'
[0.962s] INFO:colcon.colcon_core.package_selection:Skipping not selected package 'mujoco_bridge' in 'src/ddt_ros2_control/simulation/mujoco_bridge/mujoco_bridge'
[0.962s] Level 1:colcon.colcon_core.package_discovery:discover_packages(prefix_path) check parameters
[0.962s] Level 1:colcon.colcon_core.package_discovery:discover_packages(prefix_path) discover
[0.969s] DEBUG:colcon.colcon_installed_package_information.package_discovery:Found 9 installed packages in /home/aiseon/navigation2_all/leg4_MPPI/install
[0.971s] DEBUG:colcon.colcon_installed_package_information.package_discovery:Found 440 installed packages in /opt/ros/humble
[0.978s] Level 1:colcon.colcon_core.package_discovery:discover_packages(prefix_path) using defaults
[1.126s] Level 5:colcon.colcon_core.verb:set package 'fishbot_navigation2' build argument 'cmake_args' from command line to '['-DCMAKE_BUILD_TYPE=Release']'
[1.130s] Level 5:colcon.colcon_core.verb:set package 'fishbot_navigation2' build argument 'cmake_target' from command line to 'None'
[1.130s] Level 5:colcon.colcon_core.verb:set package 'fishbot_navigation2' build argument 'cmake_target_skip_unavailable' from command line to 'False'
[1.130s] Level 5:colcon.colcon_core.verb:set package 'fishbot_navigation2' build argument 'cmake_clean_cache' from command line to 'False'
[1.130s] Level 5:colcon.colcon_core.verb:set package 'fishbot_navigation2' build argument 'cmake_clean_first' from command line to 'False'
[1.130s] Level 5:colcon.colcon_core.verb:set package 'fishbot_navigation2' build argument 'cmake_force_configure' from command line to 'False'
[1.130s] Level 5:colcon.colcon_core.verb:set package 'fishbot_navigation2' build argument 'ament_cmake_args' from command line to 'None'
[1.130s] Level 5:colcon.colcon_core.verb:set package 'fishbot_navigation2' build argument 'catkin_cmake_args' from command line to 'None'
[1.130s] Level 5:colcon.colcon_core.verb:set package 'fishbot_navigation2' build argument 'catkin_skip_building_tests' from command line to 'False'
[1.130s] DEBUG:colcon.colcon_core.verb:Building package 'fishbot_navigation2' with the following arguments: {'ament_cmake_args': None, 'build_base': '/home/aiseon/navigation2_all/leg4_MPPI/build/fishbot_navigation2', 'catkin_cmake_args': None, 'catkin_skip_building_tests': False, 'cmake_args': ['-DCMAKE_BUILD_TYPE=Release'], 'cmake_clean_cache': False, 'cmake_clean_first': False, 'cmake_force_configure': False, 'cmake_target': None, 'cmake_target_skip_unavailable': False, 'install_base': '/home/aiseon/navigation2_all/leg4_MPPI/install/fishbot_navigation2', 'merge_install': False, 'path': '/home/aiseon/navigation2_all/leg4_MPPI/src/fishbot_navigation2', 'symlink_install': True, 'test_result_base': None}
[1.130s] INFO:colcon.colcon_core.executor:Executing jobs using 'parallel' executor
[1.133s] DEBUG:colcon.colcon_parallel_executor.executor.parallel:run_until_complete
[1.136s] INFO:colcon.colcon_ros.task.ament_cmake.build:Building ROS package in '/home/aiseon/navigation2_all/leg4_MPPI/src/fishbot_navigation2' with build type 'ament_cmake'
[1.136s] INFO:colcon.colcon_cmake.task.cmake.build:Building CMake package in '/home/aiseon/navigation2_all/leg4_MPPI/src/fishbot_navigation2'
[1.138s] INFO:colcon.colcon_core.plugin_system:Skipping extension 'colcon_core.shell.bat': Not used on non-Windows systems
[1.138s] INFO:colcon.colcon_core.shell:Skip shell extension 'powershell' for command environment: Not usable outside of PowerShell
[1.138s] DEBUG:colcon.colcon_core.shell:Skip shell extension 'dsv' for command environment
[1.179s] DEBUG:colcon.colcon_core.event_handler.log_command:Invoking command in '/home/aiseon/navigation2_all/leg4_MPPI/build/fishbot_navigation2': CMAKE_PREFIX_PATH=${CMAKE_PREFIX_PATH}:/opt/ros/humble /usr/bin/cmake --build /home/aiseon/navigation2_all/leg4_MPPI/build/fishbot_navigation2 -- -j192 -l192
[1.335s] DEBUG:colcon.colcon_core.event_handler.log_command:Invoked command in '/home/aiseon/navigation2_all/leg4_MPPI/build/fishbot_navigation2' returned '0': CMAKE_PREFIX_PATH=${CMAKE_PREFIX_PATH}:/opt/ros/humble /usr/bin/cmake --build /home/aiseon/navigation2_all/leg4_MPPI/build/fishbot_navigation2 -- -j192 -l192
[1.364s] DEBUG:colcon.colcon_core.event_handler.log_command:Invoking command in '/home/aiseon/navigation2_all/leg4_MPPI/build/fishbot_navigation2': CMAKE_PREFIX_PATH=${CMAKE_PREFIX_PATH}:/opt/ros/humble /usr/bin/cmake --install /home/aiseon/navigation2_all/leg4_MPPI/build/fishbot_navigation2
[1.434s] Level 1:colcon.colcon_core.environment:create_environment_scripts_only(fishbot_navigation2)
[1.435s] DEBUG:colcon.colcon_core.event_handler.log_command:Invoked command in '/home/aiseon/navigation2_all/leg4_MPPI/build/fishbot_navigation2' returned '0': CMAKE_PREFIX_PATH=${CMAKE_PREFIX_PATH}:/opt/ros/humble /usr/bin/cmake --install /home/aiseon/navigation2_all/leg4_MPPI/build/fishbot_navigation2
[1.439s] Level 1:colcon.colcon_core.environment:checking '/home/aiseon/navigation2_all/leg4_MPPI/install/fishbot_navigation2' for CMake module files
[1.444s] Level 1:colcon.colcon_core.environment:checking '/home/aiseon/navigation2_all/leg4_MPPI/install/fishbot_navigation2' for CMake config files
[1.444s] Level 1:colcon.colcon_core.shell:create_environment_hook('fishbot_navigation2', 'cmake_prefix_path')
[1.445s] INFO:colcon.colcon_core.shell:Creating environment hook '/home/aiseon/navigation2_all/leg4_MPPI/install/fishbot_navigation2/share/fishbot_navigation2/hook/cmake_prefix_path.ps1'
[1.445s] INFO:colcon.colcon_core.shell:Creating environment descriptor '/home/aiseon/navigation2_all/leg4_MPPI/install/fishbot_navigation2/share/fishbot_navigation2/hook/cmake_prefix_path.dsv'
[1.446s] INFO:colcon.colcon_core.shell:Creating environment hook '/home/aiseon/navigation2_all/leg4_MPPI/install/fishbot_navigation2/share/fishbot_navigation2/hook/cmake_prefix_path.sh'
[1.450s] Level 1:colcon.colcon_core.environment:checking '/home/aiseon/navigation2_all/leg4_MPPI/install/fishbot_navigation2/bin'
[1.450s] Level 1:colcon.colcon_core.environment:checking '/home/aiseon/navigation2_all/leg4_MPPI/install/fishbot_navigation2/lib/pkgconfig/fishbot_navigation2.pc'
[1.450s] Level 1:colcon.colcon_core.environment:checking '/home/aiseon/navigation2_all/leg4_MPPI/install/fishbot_navigation2/lib/python3.10/site-packages'
[1.451s] Level 1:colcon.colcon_core.environment:checking '/home/aiseon/navigation2_all/leg4_MPPI/install/fishbot_navigation2/bin'
[1.451s] INFO:colcon.colcon_core.shell:Creating package script '/home/aiseon/navigation2_all/leg4_MPPI/install/fishbot_navigation2/share/fishbot_navigation2/package.ps1'
[1.452s] INFO:colcon.colcon_core.shell:Creating package descriptor '/home/aiseon/navigation2_all/leg4_MPPI/install/fishbot_navigation2/share/fishbot_navigation2/package.dsv'
[1.454s] INFO:colcon.colcon_core.shell:Creating package script '/home/aiseon/navigation2_all/leg4_MPPI/install/fishbot_navigation2/share/fishbot_navigation2/package.sh'
[1.455s] INFO:colcon.colcon_core.shell:Creating package script '/home/aiseon/navigation2_all/leg4_MPPI/install/fishbot_navigation2/share/fishbot_navigation2/package.bash'
[1.456s] INFO:colcon.colcon_core.shell:Creating package script '/home/aiseon/navigation2_all/leg4_MPPI/install/fishbot_navigation2/share/fishbot_navigation2/package.zsh'
[1.461s] Level 1:colcon.colcon_core.environment:create_file_with_runtime_dependencies(/home/aiseon/navigation2_all/leg4_MPPI/install/fishbot_navigation2/share/colcon-core/packages/fishbot_navigation2)
[1.461s] Level 1:colcon.colcon_core.environment:create_environment_scripts_only(fishbot_navigation2)
[1.462s] Level 1:colcon.colcon_core.environment:checking '/home/aiseon/navigation2_all/leg4_MPPI/install/fishbot_navigation2' for CMake module files
[1.462s] Level 1:colcon.colcon_core.environment:checking '/home/aiseon/navigation2_all/leg4_MPPI/install/fishbot_navigation2' for CMake config files
[1.463s] Level 1:colcon.colcon_core.shell:create_environment_hook('fishbot_navigation2', 'cmake_prefix_path')
[1.463s] INFO:colcon.colcon_core.shell:Creating environment hook '/home/aiseon/navigation2_all/leg4_MPPI/install/fishbot_navigation2/share/fishbot_navigation2/hook/cmake_prefix_path.ps1'
[1.463s] INFO:colcon.colcon_core.shell:Creating environment descriptor '/home/aiseon/navigation2_all/leg4_MPPI/install/fishbot_navigation2/share/fishbot_navigation2/hook/cmake_prefix_path.dsv'
[1.468s] INFO:colcon.colcon_core.shell:Creating environment hook '/home/aiseon/navigation2_all/leg4_MPPI/install/fishbot_navigation2/share/fishbot_navigation2/hook/cmake_prefix_path.sh'
[1.468s] Level 1:colcon.colcon_core.environment:checking '/home/aiseon/navigation2_all/leg4_MPPI/install/fishbot_navigation2/bin'
[1.468s] Level 1:colcon.colcon_core.environment:checking '/home/aiseon/navigation2_all/leg4_MPPI/install/fishbot_navigation2/lib/pkgconfig/fishbot_navigation2.pc'
[1.469s] Level 1:colcon.colcon_core.environment:checking '/home/aiseon/navigation2_all/leg4_MPPI/install/fishbot_navigation2/lib/python3.10/site-packages'
[1.469s] Level 1:colcon.colcon_core.environment:checking '/home/aiseon/navigation2_all/leg4_MPPI/install/fishbot_navigation2/bin'
[1.469s] INFO:colcon.colcon_core.shell:Creating package script '/home/aiseon/navigation2_all/leg4_MPPI/install/fishbot_navigation2/share/fishbot_navigation2/package.ps1'
[1.470s] INFO:colcon.colcon_core.shell:Creating package descriptor '/home/aiseon/navigation2_all/leg4_MPPI/install/fishbot_navigation2/share/fishbot_navigation2/package.dsv'
[1.470s] INFO:colcon.colcon_core.shell:Creating package script '/home/aiseon/navigation2_all/leg4_MPPI/install/fishbot_navigation2/share/fishbot_navigation2/package.sh'
[1.475s] INFO:colcon.colcon_core.shell:Creating package script '/home/aiseon/navigation2_all/leg4_MPPI/install/fishbot_navigation2/share/fishbot_navigation2/package.bash'
[1.475s] INFO:colcon.colcon_core.shell:Creating package script '/home/aiseon/navigation2_all/leg4_MPPI/install/fishbot_navigation2/share/fishbot_navigation2/package.zsh'
[1.476s] Level 1:colcon.colcon_core.environment:create_file_with_runtime_dependencies(/home/aiseon/navigation2_all/leg4_MPPI/install/fishbot_navigation2/share/colcon-core/packages/fishbot_navigation2)
[1.476s] DEBUG:colcon.colcon_parallel_executor.executor.parallel:closing loop
[1.476s] DEBUG:colcon.colcon_parallel_executor.executor.parallel:loop closed
[1.476s] DEBUG:colcon.colcon_parallel_executor.executor.parallel:run_until_complete finished with '0'
[1.477s] DEBUG:colcon.colcon_core.event_reactor:joining thread
[1.492s] INFO:colcon.colcon_core.plugin_system:Skipping extension 'colcon_notification.desktop_notification.terminal_notifier': Not used on non-Darwin systems
[1.492s] INFO:colcon.colcon_core.plugin_system:Skipping extension 'colcon_notification.desktop_notification.win32': Not used on non-Windows systems
[1.492s] INFO:colcon.colcon_notification.desktop_notification:Sending desktop notification using 'notify2'
[1.513s] DEBUG:colcon.colcon_core.event_reactor:joined thread
[1.514s] INFO:colcon.colcon_core.shell:Creating prefix script '/home/aiseon/navigation2_all/leg4_MPPI/install/local_setup.ps1'
[1.515s] INFO:colcon.colcon_core.shell:Creating prefix util module '/home/aiseon/navigation2_all/leg4_MPPI/install/_local_setup_util_ps1.py'
[1.519s] INFO:colcon.colcon_core.shell:Creating prefix chain script '/home/aiseon/navigation2_all/leg4_MPPI/install/setup.ps1'
[1.521s] INFO:colcon.colcon_core.shell:Creating prefix script '/home/aiseon/navigation2_all/leg4_MPPI/install/local_setup.sh'
[1.521s] INFO:colcon.colcon_core.shell:Creating prefix util module '/home/aiseon/navigation2_all/leg4_MPPI/install/_local_setup_util_sh.py'
[1.522s] INFO:colcon.colcon_core.shell:Creating prefix chain script '/home/aiseon/navigation2_all/leg4_MPPI/install/setup.sh'
[1.528s] INFO:colcon.colcon_core.shell:Creating prefix script '/home/aiseon/navigation2_all/leg4_MPPI/install/local_setup.bash'
[1.528s] INFO:colcon.colcon_core.shell:Creating prefix chain script '/home/aiseon/navigation2_all/leg4_MPPI/install/setup.bash'
[1.534s] INFO:colcon.colcon_core.shell:Creating prefix script '/home/aiseon/navigation2_all/leg4_MPPI/install/local_setup.zsh'
[1.535s] INFO:colcon.colcon_core.shell:Creating prefix chain script '/home/aiseon/navigation2_all/leg4_MPPI/install/setup.zsh'
