[0.047s] Invoking command in '/home/aiseon/navigation2_all/leg4_MPPI/build/titatit_description': CMAKE_PREFIX_PATH=${CMAKE_PREFIX_PATH}:/opt/ros/humble /usr/bin/cmake /home/aiseon/navigation2_all/leg4_MPPI/src/ddt_ros2_control/urdfs/titatit_description -DCMAKE_INSTALL_PREFIX=/home/aiseon/navigation2_all/leg4_MPPI/install/titatit_description
[0.082s] [0mCurrently in ROS2 compilation environment[0m
[0.082s] -- Found ament_cmake: 1.3.13 (/opt/ros/humble/share/ament_cmake/cmake)
[0.425s] -- Override CMake install command with custom implementation using symlinks instead of copying resources
[0.643s] -- Configuring done
[0.652s] -- Generating done
[0.658s] -- Build files have been written to: /home/aiseon/navigation2_all/leg4_MPPI/build/titatit_description
[0.670s] Invoked command in '/home/aiseon/navigation2_all/leg4_MPPI/build/titatit_description' returned '0': CMAKE_PREFIX_PATH=${CMAKE_PREFIX_PATH}:/opt/ros/humble /usr/bin/cmake /home/aiseon/navigation2_all/leg4_MPPI/src/ddt_ros2_control/urdfs/titatit_description -DCMAKE_INSTALL_PREFIX=/home/aiseon/navigation2_all/leg4_MPPI/install/titatit_description
[0.678s] Invoking command in '/home/aiseon/navigation2_all/leg4_MPPI/build/titatit_description': CMAKE_PREFIX_PATH=${CMAKE_PREFIX_PATH}:/opt/ros/humble /usr/bin/cmake --build /home/aiseon/navigation2_all/leg4_MPPI/build/titatit_description -- -j192 -l192
[0.819s] Invoked command in '/home/aiseon/navigation2_all/leg4_MPPI/build/titatit_description' returned '0': CMAKE_PREFIX_PATH=${CMAKE_PREFIX_PATH}:/opt/ros/humble /usr/bin/cmake --build /home/aiseon/navigation2_all/leg4_MPPI/build/titatit_description -- -j192 -l192
[0.846s] Invoking command in '/home/aiseon/navigation2_all/leg4_MPPI/build/titatit_description': CMAKE_PREFIX_PATH=${CMAKE_PREFIX_PATH}:/opt/ros/humble /usr/bin/cmake --install /home/aiseon/navigation2_all/leg4_MPPI/build/titatit_description
[0.868s] -- Install configuration: "Release"
[0.871s] -- Execute custom install script
[0.871s] -- Up-to-date symlink: /home/aiseon/navigation2_all/leg4_MPPI/install/titatit_description/share/titatit_description/xacro/materials.xacro
[0.873s] -- Up-to-date symlink: /home/aiseon/navigation2_all/leg4_MPPI/install/titatit_description/share/titatit_description/xacro/robot.xacro
[0.873s] -- Up-to-date symlink: /home/aiseon/navigation2_all/leg4_MPPI/install/titatit_description/share/titatit_description/xacro/ros2control.xacro
[0.874s] -- Up-to-date symlink: /home/aiseon/navigation2_all/leg4_MPPI/install/titatit_description/share/titatit_description/xacro/single_robot.xacro
[0.874s] -- Up-to-date symlink: /home/aiseon/navigation2_all/leg4_MPPI/install/titatit_description/share/titatit_description/xacro/tower.xacro
[0.874s] -- Up-to-date symlink: /home/aiseon/navigation2_all/leg4_MPPI/install/titatit_description/share/ament_index/resource_index/package_run_dependencies/titatit_description
[0.874s] -- Up-to-date symlink: /home/aiseon/navigation2_all/leg4_MPPI/install/titatit_description/share/ament_index/resource_index/parent_prefix_path/titatit_description
[0.874s] -- Up-to-date symlink: /home/aiseon/navigation2_all/leg4_MPPI/install/titatit_description/share/titatit_description/environment/ament_prefix_path.sh
[0.874s] -- Up-to-date symlink: /home/aiseon/navigation2_all/leg4_MPPI/install/titatit_description/share/titatit_description/environment/ament_prefix_path.dsv
[0.875s] -- Up-to-date symlink: /home/aiseon/navigation2_all/leg4_MPPI/install/titatit_description/share/titatit_description/environment/path.sh
[0.875s] -- Up-to-date symlink: /home/aiseon/navigation2_all/leg4_MPPI/install/titatit_description/share/titatit_description/environment/path.dsv
[0.875s] -- Up-to-date symlink: /home/aiseon/navigation2_all/leg4_MPPI/install/titatit_description/share/titatit_description/local_setup.bash
[0.875s] -- Up-to-date symlink: /home/aiseon/navigation2_all/leg4_MPPI/install/titatit_description/share/titatit_description/local_setup.sh
[0.875s] -- Up-to-date symlink: /home/aiseon/navigation2_all/leg4_MPPI/install/titatit_description/share/titatit_description/local_setup.zsh
[0.875s] -- Up-to-date symlink: /home/aiseon/navigation2_all/leg4_MPPI/install/titatit_description/share/titatit_description/local_setup.dsv
[0.879s] -- Symlinking: /home/aiseon/navigation2_all/leg4_MPPI/install/titatit_description/share/titatit_description/package.dsv
[0.910s] -- Up-to-date symlink: /home/aiseon/navigation2_all/leg4_MPPI/install/titatit_description/share/ament_index/resource_index/packages/titatit_description
[0.910s] -- Up-to-date symlink: /home/aiseon/navigation2_all/leg4_MPPI/install/titatit_description/share/titatit_description/cmake/titatit_descriptionConfig.cmake
[0.910s] -- Up-to-date symlink: /home/aiseon/navigation2_all/leg4_MPPI/install/titatit_description/share/titatit_description/cmake/titatit_descriptionConfig-version.cmake
[0.910s] -- Up-to-date symlink: /home/aiseon/navigation2_all/leg4_MPPI/install/titatit_description/share/titatit_description/package.xml
[0.915s] Invoked command in '/home/aiseon/navigation2_all/leg4_MPPI/build/titatit_description' returned '0': CMAKE_PREFIX_PATH=${CMAKE_PREFIX_PATH}:/opt/ros/humble /usr/bin/cmake --install /home/aiseon/navigation2_all/leg4_MPPI/build/titatit_description
