[0.018s] Invoking command in '/home/nvidia/MPPI_3dnavi/build/fishbot_navigation2': CMAKE_PREFIX_PATH=${CMAKE_PREFIX_PATH}:/opt/ros/humble /usr/bin/cmake /home/nvidia/MPPI_3dnavi/src/fishbot_navigation2 -DCMAKE_BUILD_TYPE=Release -DAMENT_CMAKE_SYMLINK_INSTALL=1 -DCMAKE_INSTALL_PREFIX=/home/nvidia/MPPI_3dnavi/install/fishbot_navigation2
[0.113s] -- The C compiler identification is GNU 11.4.0
[0.219s] -- The CXX compiler identification is GNU 11.4.0
[0.235s] -- Detecting C compiler ABI info
[0.366s] -- Detecting C compiler ABI info - done
[0.385s] -- Check for working C compiler: /usr/bin/cc - skipped
[0.386s] -- Detecting C compile features
[0.388s] -- Detecting C compile features - done
[0.394s] -- Detecting CXX compiler ABI info
[0.536s] -- Detecting CXX compiler ABI info - done
[0.561s] -- Check for working CXX compiler: /usr/bin/c++ - skipped
[0.562s] -- Detecting CXX compile features
[0.564s] -- Detecting CXX compile features - done
[0.572s] -- Found ament_cmake: 1.3.14 (/opt/ros/humble/share/ament_cmake/cmake)
[0.892s] -- Found Python3: /usr/bin/python3 (found version "3.10.12") found components: Interpreter 
[1.017s] -- Override CMake install command with custom implementation using symlinks instead of copying resources
[1.081s] -- Found ament_lint_auto: 0.12.15 (/opt/ros/humble/share/ament_lint_auto/cmake)
[1.247s] -- Added test 'flake8' to check Python code syntax and style conventions
[1.248s] -- Added test 'lint_cmake' to check CMake code style
[1.249s] -- Added test 'pep257' to check Python code against some of the docstring style conventions in PEP 257
[1.252s] -- Added test 'xmllint' to check XML markup files
[1.255s] -- Configuring done
[1.263s] -- Generating done
[1.266s] -- Build files have been written to: /home/nvidia/MPPI_3dnavi/build/fishbot_navigation2
[1.277s] Invoked command in '/home/nvidia/MPPI_3dnavi/build/fishbot_navigation2' returned '0': CMAKE_PREFIX_PATH=${CMAKE_PREFIX_PATH}:/opt/ros/humble /usr/bin/cmake /home/nvidia/MPPI_3dnavi/src/fishbot_navigation2 -DCMAKE_BUILD_TYPE=Release -DAMENT_CMAKE_SYMLINK_INSTALL=1 -DCMAKE_INSTALL_PREFIX=/home/nvidia/MPPI_3dnavi/install/fishbot_navigation2
[1.282s] Invoking command in '/home/nvidia/MPPI_3dnavi/build/fishbot_navigation2': CMAKE_PREFIX_PATH=${CMAKE_PREFIX_PATH}:/opt/ros/humble /usr/bin/cmake --build /home/nvidia/MPPI_3dnavi/build/fishbot_navigation2 -- -j8 -l8
[1.363s] Invoked command in '/home/nvidia/MPPI_3dnavi/build/fishbot_navigation2' returned '0': CMAKE_PREFIX_PATH=${CMAKE_PREFIX_PATH}:/opt/ros/humble /usr/bin/cmake --build /home/nvidia/MPPI_3dnavi/build/fishbot_navigation2 -- -j8 -l8
[1.386s] Invoking command in '/home/nvidia/MPPI_3dnavi/build/fishbot_navigation2': CMAKE_PREFIX_PATH=${CMAKE_PREFIX_PATH}:/opt/ros/humble /usr/bin/cmake --install /home/nvidia/MPPI_3dnavi/build/fishbot_navigation2
[1.401s] -- Install configuration: "Release"
[1.401s] -- Execute custom install script
[1.402s] -- Symlinking: /home/nvidia/MPPI_3dnavi/install/fishbot_navigation2/share/fishbot_navigation2/launch/navigation2.launch.py
[1.421s] -- Symlinking: /home/nvidia/MPPI_3dnavi/install/fishbot_navigation2/share/fishbot_navigation2/launch/pcl_to_scan.launch.py
[1.438s] -- Symlinking: /home/nvidia/MPPI_3dnavi/install/fishbot_navigation2/share/fishbot_navigation2/maps/labotory.pgm
[1.455s] -- Symlinking: /home/nvidia/MPPI_3dnavi/install/fishbot_navigation2/share/fishbot_navigation2/maps/labotory.yaml
[1.474s] -- Symlinking: /home/nvidia/MPPI_3dnavi/install/fishbot_navigation2/share/fishbot_navigation2/maps/pcb_map111.pgm
[1.489s] -- Symlinking: /home/nvidia/MPPI_3dnavi/install/fishbot_navigation2/share/fishbot_navigation2/maps/pcb_map222.yaml
[1.507s] -- Symlinking: /home/nvidia/MPPI_3dnavi/install/fishbot_navigation2/share/fishbot_navigation2/maps/room.pgm
[1.526s] -- Symlinking: /home/nvidia/MPPI_3dnavi/install/fishbot_navigation2/share/fishbot_navigation2/maps/room.yaml
[1.544s] -- Symlinking: /home/nvidia/MPPI_3dnavi/install/fishbot_navigation2/share/fishbot_navigation2/config/nav2_params.yaml
[1.562s] -- Symlinking: /home/nvidia/MPPI_3dnavi/install/fishbot_navigation2/share/ament_index/resource_index/package_run_dependencies/fishbot_navigation2
[1.578s] -- Symlinking: /home/nvidia/MPPI_3dnavi/install/fishbot_navigation2/share/ament_index/resource_index/parent_prefix_path/fishbot_navigation2
[1.595s] -- Symlinking: /home/nvidia/MPPI_3dnavi/install/fishbot_navigation2/share/fishbot_navigation2/environment/ament_prefix_path.sh
[1.613s] -- Symlinking: /home/nvidia/MPPI_3dnavi/install/fishbot_navigation2/share/fishbot_navigation2/environment/ament_prefix_path.dsv
[1.631s] -- Symlinking: /home/nvidia/MPPI_3dnavi/install/fishbot_navigation2/share/fishbot_navigation2/environment/path.sh
[1.650s] -- Symlinking: /home/nvidia/MPPI_3dnavi/install/fishbot_navigation2/share/fishbot_navigation2/environment/path.dsv
[1.670s] -- Symlinking: /home/nvidia/MPPI_3dnavi/install/fishbot_navigation2/share/fishbot_navigation2/local_setup.bash
[1.688s] -- Symlinking: /home/nvidia/MPPI_3dnavi/install/fishbot_navigation2/share/fishbot_navigation2/local_setup.sh
[1.705s] -- Symlinking: /home/nvidia/MPPI_3dnavi/install/fishbot_navigation2/share/fishbot_navigation2/local_setup.zsh
[1.725s] -- Symlinking: /home/nvidia/MPPI_3dnavi/install/fishbot_navigation2/share/fishbot_navigation2/local_setup.dsv
[1.742s] -- Symlinking: /home/nvidia/MPPI_3dnavi/install/fishbot_navigation2/share/fishbot_navigation2/package.dsv
[1.760s] -- Symlinking: /home/nvidia/MPPI_3dnavi/install/fishbot_navigation2/share/ament_index/resource_index/packages/fishbot_navigation2
[1.779s] -- Symlinking: /home/nvidia/MPPI_3dnavi/install/fishbot_navigation2/share/fishbot_navigation2/cmake/fishbot_navigation2Config.cmake
[1.798s] -- Symlinking: /home/nvidia/MPPI_3dnavi/install/fishbot_navigation2/share/fishbot_navigation2/cmake/fishbot_navigation2Config-version.cmake
[1.818s] -- Symlinking: /home/nvidia/MPPI_3dnavi/install/fishbot_navigation2/share/fishbot_navigation2/package.xml
[1.845s] Invoked command in '/home/nvidia/MPPI_3dnavi/build/fishbot_navigation2' returned '0': CMAKE_PREFIX_PATH=${CMAKE_PREFIX_PATH}:/opt/ros/humble /usr/bin/cmake --install /home/nvidia/MPPI_3dnavi/build/fishbot_navigation2
