[0.040s] Invoking command in '/home/aiseon/navigation2_all/leg4_MPPI/build/fishbot_navigation2': CMAKE_PREFIX_PATH=${CMAKE_PREFIX_PATH}:/opt/ros/humble /usr/bin/cmake --build /home/aiseon/navigation2_all/leg4_MPPI/build/fishbot_navigation2 -- -j192 -l192
[0.193s] Invoked command in '/home/aiseon/navigation2_all/leg4_MPPI/build/fishbot_navigation2' returned '0': CMAKE_PREFIX_PATH=${CMAKE_PREFIX_PATH}:/opt/ros/humble /usr/bin/cmake --build /home/aiseon/navigation2_all/leg4_MPPI/build/fishbot_navigation2 -- -j192 -l192
[0.232s] Invoking command in '/home/aiseon/navigation2_all/leg4_MPPI/build/fishbot_navigation2': CMAKE_PREFIX_PATH=${CMAKE_PREFIX_PATH}:/opt/ros/humble /usr/bin/cmake --install /home/aiseon/navigation2_all/leg4_MPPI/build/fishbot_navigation2
[0.264s] -- Install configuration: "Release"
[0.264s] -- Execute custom install script
[0.264s] -- Up-to-date symlink: /home/aiseon/navigation2_all/leg4_MPPI/install/fishbot_navigation2/share/fishbot_navigation2/launch/navigation2.launch.py
[0.264s] -- Symlinking: /home/aiseon/navigation2_all/leg4_MPPI/install/fishbot_navigation2/share/fishbot_navigation2/launch/pcl_to_scan.launch.py
[0.300s] -- Up-to-date symlink: /home/aiseon/navigation2_all/leg4_MPPI/install/fishbot_navigation2/share/fishbot_navigation2/maps/labotory.pgm
[0.301s] -- Up-to-date symlink: /home/aiseon/navigation2_all/leg4_MPPI/install/fishbot_navigation2/share/fishbot_navigation2/maps/labotory.yaml
[0.302s] -- Up-to-date symlink: /home/aiseon/navigation2_all/leg4_MPPI/install/fishbot_navigation2/share/fishbot_navigation2/maps/room.pgm
[0.302s] -- Up-to-date symlink: /home/aiseon/navigation2_all/leg4_MPPI/install/fishbot_navigation2/share/fishbot_navigation2/maps/room.yaml
[0.302s] -- Up-to-date symlink: /home/aiseon/navigation2_all/leg4_MPPI/install/fishbot_navigation2/share/fishbot_navigation2/config/nav2_params.yaml
[0.302s] -- Up-to-date symlink: /home/aiseon/navigation2_all/leg4_MPPI/install/fishbot_navigation2/share/ament_index/resource_index/package_run_dependencies/fishbot_navigation2
[0.302s] -- Up-to-date symlink: /home/aiseon/navigation2_all/leg4_MPPI/install/fishbot_navigation2/share/ament_index/resource_index/parent_prefix_path/fishbot_navigation2
[0.302s] -- Up-to-date symlink: /home/aiseon/navigation2_all/leg4_MPPI/install/fishbot_navigation2/share/fishbot_navigation2/environment/ament_prefix_path.sh
[0.302s] -- Up-to-date symlink: /home/aiseon/navigation2_all/leg4_MPPI/install/fishbot_navigation2/share/fishbot_navigation2/environment/ament_prefix_path.dsv
[0.302s] -- Up-to-date symlink: /home/aiseon/navigation2_all/leg4_MPPI/install/fishbot_navigation2/share/fishbot_navigation2/environment/path.sh
[0.302s] -- Up-to-date symlink: /home/aiseon/navigation2_all/leg4_MPPI/install/fishbot_navigation2/share/fishbot_navigation2/environment/path.dsv
[0.302s] -- Up-to-date symlink: /home/aiseon/navigation2_all/leg4_MPPI/install/fishbot_navigation2/share/fishbot_navigation2/local_setup.bash
[0.302s] -- Up-to-date symlink: /home/aiseon/navigation2_all/leg4_MPPI/install/fishbot_navigation2/share/fishbot_navigation2/local_setup.sh
[0.303s] -- Up-to-date symlink: /home/aiseon/navigation2_all/leg4_MPPI/install/fishbot_navigation2/share/fishbot_navigation2/local_setup.zsh
[0.303s] -- Up-to-date symlink: /home/aiseon/navigation2_all/leg4_MPPI/install/fishbot_navigation2/share/fishbot_navigation2/local_setup.dsv
[0.303s] -- Symlinking: /home/aiseon/navigation2_all/leg4_MPPI/install/fishbot_navigation2/share/fishbot_navigation2/package.dsv
[0.343s] -- Up-to-date symlink: /home/aiseon/navigation2_all/leg4_MPPI/install/fishbot_navigation2/share/ament_index/resource_index/packages/fishbot_navigation2
[0.343s] -- Up-to-date symlink: /home/aiseon/navigation2_all/leg4_MPPI/install/fishbot_navigation2/share/fishbot_navigation2/cmake/fishbot_navigation2Config.cmake
[0.343s] -- Up-to-date symlink: /home/aiseon/navigation2_all/leg4_MPPI/install/fishbot_navigation2/share/fishbot_navigation2/cmake/fishbot_navigation2Config-version.cmake
[0.343s] -- Up-to-date symlink: /home/aiseon/navigation2_all/leg4_MPPI/install/fishbot_navigation2/share/fishbot_navigation2/package.xml
[0.350s] Invoked command in '/home/aiseon/navigation2_all/leg4_MPPI/build/fishbot_navigation2' returned '0': CMAKE_PREFIX_PATH=${CMAKE_PREFIX_PATH}:/opt/ros/humble /usr/bin/cmake --install /home/aiseon/navigation2_all/leg4_MPPI/build/fishbot_navigation2
