[0.299s] DEBUG:colcon:Command line arguments: ['/usr/bin/colcon', 'build', '--symlink-install', '--cmake-args', '-DCMAKE_BUILD_TYPE=Release', '--packages-select', 'fishbot_navigation2']
[0.299s] DEBUG:colcon:Parsed command line arguments: Namespace(log_base=None, log_level=None, verb_name='build', build_base='build', install_base='install', merge_install=False, symlink_install=True, test_result_base=None, continue_on_error=False, executor='parallel', parallel_workers=192, event_handlers=None, ignore_user_meta=False, metas=['./colcon.meta'], base_paths=['.'], packages_ignore=None, packages_ignore_regex=None, paths=None, packages_up_to=None, packages_up_to_regex=None, packages_above=None, packages_above_and_dependencies=None, packages_above_depth=None, packages_select_by_dep=None, packages_skip_by_dep=None, packages_skip_up_to=None, packages_select_build_failed=False, packages_skip_build_finished=False, packages_select_test_failures=False, packages_skip_test_passed=False, packages_select=['fishbot_navigation2'], packages_skip=None, packages_select_regex=None, packages_skip_regex=None, packages_start=None, packages_end=None, allow_overriding=[], cmake_args=['-DCMAKE_BUILD_TYPE=Release'], cmake_target=None, cmake_target_skip_unavailable=False, cmake_clean_cache=False, cmake_clean_first=False, cmake_force_configure=False, ament_cmake_args=None, catkin_cmake_args=None, catkin_skip_building_tests=False, verb_parser=<colcon_defaults.argument_parser.defaults.DefaultArgumentsDecorator object at 0x716ef71521a0>, verb_extension=<colcon_core.verb.build.BuildVerb object at 0x716ef7151c90>, main=<bound method BuildVerb.main of <colcon_core.verb.build.BuildVerb object at 0x716ef7151c90>>)
[0.772s] Level 1:colcon.colcon_core.package_discovery:discover_packages(colcon_meta) check parameters
[0.772s] Level 1:colcon.colcon_core.package_discovery:discover_packages(recursive) check parameters
[0.772s] Level 1:colcon.colcon_core.package_discovery:discover_packages(ignore) check parameters
[0.772s] Level 1:colcon.colcon_core.package_discovery:discover_packages(path) check parameters
[0.772s] Level 1:colcon.colcon_core.package_discovery:discover_packages(colcon_meta) discover
[0.772s] Level 1:colcon.colcon_core.package_discovery:discover_packages(recursive) discover
[0.772s] INFO:colcon.colcon_core.package_discovery:Crawling recursively for packages in '/home/aiseon/navigation2_all/leg4_MPPI'
[0.776s] Level 1:colcon.colcon_core.package_identification:_identify(.) by extensions ['ignore', 'ignore_ament_install']
[0.776s] Level 1:colcon.colcon_core.package_identification:_identify(.) by extension 'ignore'
[0.777s] Level 1:colcon.colcon_core.package_identification:_identify(.) by extension 'ignore_ament_install'
[0.777s] Level 1:colcon.colcon_core.package_identification:_identify(.) by extensions ['colcon_pkg']
[0.777s] Level 1:colcon.colcon_core.package_identification:_identify(.) by extension 'colcon_pkg'
[0.777s] Level 1:colcon.colcon_core.package_identification:_identify(.) by extensions ['colcon_meta']
[0.777s] Level 1:colcon.colcon_core.package_identification:_identify(.) by extension 'colcon_meta'
[0.777s] Level 1:colcon.colcon_core.package_identification:_identify(.) by extensions ['ros']
[0.777s] Level 1:colcon.colcon_core.package_identification:_identify(.) by extension 'ros'
[0.809s] Level 1:colcon.colcon_core.package_identification:_identify(.) by extensions ['cmake', 'python']
[0.809s] Level 1:colcon.colcon_core.package_identification:_identify(.) by extension 'cmake'
[0.809s] Level 1:colcon.colcon_core.package_identification:_identify(.) by extension 'python'
[0.809s] Level 1:colcon.colcon_core.package_identification:_identify(.) by extensions ['python_setup_py']
[0.809s] Level 1:colcon.colcon_core.package_identification:_identify(.) by extension 'python_setup_py'
[0.809s] Level 1:colcon.colcon_core.package_identification:_identify(build) by extensions ['ignore', 'ignore_ament_install']
[0.810s] Level 1:colcon.colcon_core.package_identification:_identify(build) by extension 'ignore'
[0.810s] Level 1:colcon.colcon_core.package_identification:_identify(build) ignored
[0.810s] Level 1:colcon.colcon_core.package_identification:_identify(install) by extensions ['ignore', 'ignore_ament_install']
[0.810s] Level 1:colcon.colcon_core.package_identification:_identify(install) by extension 'ignore'
[0.810s] Level 1:colcon.colcon_core.package_identification:_identify(install) ignored
[0.810s] Level 1:colcon.colcon_core.package_identification:_identify(log) by extensions ['ignore', 'ignore_ament_install']
[0.810s] Level 1:colcon.colcon_core.package_identification:_identify(log) by extension 'ignore'
[0.814s] Level 1:colcon.colcon_core.package_identification:_identify(log) ignored
[0.814s] Level 1:colcon.colcon_core.package_identification:_identify(src) by extensions ['ignore', 'ignore_ament_install']
[0.814s] Level 1:colcon.colcon_core.package_identification:_identify(src) by extension 'ignore'
[0.814s] Level 1:colcon.colcon_core.package_identification:_identify(src) by extension 'ignore_ament_install'
[0.814s] Level 1:colcon.colcon_core.package_identification:_identify(src) by extensions ['colcon_pkg']
[0.814s] Level 1:colcon.colcon_core.package_identification:_identify(src) by extension 'colcon_pkg'
[0.815s] Level 1:colcon.colcon_core.package_identification:_identify(src) by extensions ['colcon_meta']
[0.815s] Level 1:colcon.colcon_core.package_identification:_identify(src) by extension 'colcon_meta'
[0.815s] Level 1:colcon.colcon_core.package_identification:_identify(src) by extensions ['ros']
[0.815s] Level 1:colcon.colcon_core.package_identification:_identify(src) by extension 'ros'
[0.815s] Level 1:colcon.colcon_core.package_identification:_identify(src) by extensions ['cmake', 'python']
[0.815s] Level 1:colcon.colcon_core.package_identification:_identify(src) by extension 'cmake'
[0.815s] Level 1:colcon.colcon_core.package_identification:_identify(src) by extension 'python'
[0.815s] Level 1:colcon.colcon_core.package_identification:_identify(src) by extensions ['python_setup_py']
[0.815s] Level 1:colcon.colcon_core.package_identification:_identify(src) by extension 'python_setup_py'
[0.815s] Level 1:colcon.colcon_core.package_identification:_identify(src/ddt_ros2_control) by extensions ['ignore', 'ignore_ament_install']
[0.815s] Level 1:colcon.colcon_core.package_identification:_identify(src/ddt_ros2_control) by extension 'ignore'
[0.815s] Level 1:colcon.colcon_core.package_identification:_identify(src/ddt_ros2_control) by extension 'ignore_ament_install'
[0.815s] Level 1:colcon.colcon_core.package_identification:_identify(src/ddt_ros2_control) by extensions ['colcon_pkg']
[0.815s] Level 1:colcon.colcon_core.package_identification:_identify(src/ddt_ros2_control) by extension 'colcon_pkg'
[0.815s] Level 1:colcon.colcon_core.package_identification:_identify(src/ddt_ros2_control) by extensions ['colcon_meta']
[0.815s] Level 1:colcon.colcon_core.package_identification:_identify(src/ddt_ros2_control) by extension 'colcon_meta'
[0.815s] Level 1:colcon.colcon_core.package_identification:_identify(src/ddt_ros2_control) by extensions ['ros']
[0.815s] Level 1:colcon.colcon_core.package_identification:_identify(src/ddt_ros2_control) by extension 'ros'
[0.815s] Level 1:colcon.colcon_core.package_identification:_identify(src/ddt_ros2_control) by extensions ['cmake', 'python']
[0.815s] Level 1:colcon.colcon_core.package_identification:_identify(src/ddt_ros2_control) by extension 'cmake'
[0.815s] Level 1:colcon.colcon_core.package_identification:_identify(src/ddt_ros2_control) by extension 'python'
[0.816s] Level 1:colcon.colcon_core.package_identification:_identify(src/ddt_ros2_control) by extensions ['python_setup_py']
[0.816s] Level 1:colcon.colcon_core.package_identification:_identify(src/ddt_ros2_control) by extension 'python_setup_py'
[0.816s] Level 1:colcon.colcon_core.package_identification:_identify(src/ddt_ros2_control/controller) by extensions ['ignore', 'ignore_ament_install']
[0.816s] Level 1:colcon.colcon_core.package_identification:_identify(src/ddt_ros2_control/controller) by extension 'ignore'
[0.816s] Level 1:colcon.colcon_core.package_identification:_identify(src/ddt_ros2_control/controller) by extension 'ignore_ament_install'
[0.816s] Level 1:colcon.colcon_core.package_identification:_identify(src/ddt_ros2_control/controller) by extensions ['colcon_pkg']
[0.816s] Level 1:colcon.colcon_core.package_identification:_identify(src/ddt_ros2_control/controller) by extension 'colcon_pkg'
[0.816s] Level 1:colcon.colcon_core.package_identification:_identify(src/ddt_ros2_control/controller) by extensions ['colcon_meta']
[0.816s] Level 1:colcon.colcon_core.package_identification:_identify(src/ddt_ros2_control/controller) by extension 'colcon_meta'
[0.816s] Level 1:colcon.colcon_core.package_identification:_identify(src/ddt_ros2_control/controller) by extensions ['ros']
[0.816s] Level 1:colcon.colcon_core.package_identification:_identify(src/ddt_ros2_control/controller) by extension 'ros'
[0.816s] Level 1:colcon.colcon_core.package_identification:_identify(src/ddt_ros2_control/controller) by extensions ['cmake', 'python']
[0.816s] Level 1:colcon.colcon_core.package_identification:_identify(src/ddt_ros2_control/controller) by extension 'cmake'
[0.816s] Level 1:colcon.colcon_core.package_identification:_identify(src/ddt_ros2_control/controller) by extension 'python'
[0.816s] Level 1:colcon.colcon_core.package_identification:_identify(src/ddt_ros2_control/controller) by extensions ['python_setup_py']
[0.816s] Level 1:colcon.colcon_core.package_identification:_identify(src/ddt_ros2_control/controller) by extension 'python_setup_py'
[0.816s] Level 1:colcon.colcon_core.package_identification:_identify(src/ddt_ros2_control/controller/rl_controller) by extensions ['ignore', 'ignore_ament_install']
[0.816s] Level 1:colcon.colcon_core.package_identification:_identify(src/ddt_ros2_control/controller/rl_controller) by extension 'ignore'
[0.816s] Level 1:colcon.colcon_core.package_identification:_identify(src/ddt_ros2_control/controller/rl_controller) by extension 'ignore_ament_install'
[0.817s] Level 1:colcon.colcon_core.package_identification:_identify(src/ddt_ros2_control/controller/rl_controller) by extensions ['colcon_pkg']
[0.817s] Level 1:colcon.colcon_core.package_identification:_identify(src/ddt_ros2_control/controller/rl_controller) by extension 'colcon_pkg'
[0.817s] Level 1:colcon.colcon_core.package_identification:_identify(src/ddt_ros2_control/controller/rl_controller) by extensions ['colcon_meta']
[0.817s] Level 1:colcon.colcon_core.package_identification:_identify(src/ddt_ros2_control/controller/rl_controller) by extension 'colcon_meta'
[0.817s] Level 1:colcon.colcon_core.package_identification:_identify(src/ddt_ros2_control/controller/rl_controller) by extensions ['ros']
[0.817s] Level 1:colcon.colcon_core.package_identification:_identify(src/ddt_ros2_control/controller/rl_controller) by extension 'ros'
[0.829s] DEBUG:colcon.colcon_core.package_identification:Package 'src/ddt_ros2_control/controller/rl_controller' with type 'ros.ament_cmake' and name 'rl_controller'
[0.829s] Level 1:colcon.colcon_core.package_identification:_identify(src/ddt_ros2_control/docker) by extensions ['ignore', 'ignore_ament_install']
[0.830s] Level 1:colcon.colcon_core.package_identification:_identify(src/ddt_ros2_control/docker) by extension 'ignore'
[0.830s] Level 1:colcon.colcon_core.package_identification:_identify(src/ddt_ros2_control/docker) by extension 'ignore_ament_install'
[0.830s] Level 1:colcon.colcon_core.package_identification:_identify(src/ddt_ros2_control/docker) by extensions ['colcon_pkg']
[0.830s] Level 1:colcon.colcon_core.package_identification:_identify(src/ddt_ros2_control/docker) by extension 'colcon_pkg'
[0.830s] Level 1:colcon.colcon_core.package_identification:_identify(src/ddt_ros2_control/docker) by extensions ['colcon_meta']
[0.830s] Level 1:colcon.colcon_core.package_identification:_identify(src/ddt_ros2_control/docker) by extension 'colcon_meta'
[0.830s] Level 1:colcon.colcon_core.package_identification:_identify(src/ddt_ros2_control/docker) by extensions ['ros']
[0.830s] Level 1:colcon.colcon_core.package_identification:_identify(src/ddt_ros2_control/docker) by extension 'ros'
[0.830s] Level 1:colcon.colcon_core.package_identification:_identify(src/ddt_ros2_control/docker) by extensions ['cmake', 'python']
[0.830s] Level 1:colcon.colcon_core.package_identification:_identify(src/ddt_ros2_control/docker) by extension 'cmake'
[0.830s] Level 1:colcon.colcon_core.package_identification:_identify(src/ddt_ros2_control/docker) by extension 'python'
[0.830s] Level 1:colcon.colcon_core.package_identification:_identify(src/ddt_ros2_control/docker) by extensions ['python_setup_py']
[0.830s] Level 1:colcon.colcon_core.package_identification:_identify(src/ddt_ros2_control/docker) by extension 'python_setup_py'
[0.830s] Level 1:colcon.colcon_core.package_identification:_identify(src/ddt_ros2_control/hardware) by extensions ['ignore', 'ignore_ament_install']
[0.830s] Level 1:colcon.colcon_core.package_identification:_identify(src/ddt_ros2_control/hardware) by extension 'ignore'
[0.830s] Level 1:colcon.colcon_core.package_identification:_identify(src/ddt_ros2_control/hardware) by extension 'ignore_ament_install'
[0.830s] Level 1:colcon.colcon_core.package_identification:_identify(src/ddt_ros2_control/hardware) by extensions ['colcon_pkg']
[0.830s] Level 1:colcon.colcon_core.package_identification:_identify(src/ddt_ros2_control/hardware) by extension 'colcon_pkg'
[0.831s] Level 1:colcon.colcon_core.package_identification:_identify(src/ddt_ros2_control/hardware) by extensions ['colcon_meta']
[0.831s] Level 1:colcon.colcon_core.package_identification:_identify(src/ddt_ros2_control/hardware) by extension 'colcon_meta'
[0.831s] Level 1:colcon.colcon_core.package_identification:_identify(src/ddt_ros2_control/hardware) by extensions ['ros']
[0.831s] Level 1:colcon.colcon_core.package_identification:_identify(src/ddt_ros2_control/hardware) by extension 'ros'
[0.831s] Level 1:colcon.colcon_core.package_identification:_identify(src/ddt_ros2_control/hardware) by extensions ['cmake', 'python']
[0.831s] Level 1:colcon.colcon_core.package_identification:_identify(src/ddt_ros2_control/hardware) by extension 'cmake'
[0.831s] Level 1:colcon.colcon_core.package_identification:_identify(src/ddt_ros2_control/hardware) by extension 'python'
[0.831s] Level 1:colcon.colcon_core.package_identification:_identify(src/ddt_ros2_control/hardware) by extensions ['python_setup_py']
[0.831s] Level 1:colcon.colcon_core.package_identification:_identify(src/ddt_ros2_control/hardware) by extension 'python_setup_py'
[0.831s] Level 1:colcon.colcon_core.package_identification:_identify(src/ddt_ros2_control/hardware/hardware_bridge) by extensions ['ignore', 'ignore_ament_install']
[0.831s] Level 1:colcon.colcon_core.package_identification:_identify(src/ddt_ros2_control/hardware/hardware_bridge) by extension 'ignore'
[0.831s] Level 1:colcon.colcon_core.package_identification:_identify(src/ddt_ros2_control/hardware/hardware_bridge) by extension 'ignore_ament_install'
[0.831s] Level 1:colcon.colcon_core.package_identification:_identify(src/ddt_ros2_control/hardware/hardware_bridge) by extensions ['colcon_pkg']
[0.831s] Level 1:colcon.colcon_core.package_identification:_identify(src/ddt_ros2_control/hardware/hardware_bridge) by extension 'colcon_pkg'
[0.831s] Level 1:colcon.colcon_core.package_identification:_identify(src/ddt_ros2_control/hardware/hardware_bridge) by extensions ['colcon_meta']
[0.831s] Level 1:colcon.colcon_core.package_identification:_identify(src/ddt_ros2_control/hardware/hardware_bridge) by extension 'colcon_meta'
[0.831s] Level 1:colcon.colcon_core.package_identification:_identify(src/ddt_ros2_control/hardware/hardware_bridge) by extensions ['ros']
[0.831s] Level 1:colcon.colcon_core.package_identification:_identify(src/ddt_ros2_control/hardware/hardware_bridge) by extension 'ros'
[0.833s] DEBUG:colcon.colcon_core.package_identification:Package 'src/ddt_ros2_control/hardware/hardware_bridge' with type 'ros.ament_cmake' and name 'hardware_bridge'
[0.833s] Level 1:colcon.colcon_core.package_identification:_identify(src/ddt_ros2_control/hardware/tita_robot) by extensions ['ignore', 'ignore_ament_install']
[0.833s] Level 1:colcon.colcon_core.package_identification:_identify(src/ddt_ros2_control/hardware/tita_robot) by extension 'ignore'
[0.833s] Level 1:colcon.colcon_core.package_identification:_identify(src/ddt_ros2_control/hardware/tita_robot) by extension 'ignore_ament_install'
[0.833s] Level 1:colcon.colcon_core.package_identification:_identify(src/ddt_ros2_control/hardware/tita_robot) by extensions ['colcon_pkg']
[0.833s] Level 1:colcon.colcon_core.package_identification:_identify(src/ddt_ros2_control/hardware/tita_robot) by extension 'colcon_pkg'
[0.833s] Level 1:colcon.colcon_core.package_identification:_identify(src/ddt_ros2_control/hardware/tita_robot) by extensions ['colcon_meta']
[0.833s] Level 1:colcon.colcon_core.package_identification:_identify(src/ddt_ros2_control/hardware/tita_robot) by extension 'colcon_meta'
[0.834s] Level 1:colcon.colcon_core.package_identification:_identify(src/ddt_ros2_control/hardware/tita_robot) by extensions ['ros']
[0.834s] Level 1:colcon.colcon_core.package_identification:_identify(src/ddt_ros2_control/hardware/tita_robot) by extension 'ros'
[0.840s] DEBUG:colcon.colcon_core.package_identification:Package 'src/ddt_ros2_control/hardware/tita_robot' with type 'ros.ament_cmake' and name 'tita_robot'
[0.840s] Level 1:colcon.colcon_core.package_identification:_identify(src/ddt_ros2_control/interaction) by extensions ['ignore', 'ignore_ament_install']
[0.841s] Level 1:colcon.colcon_core.package_identification:_identify(src/ddt_ros2_control/interaction) by extension 'ignore'
[0.841s] Level 1:colcon.colcon_core.package_identification:_identify(src/ddt_ros2_control/interaction) by extension 'ignore_ament_install'
[0.841s] Level 1:colcon.colcon_core.package_identification:_identify(src/ddt_ros2_control/interaction) by extensions ['colcon_pkg']
[0.841s] Level 1:colcon.colcon_core.package_identification:_identify(src/ddt_ros2_control/interaction) by extension 'colcon_pkg'
[0.841s] Level 1:colcon.colcon_core.package_identification:_identify(src/ddt_ros2_control/interaction) by extensions ['colcon_meta']
[0.841s] Level 1:colcon.colcon_core.package_identification:_identify(src/ddt_ros2_control/interaction) by extension 'colcon_meta'
[0.841s] Level 1:colcon.colcon_core.package_identification:_identify(src/ddt_ros2_control/interaction) by extensions ['ros']
[0.841s] Level 1:colcon.colcon_core.package_identification:_identify(src/ddt_ros2_control/interaction) by extension 'ros'
[0.841s] Level 1:colcon.colcon_core.package_identification:_identify(src/ddt_ros2_control/interaction) by extensions ['cmake', 'python']
[0.841s] Level 1:colcon.colcon_core.package_identification:_identify(src/ddt_ros2_control/interaction) by extension 'cmake'
[0.841s] Level 1:colcon.colcon_core.package_identification:_identify(src/ddt_ros2_control/interaction) by extension 'python'
[0.841s] Level 1:colcon.colcon_core.package_identification:_identify(src/ddt_ros2_control/interaction) by extensions ['python_setup_py']
[0.841s] Level 1:colcon.colcon_core.package_identification:_identify(src/ddt_ros2_control/interaction) by extension 'python_setup_py'
[0.845s] Level 1:colcon.colcon_core.package_identification:_identify(src/ddt_ros2_control/interaction/keyboard_controller) by extensions ['ignore', 'ignore_ament_install']
[0.845s] Level 1:colcon.colcon_core.package_identification:_identify(src/ddt_ros2_control/interaction/keyboard_controller) by extension 'ignore'
[0.845s] Level 1:colcon.colcon_core.package_identification:_identify(src/ddt_ros2_control/interaction/keyboard_controller) by extension 'ignore_ament_install'
[0.845s] Level 1:colcon.colcon_core.package_identification:_identify(src/ddt_ros2_control/interaction/keyboard_controller) by extensions ['colcon_pkg']
[0.845s] Level 1:colcon.colcon_core.package_identification:_identify(src/ddt_ros2_control/interaction/keyboard_controller) by extension 'colcon_pkg'
[0.845s] Level 1:colcon.colcon_core.package_identification:_identify(src/ddt_ros2_control/interaction/keyboard_controller) by extensions ['colcon_meta']
[0.845s] Level 1:colcon.colcon_core.package_identification:_identify(src/ddt_ros2_control/interaction/keyboard_controller) by extension 'colcon_meta'
[0.846s] Level 1:colcon.colcon_core.package_identification:_identify(src/ddt_ros2_control/interaction/keyboard_controller) by extensions ['ros']
[0.846s] Level 1:colcon.colcon_core.package_identification:_identify(src/ddt_ros2_control/interaction/keyboard_controller) by extension 'ros'
[0.847s] DEBUG:colcon.colcon_core.package_identification:Package 'src/ddt_ros2_control/interaction/keyboard_controller' with type 'ros.ament_cmake' and name 'keyboard_controller'
[0.847s] Level 1:colcon.colcon_core.package_identification:_identify(src/ddt_ros2_control/interaction/teleop_command) by extensions ['ignore', 'ignore_ament_install']
[0.847s] Level 1:colcon.colcon_core.package_identification:_identify(src/ddt_ros2_control/interaction/teleop_command) by extension 'ignore'
[0.847s] Level 1:colcon.colcon_core.package_identification:_identify(src/ddt_ros2_control/interaction/teleop_command) by extension 'ignore_ament_install'
[0.847s] Level 1:colcon.colcon_core.package_identification:_identify(src/ddt_ros2_control/interaction/teleop_command) by extensions ['colcon_pkg']
[0.847s] Level 1:colcon.colcon_core.package_identification:_identify(src/ddt_ros2_control/interaction/teleop_command) by extension 'colcon_pkg'
[0.847s] Level 1:colcon.colcon_core.package_identification:_identify(src/ddt_ros2_control/interaction/teleop_command) by extensions ['colcon_meta']
[0.847s] Level 1:colcon.colcon_core.package_identification:_identify(src/ddt_ros2_control/interaction/teleop_command) by extension 'colcon_meta'
[0.847s] Level 1:colcon.colcon_core.package_identification:_identify(src/ddt_ros2_control/interaction/teleop_command) by extensions ['ros']
[0.848s] Level 1:colcon.colcon_core.package_identification:_identify(src/ddt_ros2_control/interaction/teleop_command) by extension 'ros'
[0.853s] DEBUG:colcon.colcon_core.package_identification:Package 'src/ddt_ros2_control/interaction/teleop_command' with type 'ros.ament_cmake' and name 'teleop_command'
[0.853s] Level 1:colcon.colcon_core.package_identification:_identify(src/ddt_ros2_control/ros_utils) by extensions ['ignore', 'ignore_ament_install']
[0.853s] Level 1:colcon.colcon_core.package_identification:_identify(src/ddt_ros2_control/ros_utils) by extension 'ignore'
[0.853s] Level 1:colcon.colcon_core.package_identification:_identify(src/ddt_ros2_control/ros_utils) by extension 'ignore_ament_install'
[0.853s] Level 1:colcon.colcon_core.package_identification:_identify(src/ddt_ros2_control/ros_utils) by extensions ['colcon_pkg']
[0.853s] Level 1:colcon.colcon_core.package_identification:_identify(src/ddt_ros2_control/ros_utils) by extension 'colcon_pkg'
[0.853s] Level 1:colcon.colcon_core.package_identification:_identify(src/ddt_ros2_control/ros_utils) by extensions ['colcon_meta']
[0.853s] Level 1:colcon.colcon_core.package_identification:_identify(src/ddt_ros2_control/ros_utils) by extension 'colcon_meta'
[0.853s] Level 1:colcon.colcon_core.package_identification:_identify(src/ddt_ros2_control/ros_utils) by extensions ['ros']
[0.854s] Level 1:colcon.colcon_core.package_identification:_identify(src/ddt_ros2_control/ros_utils) by extension 'ros'
[0.854s] DEBUG:colcon.colcon_core.package_identification:Package 'src/ddt_ros2_control/ros_utils' with type 'ros.ament_cmake' and name 'ros_utils'
[0.855s] Level 1:colcon.colcon_core.package_identification:_identify(src/ddt_ros2_control/simulation) by extensions ['ignore', 'ignore_ament_install']
[0.855s] Level 1:colcon.colcon_core.package_identification:_identify(src/ddt_ros2_control/simulation) by extension 'ignore'
[0.855s] Level 1:colcon.colcon_core.package_identification:_identify(src/ddt_ros2_control/simulation) by extension 'ignore_ament_install'
[0.855s] Level 1:colcon.colcon_core.package_identification:_identify(src/ddt_ros2_control/simulation) by extensions ['colcon_pkg']
[0.855s] Level 1:colcon.colcon_core.package_identification:_identify(src/ddt_ros2_control/simulation) by extension 'colcon_pkg'
[0.855s] Level 1:colcon.colcon_core.package_identification:_identify(src/ddt_ros2_control/simulation) by extensions ['colcon_meta']
[0.855s] Level 1:colcon.colcon_core.package_identification:_identify(src/ddt_ros2_control/simulation) by extension 'colcon_meta'
[0.855s] Level 1:colcon.colcon_core.package_identification:_identify(src/ddt_ros2_control/simulation) by extensions ['ros']
[0.855s] Level 1:colcon.colcon_core.package_identification:_identify(src/ddt_ros2_control/simulation) by extension 'ros'
[0.855s] Level 1:colcon.colcon_core.package_identification:_identify(src/ddt_ros2_control/simulation) by extensions ['cmake', 'python']
[0.855s] Level 1:colcon.colcon_core.package_identification:_identify(src/ddt_ros2_control/simulation) by extension 'cmake'
[0.855s] Level 1:colcon.colcon_core.package_identification:_identify(src/ddt_ros2_control/simulation) by extension 'python'
[0.859s] Level 1:colcon.colcon_core.package_identification:_identify(src/ddt_ros2_control/simulation) by extensions ['python_setup_py']
[0.859s] Level 1:colcon.colcon_core.package_identification:_identify(src/ddt_ros2_control/simulation) by extension 'python_setup_py'
[0.859s] Level 1:colcon.colcon_core.package_identification:_identify(src/ddt_ros2_control/simulation/gazebo_bridge) by extensions ['ignore', 'ignore_ament_install']
[0.859s] Level 1:colcon.colcon_core.package_identification:_identify(src/ddt_ros2_control/simulation/gazebo_bridge) by extension 'ignore'
[0.859s] Level 1:colcon.colcon_core.package_identification:_identify(src/ddt_ros2_control/simulation/gazebo_bridge) by extension 'ignore_ament_install'
[0.859s] Level 1:colcon.colcon_core.package_identification:_identify(src/ddt_ros2_control/simulation/gazebo_bridge) by extensions ['colcon_pkg']
[0.859s] Level 1:colcon.colcon_core.package_identification:_identify(src/ddt_ros2_control/simulation/gazebo_bridge) by extension 'colcon_pkg'
[0.860s] Level 1:colcon.colcon_core.package_identification:_identify(src/ddt_ros2_control/simulation/gazebo_bridge) by extensions ['colcon_meta']
[0.860s] Level 1:colcon.colcon_core.package_identification:_identify(src/ddt_ros2_control/simulation/gazebo_bridge) by extension 'colcon_meta'
[0.860s] Level 1:colcon.colcon_core.package_identification:_identify(src/ddt_ros2_control/simulation/gazebo_bridge) by extensions ['ros']
[0.860s] Level 1:colcon.colcon_core.package_identification:_identify(src/ddt_ros2_control/simulation/gazebo_bridge) by extension 'ros'
[0.910s] DEBUG:colcon.colcon_core.package_identification:Package 'src/ddt_ros2_control/simulation/gazebo_bridge' with type 'ros.ament_cmake' and name 'gazebo_bridge'
[0.910s] Level 1:colcon.colcon_core.package_identification:_identify(src/ddt_ros2_control/simulation/mujoco_bridge) by extensions ['ignore', 'ignore_ament_install']
[0.910s] Level 1:colcon.colcon_core.package_identification:_identify(src/ddt_ros2_control/simulation/mujoco_bridge) by extension 'ignore'
[0.910s] Level 1:colcon.colcon_core.package_identification:_identify(src/ddt_ros2_control/simulation/mujoco_bridge) by extension 'ignore_ament_install'
[0.910s] Level 1:colcon.colcon_core.package_identification:_identify(src/ddt_ros2_control/simulation/mujoco_bridge) by extensions ['colcon_pkg']
[0.910s] Level 1:colcon.colcon_core.package_identification:_identify(src/ddt_ros2_control/simulation/mujoco_bridge) by extension 'colcon_pkg'
[0.910s] Level 1:colcon.colcon_core.package_identification:_identify(src/ddt_ros2_control/simulation/mujoco_bridge) by extensions ['colcon_meta']
[0.910s] Level 1:colcon.colcon_core.package_identification:_identify(src/ddt_ros2_control/simulation/mujoco_bridge) by extension 'colcon_meta'
[0.910s] Level 1:colcon.colcon_core.package_identification:_identify(src/ddt_ros2_control/simulation/mujoco_bridge) by extensions ['ros']
[0.910s] Level 1:colcon.colcon_core.package_identification:_identify(src/ddt_ros2_control/simulation/mujoco_bridge) by extension 'ros'
[0.911s] Level 1:colcon.colcon_core.package_identification:_identify(src/ddt_ros2_control/simulation/mujoco_bridge) by extensions ['cmake', 'python']
[0.911s] Level 1:colcon.colcon_core.package_identification:_identify(src/ddt_ros2_control/simulation/mujoco_bridge) by extension 'cmake'
[0.911s] Level 1:colcon.colcon_core.package_identification:_identify(src/ddt_ros2_control/simulation/mujoco_bridge) by extension 'python'
[0.911s] Level 1:colcon.colcon_core.package_identification:_identify(src/ddt_ros2_control/simulation/mujoco_bridge) by extensions ['python_setup_py']
[0.911s] Level 1:colcon.colcon_core.package_identification:_identify(src/ddt_ros2_control/simulation/mujoco_bridge) by extension 'python_setup_py'
[0.911s] Level 1:colcon.colcon_core.package_identification:_identify(src/ddt_ros2_control/simulation/mujoco_bridge/mujoco_bridge) by extensions ['ignore', 'ignore_ament_install']
[0.911s] Level 1:colcon.colcon_core.package_identification:_identify(src/ddt_ros2_control/simulation/mujoco_bridge/mujoco_bridge) by extension 'ignore'
[0.911s] Level 1:colcon.colcon_core.package_identification:_identify(src/ddt_ros2_control/simulation/mujoco_bridge/mujoco_bridge) by extension 'ignore_ament_install'
[0.911s] Level 1:colcon.colcon_core.package_identification:_identify(src/ddt_ros2_control/simulation/mujoco_bridge/mujoco_bridge) by extensions ['colcon_pkg']
[0.911s] Level 1:colcon.colcon_core.package_identification:_identify(src/ddt_ros2_control/simulation/mujoco_bridge/mujoco_bridge) by extension 'colcon_pkg'
[0.911s] Level 1:colcon.colcon_core.package_identification:_identify(src/ddt_ros2_control/simulation/mujoco_bridge/mujoco_bridge) by extensions ['colcon_meta']
[0.911s] Level 1:colcon.colcon_core.package_identification:_identify(src/ddt_ros2_control/simulation/mujoco_bridge/mujoco_bridge) by extension 'colcon_meta'
[0.915s] Level 1:colcon.colcon_core.package_identification:_identify(src/ddt_ros2_control/simulation/mujoco_bridge/mujoco_bridge) by extensions ['ros']
[0.915s] Level 1:colcon.colcon_core.package_identification:_identify(src/ddt_ros2_control/simulation/mujoco_bridge/mujoco_bridge) by extension 'ros'
[0.916s] DEBUG:colcon.colcon_core.package_identification:Package 'src/ddt_ros2_control/simulation/mujoco_bridge/mujoco_bridge' with type 'ros.ament_cmake' and name 'mujoco_bridge'
[0.916s] Level 1:colcon.colcon_core.package_identification:_identify(src/ddt_ros2_control/simulation/mujoco_bridge/mujoco_ros2_control) by extensions ['ignore', 'ignore_ament_install']
[0.916s] Level 1:colcon.colcon_core.package_identification:_identify(src/ddt_ros2_control/simulation/mujoco_bridge/mujoco_ros2_control) by extension 'ignore'
[0.916s] Level 1:colcon.colcon_core.package_identification:_identify(src/ddt_ros2_control/simulation/mujoco_bridge/mujoco_ros2_control) by extension 'ignore_ament_install'
[0.916s] Level 1:colcon.colcon_core.package_identification:_identify(src/ddt_ros2_control/simulation/mujoco_bridge/mujoco_ros2_control) by extensions ['colcon_pkg']
[0.917s] Level 1:colcon.colcon_core.package_identification:_identify(src/ddt_ros2_control/simulation/mujoco_bridge/mujoco_ros2_control) by extension 'colcon_pkg'
[0.917s] Level 1:colcon.colcon_core.package_identification:_identify(src/ddt_ros2_control/simulation/mujoco_bridge/mujoco_ros2_control) by extensions ['colcon_meta']
[0.917s] Level 1:colcon.colcon_core.package_identification:_identify(src/ddt_ros2_control/simulation/mujoco_bridge/mujoco_ros2_control) by extension 'colcon_meta'
[0.917s] Level 1:colcon.colcon_core.package_identification:_identify(src/ddt_ros2_control/simulation/mujoco_bridge/mujoco_ros2_control) by extensions ['ros']
[0.917s] Level 1:colcon.colcon_core.package_identification:_identify(src/ddt_ros2_control/simulation/mujoco_bridge/mujoco_ros2_control) by extension 'ros'
[0.922s] DEBUG:colcon.colcon_core.package_identification:Package 'src/ddt_ros2_control/simulation/mujoco_bridge/mujoco_ros2_control' with type 'ros.ament_cmake' and name 'mujoco_ros2_control'
[0.922s] Level 1:colcon.colcon_core.package_identification:_identify(src/ddt_ros2_control/simulation/mujoco_bridge/mujoco_sim_ros2) by extensions ['ignore', 'ignore_ament_install']
[0.923s] Level 1:colcon.colcon_core.package_identification:_identify(src/ddt_ros2_control/simulation/mujoco_bridge/mujoco_sim_ros2) by extension 'ignore'
[0.923s] Level 1:colcon.colcon_core.package_identification:_identify(src/ddt_ros2_control/simulation/mujoco_bridge/mujoco_sim_ros2) by extension 'ignore_ament_install'
[0.923s] Level 1:colcon.colcon_core.package_identification:_identify(src/ddt_ros2_control/simulation/mujoco_bridge/mujoco_sim_ros2) by extensions ['colcon_pkg']
[0.923s] Level 1:colcon.colcon_core.package_identification:_identify(src/ddt_ros2_control/simulation/mujoco_bridge/mujoco_sim_ros2) by extension 'colcon_pkg'
[0.923s] Level 1:colcon.colcon_core.package_identification:_identify(src/ddt_ros2_control/simulation/mujoco_bridge/mujoco_sim_ros2) by extensions ['colcon_meta']
[0.923s] Level 1:colcon.colcon_core.package_identification:_identify(src/ddt_ros2_control/simulation/mujoco_bridge/mujoco_sim_ros2) by extension 'colcon_meta'
[0.923s] Level 1:colcon.colcon_core.package_identification:_identify(src/ddt_ros2_control/simulation/mujoco_bridge/mujoco_sim_ros2) by extensions ['ros']
[0.923s] Level 1:colcon.colcon_core.package_identification:_identify(src/ddt_ros2_control/simulation/mujoco_bridge/mujoco_sim_ros2) by extension 'ros'
[0.924s] DEBUG:colcon.colcon_core.package_identification:Package 'src/ddt_ros2_control/simulation/mujoco_bridge/mujoco_sim_ros2' with type 'ros.ament_cmake' and name 'mujoco_sim_ros2'
[0.924s] Level 1:colcon.colcon_core.package_identification:_identify(src/ddt_ros2_control/simulation/webots_bridge) by extensions ['ignore', 'ignore_ament_install']
[0.924s] Level 1:colcon.colcon_core.package_identification:_identify(src/ddt_ros2_control/simulation/webots_bridge) by extension 'ignore'
[0.924s] Level 1:colcon.colcon_core.package_identification:_identify(src/ddt_ros2_control/simulation/webots_bridge) by extension 'ignore_ament_install'
[0.925s] Level 1:colcon.colcon_core.package_identification:_identify(src/ddt_ros2_control/simulation/webots_bridge) by extensions ['colcon_pkg']
[0.925s] Level 1:colcon.colcon_core.package_identification:_identify(src/ddt_ros2_control/simulation/webots_bridge) by extension 'colcon_pkg'
[0.925s] Level 1:colcon.colcon_core.package_identification:_identify(src/ddt_ros2_control/simulation/webots_bridge) by extensions ['colcon_meta']
[0.925s] Level 1:colcon.colcon_core.package_identification:_identify(src/ddt_ros2_control/simulation/webots_bridge) by extension 'colcon_meta'
[0.925s] Level 1:colcon.colcon_core.package_identification:_identify(src/ddt_ros2_control/simulation/webots_bridge) by extensions ['ros']
[0.925s] Level 1:colcon.colcon_core.package_identification:_identify(src/ddt_ros2_control/simulation/webots_bridge) by extension 'ros'
[0.930s] DEBUG:colcon.colcon_core.package_identification:Package 'src/ddt_ros2_control/simulation/webots_bridge' with type 'ros.ament_cmake' and name 'webots_bridge'
[0.930s] Level 1:colcon.colcon_core.package_identification:_identify(src/ddt_ros2_control/urdfs) by extensions ['ignore', 'ignore_ament_install']
[0.930s] Level 1:colcon.colcon_core.package_identification:_identify(src/ddt_ros2_control/urdfs) by extension 'ignore'
[0.930s] Level 1:colcon.colcon_core.package_identification:_identify(src/ddt_ros2_control/urdfs) by extension 'ignore_ament_install'
[0.931s] Level 1:colcon.colcon_core.package_identification:_identify(src/ddt_ros2_control/urdfs) by extensions ['colcon_pkg']
[0.931s] Level 1:colcon.colcon_core.package_identification:_identify(src/ddt_ros2_control/urdfs) by extension 'colcon_pkg'
[0.931s] Level 1:colcon.colcon_core.package_identification:_identify(src/ddt_ros2_control/urdfs) by extensions ['colcon_meta']
[0.931s] Level 1:colcon.colcon_core.package_identification:_identify(src/ddt_ros2_control/urdfs) by extension 'colcon_meta'
[0.931s] Level 1:colcon.colcon_core.package_identification:_identify(src/ddt_ros2_control/urdfs) by extensions ['ros']
[0.931s] Level 1:colcon.colcon_core.package_identification:_identify(src/ddt_ros2_control/urdfs) by extension 'ros'
[0.931s] Level 1:colcon.colcon_core.package_identification:_identify(src/ddt_ros2_control/urdfs) by extensions ['cmake', 'python']
[0.931s] Level 1:colcon.colcon_core.package_identification:_identify(src/ddt_ros2_control/urdfs) by extension 'cmake'
[0.931s] Level 1:colcon.colcon_core.package_identification:_identify(src/ddt_ros2_control/urdfs) by extension 'python'
[0.931s] Level 1:colcon.colcon_core.package_identification:_identify(src/ddt_ros2_control/urdfs) by extensions ['python_setup_py']
[0.931s] Level 1:colcon.colcon_core.package_identification:_identify(src/ddt_ros2_control/urdfs) by extension 'python_setup_py'
[0.931s] Level 1:colcon.colcon_core.package_identification:_identify(src/ddt_ros2_control/urdfs/d1_description) by extensions ['ignore', 'ignore_ament_install']
[0.931s] Level 1:colcon.colcon_core.package_identification:_identify(src/ddt_ros2_control/urdfs/d1_description) by extension 'ignore'
[0.931s] Level 1:colcon.colcon_core.package_identification:_identify(src/ddt_ros2_control/urdfs/d1_description) by extension 'ignore_ament_install'
[0.931s] Level 1:colcon.colcon_core.package_identification:_identify(src/ddt_ros2_control/urdfs/d1_description) by extensions ['colcon_pkg']
[0.931s] Level 1:colcon.colcon_core.package_identification:_identify(src/ddt_ros2_control/urdfs/d1_description) by extension 'colcon_pkg'
[0.931s] Level 1:colcon.colcon_core.package_identification:_identify(src/ddt_ros2_control/urdfs/d1_description) by extensions ['colcon_meta']
[0.931s] Level 1:colcon.colcon_core.package_identification:_identify(src/ddt_ros2_control/urdfs/d1_description) by extension 'colcon_meta'
[0.931s] Level 1:colcon.colcon_core.package_identification:_identify(src/ddt_ros2_control/urdfs/d1_description) by extensions ['ros']
[0.931s] Level 1:colcon.colcon_core.package_identification:_identify(src/ddt_ros2_control/urdfs/d1_description) by extension 'ros'
[0.941s] DEBUG:colcon.colcon_core.package_identification:Package 'src/ddt_ros2_control/urdfs/d1_description' with type 'ros.ament_cmake' and name 'd1_description'
[0.941s] Level 1:colcon.colcon_core.package_identification:_identify(src/ddt_ros2_control/urdfs/d1h_description) by extensions ['ignore', 'ignore_ament_install']
[0.941s] Level 1:colcon.colcon_core.package_identification:_identify(src/ddt_ros2_control/urdfs/d1h_description) by extension 'ignore'
[0.941s] Level 1:colcon.colcon_core.package_identification:_identify(src/ddt_ros2_control/urdfs/d1h_description) by extension 'ignore_ament_install'
[0.941s] Level 1:colcon.colcon_core.package_identification:_identify(src/ddt_ros2_control/urdfs/d1h_description) by extensions ['colcon_pkg']
[0.941s] Level 1:colcon.colcon_core.package_identification:_identify(src/ddt_ros2_control/urdfs/d1h_description) by extension 'colcon_pkg'
[0.942s] Level 1:colcon.colcon_core.package_identification:_identify(src/ddt_ros2_control/urdfs/d1h_description) by extensions ['colcon_meta']
[0.942s] Level 1:colcon.colcon_core.package_identification:_identify(src/ddt_ros2_control/urdfs/d1h_description) by extension 'colcon_meta'
[0.942s] Level 1:colcon.colcon_core.package_identification:_identify(src/ddt_ros2_control/urdfs/d1h_description) by extensions ['ros']
[0.942s] Level 1:colcon.colcon_core.package_identification:_identify(src/ddt_ros2_control/urdfs/d1h_description) by extension 'ros'
[0.953s] DEBUG:colcon.colcon_core.package_identification:Package 'src/ddt_ros2_control/urdfs/d1h_description' with type 'ros.ament_cmake' and name 'd1h_description'
[0.953s] Level 1:colcon.colcon_core.package_identification:_identify(src/ddt_ros2_control/urdfs/tita_description) by extensions ['ignore', 'ignore_ament_install']
[0.953s] Level 1:colcon.colcon_core.package_identification:_identify(src/ddt_ros2_control/urdfs/tita_description) by extension 'ignore'
[0.954s] Level 1:colcon.colcon_core.package_identification:_identify(src/ddt_ros2_control/urdfs/tita_description) by extension 'ignore_ament_install'
[0.954s] Level 1:colcon.colcon_core.package_identification:_identify(src/ddt_ros2_control/urdfs/tita_description) by extensions ['colcon_pkg']
[0.954s] Level 1:colcon.colcon_core.package_identification:_identify(src/ddt_ros2_control/urdfs/tita_description) by extension 'colcon_pkg'
[0.954s] Level 1:colcon.colcon_core.package_identification:_identify(src/ddt_ros2_control/urdfs/tita_description) by extensions ['colcon_meta']
[0.954s] Level 1:colcon.colcon_core.package_identification:_identify(src/ddt_ros2_control/urdfs/tita_description) by extension 'colcon_meta'
[0.954s] Level 1:colcon.colcon_core.package_identification:_identify(src/ddt_ros2_control/urdfs/tita_description) by extensions ['ros']
[0.954s] Level 1:colcon.colcon_core.package_identification:_identify(src/ddt_ros2_control/urdfs/tita_description) by extension 'ros'
[0.962s] DEBUG:colcon.colcon_core.package_identification:Package 'src/ddt_ros2_control/urdfs/tita_description' with type 'ros.ament_cmake' and name 'tita_description'
[0.962s] Level 1:colcon.colcon_core.package_identification:_identify(src/ddt_ros2_control/urdfs/titatit_description) by extensions ['ignore', 'ignore_ament_install']
[0.962s] Level 1:colcon.colcon_core.package_identification:_identify(src/ddt_ros2_control/urdfs/titatit_description) by extension 'ignore'
[0.962s] Level 1:colcon.colcon_core.package_identification:_identify(src/ddt_ros2_control/urdfs/titatit_description) by extension 'ignore_ament_install'
[0.962s] Level 1:colcon.colcon_core.package_identification:_identify(src/ddt_ros2_control/urdfs/titatit_description) by extensions ['colcon_pkg']
[0.962s] Level 1:colcon.colcon_core.package_identification:_identify(src/ddt_ros2_control/urdfs/titatit_description) by extension 'colcon_pkg'
[0.962s] Level 1:colcon.colcon_core.package_identification:_identify(src/ddt_ros2_control/urdfs/titatit_description) by extensions ['colcon_meta']
[0.962s] Level 1:colcon.colcon_core.package_identification:_identify(src/ddt_ros2_control/urdfs/titatit_description) by extension 'colcon_meta'
[0.962s] Level 1:colcon.colcon_core.package_identification:_identify(src/ddt_ros2_control/urdfs/titatit_description) by extensions ['ros']
[0.962s] Level 1:colcon.colcon_core.package_identification:_identify(src/ddt_ros2_control/urdfs/titatit_description) by extension 'ros'
[0.970s] DEBUG:colcon.colcon_core.package_identification:Package 'src/ddt_ros2_control/urdfs/titatit_description' with type 'ros.ament_cmake' and name 'titatit_description'
[0.970s] Level 1:colcon.colcon_core.package_identification:_identify(src/fishbot_navigation2) by extensions ['ignore', 'ignore_ament_install']
[0.970s] Level 1:colcon.colcon_core.package_identification:_identify(src/fishbot_navigation2) by extension 'ignore'
[0.970s] Level 1:colcon.colcon_core.package_identification:_identify(src/fishbot_navigation2) by extension 'ignore_ament_install'
[0.970s] Level 1:colcon.colcon_core.package_identification:_identify(src/fishbot_navigation2) by extensions ['colcon_pkg']
[0.970s] Level 1:colcon.colcon_core.package_identification:_identify(src/fishbot_navigation2) by extension 'colcon_pkg'
[0.970s] Level 1:colcon.colcon_core.package_identification:_identify(src/fishbot_navigation2) by extensions ['colcon_meta']
[0.970s] Level 1:colcon.colcon_core.package_identification:_identify(src/fishbot_navigation2) by extension 'colcon_meta'
[0.970s] Level 1:colcon.colcon_core.package_identification:_identify(src/fishbot_navigation2) by extensions ['ros']
[0.970s] Level 1:colcon.colcon_core.package_identification:_identify(src/fishbot_navigation2) by extension 'ros'
[0.971s] DEBUG:colcon.colcon_core.package_identification:Package 'src/fishbot_navigation2' with type 'ros.ament_cmake' and name 'fishbot_navigation2'
[0.971s] Level 1:colcon.colcon_core.package_discovery:discover_packages(recursive) using defaults
[0.971s] Level 1:colcon.colcon_core.package_discovery:discover_packages(ignore) discover
[0.971s] Level 1:colcon.colcon_core.package_discovery:discover_packages(ignore) using defaults
[0.971s] Level 1:colcon.colcon_core.package_discovery:discover_packages(path) discover
[0.971s] Level 1:colcon.colcon_core.package_discovery:discover_packages(path) using defaults
[1.039s] INFO:colcon.colcon_core.package_selection:Skipping not selected package 'd1_description' in 'src/ddt_ros2_control/urdfs/d1_description'
[1.039s] INFO:colcon.colcon_core.package_selection:Skipping not selected package 'd1h_description' in 'src/ddt_ros2_control/urdfs/d1h_description'
[1.039s] INFO:colcon.colcon_core.package_selection:Skipping not selected package 'mujoco_sim_ros2' in 'src/ddt_ros2_control/simulation/mujoco_bridge/mujoco_sim_ros2'
[1.040s] INFO:colcon.colcon_core.package_selection:Skipping not selected package 'ros_utils' in 'src/ddt_ros2_control/ros_utils'
[1.040s] INFO:colcon.colcon_core.package_selection:Skipping not selected package 'tita_description' in 'src/ddt_ros2_control/urdfs/tita_description'
[1.040s] INFO:colcon.colcon_core.package_selection:Skipping not selected package 'tita_robot' in 'src/ddt_ros2_control/hardware/tita_robot'
[1.040s] INFO:colcon.colcon_core.package_selection:Skipping not selected package 'titatit_description' in 'src/ddt_ros2_control/urdfs/titatit_description'
[1.040s] INFO:colcon.colcon_core.package_selection:Skipping not selected package 'webots_bridge' in 'src/ddt_ros2_control/simulation/webots_bridge'
[1.040s] INFO:colcon.colcon_core.package_selection:Skipping not selected package 'gazebo_bridge' in 'src/ddt_ros2_control/simulation/gazebo_bridge'
[1.040s] INFO:colcon.colcon_core.package_selection:Skipping not selected package 'hardware_bridge' in 'src/ddt_ros2_control/hardware/hardware_bridge'
[1.040s] INFO:colcon.colcon_core.package_selection:Skipping not selected package 'keyboard_controller' in 'src/ddt_ros2_control/interaction/keyboard_controller'
[1.040s] INFO:colcon.colcon_core.package_selection:Skipping not selected package 'mujoco_ros2_control' in 'src/ddt_ros2_control/simulation/mujoco_bridge/mujoco_ros2_control'
[1.040s] INFO:colcon.colcon_core.package_selection:Skipping not selected package 'rl_controller' in 'src/ddt_ros2_control/controller/rl_controller'
[1.040s] INFO:colcon.colcon_core.package_selection:Skipping not selected package 'teleop_command' in 'src/ddt_ros2_control/interaction/teleop_command'
[1.040s] INFO:colcon.colcon_core.package_selection:Skipping not selected package 'mujoco_bridge' in 'src/ddt_ros2_control/simulation/mujoco_bridge/mujoco_bridge'
[1.040s] Level 1:colcon.colcon_core.package_discovery:discover_packages(prefix_path) check parameters
[1.040s] Level 1:colcon.colcon_core.package_discovery:discover_packages(prefix_path) discover
[1.047s] DEBUG:colcon.colcon_installed_package_information.package_discovery:Found 9 installed packages in /home/aiseon/navigation2_all/leg4_MPPI/install
[1.054s] DEBUG:colcon.colcon_installed_package_information.package_discovery:Found 440 installed packages in /opt/ros/humble
[1.057s] Level 1:colcon.colcon_core.package_discovery:discover_packages(prefix_path) using defaults
[1.213s] Level 5:colcon.colcon_core.verb:set package 'fishbot_navigation2' build argument 'cmake_args' from command line to '['-DCMAKE_BUILD_TYPE=Release']'
[1.213s] Level 5:colcon.colcon_core.verb:set package 'fishbot_navigation2' build argument 'cmake_target' from command line to 'None'
[1.213s] Level 5:colcon.colcon_core.verb:set package 'fishbot_navigation2' build argument 'cmake_target_skip_unavailable' from command line to 'False'
[1.213s] Level 5:colcon.colcon_core.verb:set package 'fishbot_navigation2' build argument 'cmake_clean_cache' from command line to 'False'
[1.213s] Level 5:colcon.colcon_core.verb:set package 'fishbot_navigation2' build argument 'cmake_clean_first' from command line to 'False'
[1.213s] Level 5:colcon.colcon_core.verb:set package 'fishbot_navigation2' build argument 'cmake_force_configure' from command line to 'False'
[1.213s] Level 5:colcon.colcon_core.verb:set package 'fishbot_navigation2' build argument 'ament_cmake_args' from command line to 'None'
[1.213s] Level 5:colcon.colcon_core.verb:set package 'fishbot_navigation2' build argument 'catkin_cmake_args' from command line to 'None'
[1.213s] Level 5:colcon.colcon_core.verb:set package 'fishbot_navigation2' build argument 'catkin_skip_building_tests' from command line to 'False'
[1.213s] DEBUG:colcon.colcon_core.verb:Building package 'fishbot_navigation2' with the following arguments: {'ament_cmake_args': None, 'build_base': '/home/aiseon/navigation2_all/leg4_MPPI/build/fishbot_navigation2', 'catkin_cmake_args': None, 'catkin_skip_building_tests': False, 'cmake_args': ['-DCMAKE_BUILD_TYPE=Release'], 'cmake_clean_cache': False, 'cmake_clean_first': False, 'cmake_force_configure': False, 'cmake_target': None, 'cmake_target_skip_unavailable': False, 'install_base': '/home/aiseon/navigation2_all/leg4_MPPI/install/fishbot_navigation2', 'merge_install': False, 'path': '/home/aiseon/navigation2_all/leg4_MPPI/src/fishbot_navigation2', 'symlink_install': True, 'test_result_base': None}
[1.214s] INFO:colcon.colcon_core.executor:Executing jobs using 'parallel' executor
[1.219s] DEBUG:colcon.colcon_parallel_executor.executor.parallel:run_until_complete
[1.220s] INFO:colcon.colcon_ros.task.ament_cmake.build:Building ROS package in '/home/aiseon/navigation2_all/leg4_MPPI/src/fishbot_navigation2' with build type 'ament_cmake'
[1.220s] INFO:colcon.colcon_cmake.task.cmake.build:Building CMake package in '/home/aiseon/navigation2_all/leg4_MPPI/src/fishbot_navigation2'
[1.223s] INFO:colcon.colcon_core.plugin_system:Skipping extension 'colcon_core.shell.bat': Not used on non-Windows systems
[1.223s] INFO:colcon.colcon_core.shell:Skip shell extension 'powershell' for command environment: Not usable outside of PowerShell
[1.223s] DEBUG:colcon.colcon_core.shell:Skip shell extension 'dsv' for command environment
[1.261s] DEBUG:colcon.colcon_core.event_handler.log_command:Invoking command in '/home/aiseon/navigation2_all/leg4_MPPI/build/fishbot_navigation2': CMAKE_PREFIX_PATH=${CMAKE_PREFIX_PATH}:/opt/ros/humble /usr/bin/cmake --build /home/aiseon/navigation2_all/leg4_MPPI/build/fishbot_navigation2 -- -j192 -l192
[1.414s] DEBUG:colcon.colcon_core.event_handler.log_command:Invoked command in '/home/aiseon/navigation2_all/leg4_MPPI/build/fishbot_navigation2' returned '0': CMAKE_PREFIX_PATH=${CMAKE_PREFIX_PATH}:/opt/ros/humble /usr/bin/cmake --build /home/aiseon/navigation2_all/leg4_MPPI/build/fishbot_navigation2 -- -j192 -l192
[1.452s] DEBUG:colcon.colcon_core.event_handler.log_command:Invoking command in '/home/aiseon/navigation2_all/leg4_MPPI/build/fishbot_navigation2': CMAKE_PREFIX_PATH=${CMAKE_PREFIX_PATH}:/opt/ros/humble /usr/bin/cmake --install /home/aiseon/navigation2_all/leg4_MPPI/build/fishbot_navigation2
[1.567s] Level 1:colcon.colcon_core.environment:create_environment_scripts_only(fishbot_navigation2)
[1.571s] DEBUG:colcon.colcon_core.event_handler.log_command:Invoked command in '/home/aiseon/navigation2_all/leg4_MPPI/build/fishbot_navigation2' returned '0': CMAKE_PREFIX_PATH=${CMAKE_PREFIX_PATH}:/opt/ros/humble /usr/bin/cmake --install /home/aiseon/navigation2_all/leg4_MPPI/build/fishbot_navigation2
[1.574s] Level 1:colcon.colcon_core.environment:checking '/home/aiseon/navigation2_all/leg4_MPPI/install/fishbot_navigation2' for CMake module files
[1.575s] Level 1:colcon.colcon_core.environment:checking '/home/aiseon/navigation2_all/leg4_MPPI/install/fishbot_navigation2' for CMake config files
[1.576s] Level 1:colcon.colcon_core.shell:create_environment_hook('fishbot_navigation2', 'cmake_prefix_path')
[1.576s] INFO:colcon.colcon_core.shell:Creating environment hook '/home/aiseon/navigation2_all/leg4_MPPI/install/fishbot_navigation2/share/fishbot_navigation2/hook/cmake_prefix_path.ps1'
[1.582s] INFO:colcon.colcon_core.shell:Creating environment descriptor '/home/aiseon/navigation2_all/leg4_MPPI/install/fishbot_navigation2/share/fishbot_navigation2/hook/cmake_prefix_path.dsv'
[1.583s] INFO:colcon.colcon_core.shell:Creating environment hook '/home/aiseon/navigation2_all/leg4_MPPI/install/fishbot_navigation2/share/fishbot_navigation2/hook/cmake_prefix_path.sh'
[1.588s] Level 1:colcon.colcon_core.environment:checking '/home/aiseon/navigation2_all/leg4_MPPI/install/fishbot_navigation2/bin'
[1.588s] Level 1:colcon.colcon_core.environment:checking '/home/aiseon/navigation2_all/leg4_MPPI/install/fishbot_navigation2/lib/pkgconfig/fishbot_navigation2.pc'
[1.589s] Level 1:colcon.colcon_core.environment:checking '/home/aiseon/navigation2_all/leg4_MPPI/install/fishbot_navigation2/lib/python3.10/site-packages'
[1.589s] Level 1:colcon.colcon_core.environment:checking '/home/aiseon/navigation2_all/leg4_MPPI/install/fishbot_navigation2/bin'
[1.590s] INFO:colcon.colcon_core.shell:Creating package script '/home/aiseon/navigation2_all/leg4_MPPI/install/fishbot_navigation2/share/fishbot_navigation2/package.ps1'
[1.591s] INFO:colcon.colcon_core.shell:Creating package descriptor '/home/aiseon/navigation2_all/leg4_MPPI/install/fishbot_navigation2/share/fishbot_navigation2/package.dsv'
[1.591s] INFO:colcon.colcon_core.shell:Creating package script '/home/aiseon/navigation2_all/leg4_MPPI/install/fishbot_navigation2/share/fishbot_navigation2/package.sh'
[1.592s] INFO:colcon.colcon_core.shell:Creating package script '/home/aiseon/navigation2_all/leg4_MPPI/install/fishbot_navigation2/share/fishbot_navigation2/package.bash'
[1.593s] INFO:colcon.colcon_core.shell:Creating package script '/home/aiseon/navigation2_all/leg4_MPPI/install/fishbot_navigation2/share/fishbot_navigation2/package.zsh'
[1.594s] Level 1:colcon.colcon_core.environment:create_file_with_runtime_dependencies(/home/aiseon/navigation2_all/leg4_MPPI/install/fishbot_navigation2/share/colcon-core/packages/fishbot_navigation2)
[1.599s] Level 1:colcon.colcon_core.environment:create_environment_scripts_only(fishbot_navigation2)
[1.599s] Level 1:colcon.colcon_core.environment:checking '/home/aiseon/navigation2_all/leg4_MPPI/install/fishbot_navigation2' for CMake module files
[1.600s] Level 1:colcon.colcon_core.environment:checking '/home/aiseon/navigation2_all/leg4_MPPI/install/fishbot_navigation2' for CMake config files
[1.600s] Level 1:colcon.colcon_core.shell:create_environment_hook('fishbot_navigation2', 'cmake_prefix_path')
[1.601s] INFO:colcon.colcon_core.shell:Creating environment hook '/home/aiseon/navigation2_all/leg4_MPPI/install/fishbot_navigation2/share/fishbot_navigation2/hook/cmake_prefix_path.ps1'
[1.601s] INFO:colcon.colcon_core.shell:Creating environment descriptor '/home/aiseon/navigation2_all/leg4_MPPI/install/fishbot_navigation2/share/fishbot_navigation2/hook/cmake_prefix_path.dsv'
[1.601s] INFO:colcon.colcon_core.shell:Creating environment hook '/home/aiseon/navigation2_all/leg4_MPPI/install/fishbot_navigation2/share/fishbot_navigation2/hook/cmake_prefix_path.sh'
[1.602s] Level 1:colcon.colcon_core.environment:checking '/home/aiseon/navigation2_all/leg4_MPPI/install/fishbot_navigation2/bin'
[1.607s] Level 1:colcon.colcon_core.environment:checking '/home/aiseon/navigation2_all/leg4_MPPI/install/fishbot_navigation2/lib/pkgconfig/fishbot_navigation2.pc'
[1.607s] Level 1:colcon.colcon_core.environment:checking '/home/aiseon/navigation2_all/leg4_MPPI/install/fishbot_navigation2/lib/python3.10/site-packages'
[1.608s] Level 1:colcon.colcon_core.environment:checking '/home/aiseon/navigation2_all/leg4_MPPI/install/fishbot_navigation2/bin'
[1.608s] INFO:colcon.colcon_core.shell:Creating package script '/home/aiseon/navigation2_all/leg4_MPPI/install/fishbot_navigation2/share/fishbot_navigation2/package.ps1'
[1.609s] INFO:colcon.colcon_core.shell:Creating package descriptor '/home/aiseon/navigation2_all/leg4_MPPI/install/fishbot_navigation2/share/fishbot_navigation2/package.dsv'
[1.609s] INFO:colcon.colcon_core.shell:Creating package script '/home/aiseon/navigation2_all/leg4_MPPI/install/fishbot_navigation2/share/fishbot_navigation2/package.sh'
[1.610s] INFO:colcon.colcon_core.shell:Creating package script '/home/aiseon/navigation2_all/leg4_MPPI/install/fishbot_navigation2/share/fishbot_navigation2/package.bash'
[1.614s] INFO:colcon.colcon_core.shell:Creating package script '/home/aiseon/navigation2_all/leg4_MPPI/install/fishbot_navigation2/share/fishbot_navigation2/package.zsh'
[1.615s] Level 1:colcon.colcon_core.environment:create_file_with_runtime_dependencies(/home/aiseon/navigation2_all/leg4_MPPI/install/fishbot_navigation2/share/colcon-core/packages/fishbot_navigation2)
[1.615s] DEBUG:colcon.colcon_parallel_executor.executor.parallel:closing loop
[1.616s] DEBUG:colcon.colcon_parallel_executor.executor.parallel:loop closed
[1.616s] DEBUG:colcon.colcon_parallel_executor.executor.parallel:run_until_complete finished with '0'
[1.616s] DEBUG:colcon.colcon_core.event_reactor:joining thread
[1.633s] INFO:colcon.colcon_core.plugin_system:Skipping extension 'colcon_notification.desktop_notification.terminal_notifier': Not used on non-Darwin systems
[1.633s] INFO:colcon.colcon_core.plugin_system:Skipping extension 'colcon_notification.desktop_notification.win32': Not used on non-Windows systems
[1.633s] INFO:colcon.colcon_notification.desktop_notification:Sending desktop notification using 'notify2'
[1.654s] DEBUG:colcon.colcon_core.event_reactor:joined thread
[1.654s] INFO:colcon.colcon_core.shell:Creating prefix script '/home/aiseon/navigation2_all/leg4_MPPI/install/local_setup.ps1'
[1.656s] INFO:colcon.colcon_core.shell:Creating prefix util module '/home/aiseon/navigation2_all/leg4_MPPI/install/_local_setup_util_ps1.py'
[1.662s] INFO:colcon.colcon_core.shell:Creating prefix chain script '/home/aiseon/navigation2_all/leg4_MPPI/install/setup.ps1'
[1.663s] INFO:colcon.colcon_core.shell:Creating prefix script '/home/aiseon/navigation2_all/leg4_MPPI/install/local_setup.sh'
[1.664s] INFO:colcon.colcon_core.shell:Creating prefix util module '/home/aiseon/navigation2_all/leg4_MPPI/install/_local_setup_util_sh.py'
[1.665s] INFO:colcon.colcon_core.shell:Creating prefix chain script '/home/aiseon/navigation2_all/leg4_MPPI/install/setup.sh'
[1.670s] INFO:colcon.colcon_core.shell:Creating prefix script '/home/aiseon/navigation2_all/leg4_MPPI/install/local_setup.bash'
[1.671s] INFO:colcon.colcon_core.shell:Creating prefix chain script '/home/aiseon/navigation2_all/leg4_MPPI/install/setup.bash'
[1.672s] INFO:colcon.colcon_core.shell:Creating prefix script '/home/aiseon/navigation2_all/leg4_MPPI/install/local_setup.zsh'
[1.673s] INFO:colcon.colcon_core.shell:Creating prefix chain script '/home/aiseon/navigation2_all/leg4_MPPI/install/setup.zsh'
